Microchip Technology Inc, v3.21 (B)

Tool Name:
  c:\program files\microchip\xc-dsc\v3.21\bin\bin\..\bin/elf-ld.exe

Command:
  -p33EP256GP506 \
  --mdfp=C:/Program Files/Microchip/MPLABX/v6.20/packs/Microchip/dsPIC33E-GM-GP-MC-GU-MU_DFP/1.5.258/xc16 \
  -o \
  dist/default/debug/AQ_OBD.X.debug.elf \
  -Lc:/program files/microchip/xc-dsc/v3.21/bin/bin/.. \
  -LC:/Program Files/Microchip/MPLABX/v6.20/packs/Microchip/dsPIC33E-GM-GP-MC-GU-MU_DFP/1.5.258/xc16/bin/../support/PIC24E/gld \
  -LC:/Program Files/Microchip/MPLABX/v6.20/packs/Microchip/dsPIC33E-GM-GP-MC-GU-MU_DFP/1.5.258/xc16/bin/../support/dsPIC33E/gld \
  -Lc:/program files/microchip/xc-dsc/v3.21/bin/bin/../../lib \
  -Lc:/program files/microchip/xc-dsc/v3.21/bin/bin/../../support/dsPIC30F/gld \
  -Lc:/program files/microchip/xc-dsc/v3.21/bin/bin/../../support/dsPIC33C/gld \
  -Lc:/program files/microchip/xc-dsc/v3.21/bin/bin/../../support/dsPIC33E/gld \
  -Lc:/program files/microchip/xc-dsc/v3.21/bin/bin/../../support/dsPIC33A/gld \
  -Lc:/program files/microchip/xc-dsc/v3.21/bin/bin/../../support/dsPIC33F/gld \
  build/default/debug/mcc_generated_files/mcc.o \
  build/default/debug/mcc_generated_files/where_was_i.o \
  build/default/debug/mcc_generated_files/pin_manager.o \
  build/default/debug/mcc_generated_files/traps.o \
  build/default/debug/mcc_generated_files/reset.o \
  build/default/debug/mcc_generated_files/clock.o \
  build/default/debug/mcc_generated_files/interrupt_manager.o \
  build/default/debug/mcc_generated_files/system.o \
  build/default/debug/flash.o \
  build/default/debug/mcc_generated_files/tmr1.o \
  build/default/debug/mcc_generated_files/uart1.o \
  build/default/debug/mcc_generated_files/adc1.o \
  build/default/debug/main.o \
  build/default/debug/nvmpic.o \
  build/default/debug/commands.o \
  build/default/debug/PM.o \
  build/default/debug/parameters.o \
  build/default/debug/mcc_generated_files/parser.o \
  build/default/debug/mcc_generated_files/gpios.o \
  build/default/debug/can1.o \
  build/default/debug/delay.o \
  --local-stack \
  --defsym=__MPLAB_BUILD=1 \
  --defsym=__MPLAB_DEBUG=1 \
  --defsym=__DEBUG=1 \
  --defsym=__MPLAB_DEBUGGER_PK3=1 \
  -Tp33EP256GP506.gld.07 \
  --stack=16 \
  --check-sections \
  --data-init \
  --pack-data \
  --handles \
  --isr \
  --no-gc-sections \
  --fill-upper=0 \
  --stackguard=16 \
  --no-force-link \
  --smart-io \
  -Map=dist/default/debug/AQ_OBD.X.debug.map \
  --report-mem \
  --memorysummary \
  dist/default/debug/memoryfile.xml \
  -start-group \
  --library=c99-pic30-elf \
  --library=m-elf \
  --library=c99-elf \
  -end-group \
  -TC:\\Users\\irtaz\\AppData\\Local\\Temp\\tmp0000262c.00 \
  -TC:\\Users\\irtaz\\AppData\\Local\\Temp\\tmp0000262c.01 \
  -TC:\\Users\\irtaz\\AppData\\Local\\Temp\\tmp0000262c.02 \
  -TC:\\Users\\irtaz\\AppData\\Local\\Temp\\tmp0000262c.03 \
  -TC:\\Users\\irtaz\\AppData\\Local\\Temp\\tmp0000262c.04 \
  -TC:\\Users\\irtaz\\AppData\\Local\\Temp\\tmp0000262c.05 \
  -TC:\\Users\\irtaz\\AppData\\Local\\Temp\\tmp0000262c.06 \


Optional library libp33EP256GP506.a not found
Archive member included to satisfy reference by file (symbol)

c:/program files/microchip/xc-dsc/v3.21/bin/bin/../../lib\libc99-pic30-elf.a(crt_start_mode_normal.EPMeo)
                              (__crt_start_mode_normal)
c:/program files/microchip/xc-dsc/v3.21/bin/bin/../../lib\libc99-pic30-elf.a(delay32.EPMeo)
                              build/default/debug/main.o (___delay32)
c:/program files/microchip/xc-dsc/v3.21/bin/bin/../../lib\libc99-pic30-elf.a(crt0_extendedep.o)
                              (__resetPRI)
c:/program files/microchip/xc-dsc/v3.21/bin/bin/../../lib\libc99-pic30-elf.a(data_init_extended.o)
                              c:/program files/microchip/xc-dsc/v3.21/bin/bin/../../lib\libc99-pic30-elf.a(crt0_extendedep.o) (__data_init_extended)
c:/program files/microchip/xc-dsc/v3.21/bin/bin/../../lib\libc99-pic30-elf.a(feqltle.EP_o)
                              build/default/debug/PM.o (___ltsf2)
c:/program files/microchip/xc-dsc/v3.21/bin/bin/../../lib\libc99-pic30-elf.a(fgtge.EP_o)
                              build/default/debug/PM.o (___gtsf2)
c:/program files/microchip/xc-dsc/v3.21/bin/bin/../../lib\libc99-pic30-elf.a(fixunssfsi.EP_o)
                              build/default/debug/mcc_generated_files/uart1.o (___fixunssfsi)
c:/program files/microchip/xc-dsc/v3.21/bin/bin/../../lib\libc99-pic30-elf.a(floatsisf.EP_o)
                              build/default/debug/nvmpic.o (___floatsisf)
c:/program files/microchip/xc-dsc/v3.21/bin/bin/../../lib\libc99-pic30-elf.a(floatunsisf.EP_o)
                              build/default/debug/mcc_generated_files/uart1.o (___floatunsisf)
c:/program files/microchip/xc-dsc/v3.21/bin/bin/../../lib\libc99-pic30-elf.a(funpack.EP_o)
                              c:/program files/microchip/xc-dsc/v3.21/bin/bin/../../lib\libc99-pic30-elf.a(fixunssfsi.EP_o) (__funpack)
[...]
Memory Configuration

Name             Origin             Length             Attributes
data             0x001000           0x008000           a !xr
reset            0x000000           0x000004  
ivt              0x000004           0x0001fc  
program          0x000200           0x02adec           xr
FICD             0x02aff0           0x000002  
FPOR             0x02aff2           0x000002  
FWDT             0x02aff4           0x000002  
FOSC             0x02aff6           0x000002  
FOSCSEL          0x02aff8           0x000002  
FGS              0x02affa           0x000002  
FUID0            0x800ff8           0x000002  
FUID1            0x800ffa           0x000002  
FUID2            0x800ffc           0x000002  
FUID3            0x800ffe           0x000002  
*default*        0x000000           0xffffffff  

Linker script and memory map

LOAD build/default/debug/mcc_generated_files/mcc.o
LOAD build/default/debug/mcc_generated_files/where_was_i.o
LOAD build/default/debug/mcc_generated_files/pin_manager.o
LOAD build/default/debug/mcc_generated_files/traps.o
LOAD build/default/debug/mcc_generated_files/reset.o
LOAD build/default/debug/mcc_generated_files/clock.o
LOAD build/default/debug/mcc_generated_files/interrupt_manager.o
LOAD build/default/debug/mcc_generated_files/system.o
LOAD build/default/debug/flash.o
LOAD build/default/debug/mcc_generated_files/tmr1.o
LOAD build/default/debug/mcc_generated_files/uart1.o
LOAD build/default/debug/mcc_generated_files/adc1.o
LOAD build/default/debug/main.o
LOAD build/default/debug/nvmpic.o
LOAD build/default/debug/commands.o
LOAD build/default/debug/PM.o
LOAD build/default/debug/parameters.o
LOAD build/default/debug/mcc_generated_files/parser.o
LOAD build/default/debug/mcc_generated_files/gpios.o
LOAD build/default/debug/can1.o
LOAD build/default/debug/delay.o
                    0x0001                  __MPLAB_BUILD = 0x1
                    0x0001                  __MPLAB_DEBUG = 0x1
                    0x0001                  __DEBUG = 0x1
                    0x0001                  __MPLAB_DEBUGGER_PK3 = 0x1
LOAD p33EP256GP506
LOAD c:/program files/microchip/xc-dsc/v3.21/bin/bin/../../lib\libfx-elf.a
                    0x2aff0                  __FICD = 0x2aff0
                    0x2aff2                  __FPOR = 0x2aff2
                    0x2aff4                  __FWDT = 0x2aff4
                    0x2aff6                  __FOSC = 0x2aff6
                    0x2aff8                  __FOSCSEL = 0x2aff8
                    0x2affa                  __FGS = 0x2affa
                    0x800ff8                  __FUID0 = 0x800ff8
                    0x800ffa                  __FUID1 = 0x800ffa
                    0x800ffc                  __FUID2 = 0x800ffc
                    0x800ffe                  __FUID3 = 0x800ffe
                    0x0200                  __CODE_BASE = 0x200
                    0x2adec                  __CODE_LENGTH = 0x2adec
                    0x0004                  __IVT_BASE = 0x4
                    0x1000                  __DATA_BASE = 0x1000
                    0x8000                  __DATA_LENGTH = 0x8000
                    0x5000                  __YDATA_BASE = 0x5000
                    0x9000                  __YDATA_END = 0x9000

.reset            0x000000          0x4
                  0x000000          0x1 SHORT 0x200 ABSOLUTE (__reset)
                  0x000001          0x1 SHORT 0x4
                  0x000002          0x1 SHORT 0x0 ((ABSOLUTE (__reset) >> 0x10) & 0x7f)
                  0x000003          0x1 SHORT 0x0

.text             0x000200       0x59ca
 *(.init)
 .init            0x000200         0x48 c:/program files/microchip/xc-dsc/v3.21/bin/bin/../../lib\libc99-pic30-elf.a(crt0_extendedep.o)
                  0x000200                  __resetPRI
                  0x000200                  __reset
                  0x00023c                  __psv_init
 .init            0x000248         0xb2 c:/program files/microchip/xc-dsc/v3.21/bin/bin/../../lib\libc99-pic30-elf.a(data_init_extended.o)
                  0x000248                  __data_init
                  0x000248                  __data_init_extended
 *(.user_init)
 *(.handle)
 .handle          0x0002fa         0x24 jump_table
 *(.isr*)
 .isr.isr.text    0x00031e         0xfc build/default/debug/mcc_generated_files/traps.o
                  0x00031e                  __OscillatorFail
                  0x000340                  __StackError
                  0x000364                  __AddressError
                  0x000386                  __MathError
                  0x0003a8                  __DMACError
                  0x0003ca                  __HardTrapError
                  0x0003ec                  __SoftTrapError
 .isr.isr.text    0x00041a         0x32 build/default/debug/mcc_generated_files/tmr1.o
                  0x00041a                  __T1Interrupt
 .isr.isr.text    0x00044c          0xa build/default/debug/mcc_generated_files/uart1.o
                  0x00044c                  __U1RXInterrupt
 .isr.isr.text    0x000456         0x44 build/default/debug/mcc_generated_files/adc1.o
                  0x000456                  __AD1Interrupt
 .isr.isr.text    0x00049a         0x96 build/default/debug/PM.o
                  0x00049a                  __CNInterrupt
 .isr.isr.text    0x000530         0x2a build/default/debug/delay.o
                  0x000530                  __T3Interrupt
 .isr             0x00055a          0x4 default_isr
                  0x00055a                  __DefaultInterrupt
 *(.libc)
 .libc            0x00055e         0x1c c:/program files/microchip/xc-dsc/v3.21/bin/bin/../../lib\libc99-pic30-elf.a(delay32.EPMeo)
                  0x00055e                  ___delay32
 .libc            0x00057a         0x70 c:/program files/microchip/xc-dsc/v3.21/bin/bin/../../lib\libc99-pic30-elf.a(read.EPMeo)
                  0x00057a                  _read
 .libc            0x0005ea          0x4 c:/program files/microchip/xc-dsc/v3.21/bin/bin/../../lib\libc99-pic30-elf.a(close.EPMeo)
                  0x0005ea                  _close
 .libc            0x0005ee         0x74 c:/program files/microchip/xc-dsc/v3.21/bin/bin/../../lib\libc99-pic30-elf.a(write.EPMeo)
                  0x0005ee                  _write
 .libc            0x000662         0x2a c:/program files/microchip/xc-dsc/v3.21/bin/bin/../../lib\libc99-pic30-elf.a(sbrk.EPMeo)
                  0x000662                  _sbrk
 .libc            0x00068c         0x18 c:/program files/microchip/xc-dsc/v3.21/bin/bin/../../lib\libc99-pic30-elf.a(brk.EPMeo)
                  0x00068c                  _brk
 *(.libm)
 *(.libdsp)
 *(.lib*)
 .libpic30_crt_start_mode
                  0x0006a4          0x2 c:/program files/microchip/xc-dsc/v3.21/bin/bin/../../lib\libc99-pic30-elf.a(crt_start_mode_normal.EPMeo)
                  0x0006a4                  __crt_start_mode
                  0x0006a4                  __crt_start_mode_normal
 .libm.eqsf2      0x0006a6          0x4 c:/program files/microchip/xc-dsc/v3.21/bin/bin/../../lib\libc99-pic30-elf.a(feqltle.EP_o)
                  0x0006a6                  ___eqsf2
                  0x0006a6                  ___ltsf2
                  0x0006a6                  ___lesf2
 .libm.gtsf2      0x0006aa          0x4 c:/program files/microchip/xc-dsc/v3.21/bin/bin/../../lib\libc99-pic30-elf.a(fgtge.EP_o)
                  0x0006aa                  ___gesf2
                  0x0006aa                  ___gtsf2
 .libm.fixunssfsi
                  0x0006ae         0x36 c:/program files/microchip/xc-dsc/v3.21/bin/bin/../../lib\libc99-pic30-elf.a(fixunssfsi.EP_o)
                  0x0006ae                  ___fixunssfsi
 .libm.floatsisf
                  0x0006e4          0x6 c:/program files/microchip/xc-dsc/v3.21/bin/bin/../../lib\libc99-pic30-elf.a(floatsisf.EP_o)
                  0x0006e4                  ___floatsisf
 .libm.floatunsisf
                  0x0006ea          0x4 c:/program files/microchip/xc-dsc/v3.21/bin/bin/../../lib\libc99-pic30-elf.a(floatunsisf.EP_o)
                  0x0006ea                  ___floatunsisf
 .libm.funpack    0x0006ee         0x2a c:/program files/microchip/xc-dsc/v3.21/bin/bin/../../lib\libc99-pic30-elf.a(funpack.EP_o)
                  0x0006ee                  __funpack
 .libm.udivsi3    0x000718         0x20 c:/program files/microchip/xc-dsc/v3.21/bin/bin/../../lib\libc99-pic30-elf.a(udivsi3.EP_o)
                  0x000718                  ___udivsi3
 .libmx           0x000738        0x1dc c:/program files/microchip/xc-dsc/v3.21/bin/bin/../../lib\libc99-pic30-elf.a(addsf3x.EP_o)
                  0x000738                  ___subsf3x
                  0x000738                  ___subsf3
                  0x00074a                  ___addsf3x
                  0x00074a                  ___addsf3
 .libmx           0x000914        0x1be c:/program files/microchip/xc-dsc/v3.21/bin/bin/../../lib\libc99-pic30-elf.a(divsf3x.EP_o)
                  0x000914                  ___divsf3x
                  0x000914                  ___divsf3
                  0x000aa6                  __sdivf
 .libmx           0x000ad2        0x10c c:/program files/microchip/xc-dsc/v3.21/bin/bin/../../lib\libc99-pic30-elf.a(mulsf3x.EP_o)
                  0x000ad2                  ___mulsf3x
                  0x000ad2                  ___mulsf3
 .libmx           0x000bde         0x54 c:/program files/microchip/xc-dsc/v3.21/bin/bin/../../lib\libc99-pic30-elf.a(dnrmpackfx.EP_o)
                  0x000bde                  __dnrmpackf
 .libmx           0x000c32         0x5e c:/program files/microchip/xc-dsc/v3.21/bin/bin/../../lib\libc99-pic30-elf.a(unpackdnrmfx.EP_o)
                  0x000c32                  __unpackdnrmf
 .libmx           0x000c90         0x34 c:/program files/microchip/xc-dsc/v3.21/bin/bin/../../lib\libc99-pic30-elf.a(typefx.EP_o)
                  0x000c90                  __typef
 .libmx           0x000cc4         0x12 c:/program files/microchip/xc-dsc/v3.21/bin/bin/../../lib\libc99-pic30-elf.a(propnanfx.EP_o)
                  0x000cc4                  __propnanf
 .libmx           0x000cd6         0xa6 c:/program files/microchip/xc-dsc/v3.21/bin/bin/../../lib\libc99-pic30-elf.a(spackfx.EP_o)
                  0x000cd6                  __spackf
 .libmx           0x000d7c         0x66 c:/program files/microchip/xc-dsc/v3.21/bin/bin/../../lib\libc99-pic30-elf.a(unpackfx.EP_o)
                  0x000d7c                  __unpackf
 .libm.fcompare
                  0x000de2         0x36 c:/program files/microchip/xc-dsc/v3.21/bin/bin/../../lib\libc99-pic30-elf.a(fcompare.EP_o)
                  0x000de2                  __fcompare
 .libm.floatdisf
                  0x000e18         0x20 c:/program files/microchip/xc-dsc/v3.21/bin/bin/../../lib\libc99-pic30-elf.a(floatdisf.EP_o)
                  0x000e18                  ___floatdisf
 .libm.floatundisf
                  0x000e38         0x5e c:/program files/microchip/xc-dsc/v3.21/bin/bin/../../lib\libc99-pic30-elf.a(floatundisf.EP_o)
                  0x000e38                  ___floatundisf
 .libm.fpack      0x000e96         0x4c c:/program files/microchip/xc-dsc/v3.21/bin/bin/../../lib\libc99-pic30-elf.a(fpack.EP_o)
                  0x000e96                  __fpack
 .libm.funpack2
                  0x000ee2         0x10 c:/program files/microchip/xc-dsc/v3.21/bin/bin/../../lib\libc99-pic30-elf.a(funpack2.EP_o)
                  0x000ee2                  __funpack2
 .libc.__wrap_snprintf
                  0x000ef2          0xc c:/program files/microchip/xc-dsc/v3.21/bin/bin/../../lib\libc99-elf.a(__sio_snprintf_dosux.EP_o)
                  0x000ef2                  __dsnprintf_cdnopsuxX
                  0x000ef2                  __snprintf_cdnopsuxX
 .libc.__sio_snprintf_dosux
                  0x000efe          0xe c:/program files/microchip/xc-dsc/v3.21/bin/bin/../../lib\libc99-elf.a(__sio_snprintf_dosux.EP_o)
                  0x000efe                  ___sio_snprintf_dosux
 .libc.__simple_search_fl
                  0x000f0c         0x68 c:/program files/microchip/xc-dsc/v3.21/bin/bin/../../lib\libc99-elf.a(lite_free.EP_o)
                  0x000f0c                  ___simple_search_fl
 .libc.__simple_free
                  0x000f74         0x2e c:/program files/microchip/xc-dsc/v3.21/bin/bin/../../lib\libc99-elf.a(lite_free.EP_o)
                  0x000f74                  ___free0
                  0x000f74                  ___simple_free
                  0x000f74                  _free
 .libc.memcpy     0x000fa2          0xe c:/program files/microchip/xc-dsc/v3.21/bin/bin/../../lib\libc99-elf.a(memcpy.EP_o)
                  0x000fa2                  _memcpy
 .libc.__strdup
                  0x000fb0         0x1a c:/program files/microchip/xc-dsc/v3.21/bin/bin/../../lib\libc99-elf.a(strdup.EP_o)
                  0x000fb0                  _strdup
                  0x000fb0                  ___strdup
 .libc.strlen     0x000fca         0x36 c:/program files/microchip/xc-dsc/v3.21/bin/bin/../../lib\libc99-elf.a(strlen.EP_o)
                  0x000fca                  _strlen
 .libc.strncmp    0x001000         0x28 c:/program files/microchip/xc-dsc/v3.21/bin/bin/../../lib\libc99-elf.a(strncmp.EP_o)
                  0x001000                  _strncmp
 .libc.twoway_strstr
                  0x001028        0x1a6 c:/program files/microchip/xc-dsc/v3.21/bin/bin/../../lib\libc99-elf.a(strstr.EP_o)
 .libc.strstr     0x0011ce        0x142 c:/program files/microchip/xc-dsc/v3.21/bin/bin/../../lib\libc99-elf.a(strstr.EP_o)
                  0x0011ce                  _strstr
 .libc.strtox     0x001310         0x5e c:/program files/microchip/xc-dsc/v3.21/bin/bin/../../lib\libc99-elf.a(strtod.EP_o)
 .libc.strtof     0x00136e          0x6 c:/program files/microchip/xc-dsc/v3.21/bin/bin/../../lib\libc99-elf.a(strtod.EP_o)
                  0x00136e                  ___strtof_l
                  0x00136e                  _strtof
                  0x00136e                  _strtof_l
 .libc.strtod     0x001374          0x6 c:/program files/microchip/xc-dsc/v3.21/bin/bin/../../lib\libc99-elf.a(strtod.EP_o)
                  0x001374                  ___strtod_l
                  0x001374                  _strtod
                  0x001374                  _strtod_l
 .libc.strtold    0x00137a          0x4 c:/program files/microchip/xc-dsc/v3.21/bin/bin/../../lib\libc99-elf.a(strtod.EP_o)
                  0x00137a                  _strtold_l
                  0x00137a                  _strtold
                  0x00137a                  ___strtold_l
 .libc.strtok     0x00137e         0x3e c:/program files/microchip/xc-dsc/v3.21/bin/bin/../../lib\libc99-elf.a(strtok.EP_o)
                  0x00137e                  _strtok
 .libc.strtox     0x0013bc         0x52 c:/program files/microchip/xc-dsc/v3.21/bin/bin/../../lib\libc99-elf.a(strtol.EP_o)
 .libc.strtoull
                  0x00140e          0xa c:/program files/microchip/xc-dsc/v3.21/bin/bin/../../lib\libc99-elf.a(strtol.EP_o)
                  0x00140e                  ___strtoull_internal
                  0x00140e                  _strtoull
 .libc.strtoll    0x001418          0x8 c:/program files/microchip/xc-dsc/v3.21/bin/bin/../../lib\libc99-elf.a(strtol.EP_o)
                  0x001418                  _strtoll
                  0x001418                  ___strtoll_internal
 .libc.strtoul    0x001420          0x8 c:/program files/microchip/xc-dsc/v3.21/bin/bin/../../lib\libc99-elf.a(strtol.EP_o)
                  0x001420                  _strtoul
                  0x001420                  ___strtoul_internal
 .libc.strtol     0x001428          0x8 c:/program files/microchip/xc-dsc/v3.21/bin/bin/../../lib\libc99-elf.a(strtol.EP_o)
                  0x001428                  _strtol
                  0x001428                  ___strtol_internal
 .libc.strtoimax
                  0x001430          0x2 c:/program files/microchip/xc-dsc/v3.21/bin/bin/../../lib\libc99-elf.a(strtol.EP_o)
                  0x001430                  ___strtoimax_internal
                  0x001430                  _strtoimax
 .libc.strtoumax
                  0x001432          0x2 c:/program files/microchip/xc-dsc/v3.21/bin/bin/../../lib\libc99-elf.a(strtol.EP_o)
                  0x001432                  _strtoumax
                  0x001432                  ___strtoumax_internal
 .libc.__fmt_d    0x001434         0xb0 c:/program files/microchip/xc-dsc/v3.21/bin/bin/../../lib\libc99-elf.a(__fmt_d.EP_o)
                  0x001434                  ___fmt_d
                  0x001434                  ___fmt_d_needed
 .libc.__fmt_o    0x0014e4         0x76 c:/program files/microchip/xc-dsc/v3.21/bin/bin/../../lib\libc99-elf.a(__fmt_o.EP_o)
                  0x0014e4                  ___fmt_o
                  0x0014e4                  ___fmt_o_needed
 .libc.__fmt_s    0x00155a         0x52 c:/program files/microchip/xc-dsc/v3.21/bin/bin/../../lib\libc99-elf.a(__fmt_s.EP_o)
                  0x00155a                  ___fmt_0_needed
                  0x00155a                  ___fmt_s_needed
                  0x00155a                  ___fmt_s
 .libc.__fmt_u    0x0015ac         0x56 c:/program files/microchip/xc-dsc/v3.21/bin/bin/../../lib\libc99-elf.a(__fmt_u.EP_o)
                  0x0015ac                  ___fmt_u
                  0x0015ac                  ___fmt_u_needed
 .libc.__fmt_x    0x001602        0x12c c:/program files/microchip/xc-dsc/v3.21/bin/bin/../../lib\libc99-elf.a(__fmt_x.EP_o)
                  0x001602                  ___fmt_x_needed
                  0x001602                  ___fmt_x
 .libc.__vsnprintf
                  0x00172e         0x3e c:/program files/microchip/xc-dsc/v3.21/bin/bin/../../lib\libc99-elf.a(__int_vsnprintf.EP_o)
                  0x00172e                  ___vsnprintf
 .libc.__string_out
                  0x00176c         0x28 c:/program files/microchip/xc-dsc/v3.21/bin/bin/../../lib\libc99-elf.a(__printf_core.EP_o)
 .libc.__pad      0x001794         0x74 c:/program files/microchip/xc-dsc/v3.21/bin/bin/../../lib\libc99-elf.a(__printf_core.EP_o)
                  0x001794                  ___pad
 .libc.__dummy_fmt3
                  0x001808          0x2 c:/program files/microchip/xc-dsc/v3.21/bin/bin/../../lib\libc99-elf.a(__printf_core.EP_o)
 .libc.__dummy_fmt4
                  0x00180a          0x2 c:/program files/microchip/xc-dsc/v3.21/bin/bin/../../lib\libc99-elf.a(__printf_core.EP_o)
                  0x00180a                  ___fmt_a
 .libc.__dummy_fmts
                  0x00180c          0x2 c:/program files/microchip/xc-dsc/v3.21/bin/bin/../../lib\libc99-elf.a(__printf_core.EP_o)
 .libc.__fmt_state
                  0x00180e         0x2a c:/program files/microchip/xc-dsc/v3.21/bin/bin/../../lib\libc99-elf.a(__printf_core.EP_o)
                  0x00180e                  ___fmt_state
 .libc.__printf_core
                  0x001838        0x338 c:/program files/microchip/xc-dsc/v3.21/bin/bin/../../lib\libc99-elf.a(__printf_core.EP_o)
                  0x001838                  ___printf_core
 .libc.scanexp    0x001b70        0x180 c:/program files/microchip/xc-dsc/v3.21/bin/bin/../../lib\libc99-elf.a(floatscan.EP_o)
 .libc.decfloat
                  0x001cf0        0x930 c:/program files/microchip/xc-dsc/v3.21/bin/bin/../../lib\libc99-elf.a(floatscan.EP_o)
 .libc.__floatscan
                  0x002620        0x79a c:/program files/microchip/xc-dsc/v3.21/bin/bin/../../lib\libc99-elf.a(floatscan.EP_o)
                  0x002620                  ___floatscan
 .libc.__intscan
                  0x002dba        0x460 c:/program files/microchip/xc-dsc/v3.21/bin/bin/../../lib\libc99-elf.a(intscan.EP_o)
                  0x002dba                  ___intscan
 .libc.__simple_malloc
                  0x00321a         0x7a c:/program files/microchip/xc-dsc/v3.21/bin/bin/../../lib\libc99-elf.a(lite_malloc.EP_o)
                  0x00321a                  ___malloc0
                  0x00321a                  _malloc
                  0x00321a                  ___simple_malloc
 .libc.memchr     0x003294         0x5e c:/program files/microchip/xc-dsc/v3.21/bin/bin/../../lib\libc99-elf.a(memchr.EP_o)
                  0x003294                  _memchr
 .libc.memcmp     0x0032f2         0x1e c:/program files/microchip/xc-dsc/v3.21/bin/bin/../../lib\libc99-elf.a(memcmp.EP_o)
                  0x0032f2                  _memcmp
 .libc.memset     0x003310          0xe c:/program files/microchip/xc-dsc/v3.21/bin/bin/../../lib\libc99-elf.a(memset.EP_o)
                  0x003310                  _memset
 .libc.__shlim    0x00331e         0x44 c:/program files/microchip/xc-dsc/v3.21/bin/bin/../../lib\libc99-elf.a(shgetc.EP_o)
                  0x00331e                  ___shlim
 .libc.__shgetc
                  0x003362        0x122 c:/program files/microchip/xc-dsc/v3.21/bin/bin/../../lib\libc99-elf.a(shgetc.EP_o)
                  0x003362                  ___shgetc
 .libc.strcspn    0x003484         0x66 c:/program files/microchip/xc-dsc/v3.21/bin/bin/../../lib\libc99-elf.a(strcspn.EP_o)
                  0x003484                  _strcspn
 .libc.strspn     0x0034ea         0x64 c:/program files/microchip/xc-dsc/v3.21/bin/bin/../../lib\libc99-elf.a(strspn.EP_o)
                  0x0034ea                  _strspn
 .libc.__cvt_u    0x00354e         0xcc c:/program files/microchip/xc-dsc/v3.21/bin/bin/../../lib\libc99-elf.a(__cvt_u.EP_o)
                  0x00354e                  ___cvt_u
 .libc.__vfprintf
                  0x00361a         0x1a c:/program files/microchip/xc-dsc/v3.21/bin/bin/../../lib\libc99-elf.a(__int_vfprintf.EP_o)
                  0x00361a                  ___vfprintf
 .libc.__uflow    0x003634         0x28 c:/program files/microchip/xc-dsc/v3.21/bin/bin/../../lib\libc99-elf.a(__uflow.EP_o)
                  0x003634                  ___uflow
 .libc.__expand_heap
                  0x00365c         0x10 c:/program files/microchip/xc-dsc/v3.21/bin/bin/../../lib\libc99-elf.a(expand_heap.EP_o)
                  0x00365c                  ___expand_heap
 .libc.__strchrnul
                  0x00366c         0x5c c:/program files/microchip/xc-dsc/v3.21/bin/bin/../../lib\libc99-elf.a(strchrnul.EP_o)
                  0x00366c                  ___strchrnul
                  0x00366c                  _strchrnul
 .libc.__toread
                  0x0036c8         0x48 c:/program files/microchip/xc-dsc/v3.21/bin/bin/../../lib\libc99-elf.a(__toread.EP_o)
                  0x0036c8                  ___toread
 .libc.__toread_needs_stdio_exit
                  0x003710          0x2 c:/program files/microchip/xc-dsc/v3.21/bin/bin/../../lib\libc99-elf.a(__toread.EP_o)
                  0x003710                  ___toread_needs_stdio_exit
 .libc.__dummy    0x003712          0x2 c:/program files/microchip/xc-dsc/v3.21/bin/bin/../../lib\libc99-elf.a(__stdio_exit.EP_o)
                  0x003712                  ___stdio_exit_ofl
 .libc.__dummy1
                  0x003714          0x2 c:/program files/microchip/xc-dsc/v3.21/bin/bin/../../lib\libc99-elf.a(__stdio_exit.EP_o)
 .libc.__stdio_exit
                  0x003716         0x14 c:/program files/microchip/xc-dsc/v3.21/bin/bin/../../lib\libc99-elf.a(__stdio_exit.EP_o)
                  0x003716                  ___stdio_exit_needed
                  0x003716                  ___stdio_exit
 .libc.__wrap_sprintf
                  0x00372a          0xc c:/program files/microchip/xc-dsc/v3.21/bin/bin/../../lib\libc99-elf.a(__sio_sprintf_dfosux.EP_o)
                  0x00372a                  __sprintf_cdeEfFgGnopsuxX
                  0x00372a                  __sprintf_cdfFgGnopsuxX
                  0x00372a                  __sprintf_cdgGnopsuxX
                  0x00372a                  __dsprintf_cdeEfFgGnopsuxX
                  0x00372a                  __dsprintf_cdfFnopsuxX
                  0x00372a                  __dsprintf_cdeEnopsuxX
                  0x00372a                  __sprintf_cdeEfFnopsuxX
                  0x00372a                  __sprintf_cdeEgGnopsuxX
                  0x00372a                  __sprintf_cdfFnopsuxX
                  0x00372a                  __dsprintf_cdeEfFnopsuxX
                  0x00372a                  __dsprintf_cdeEgGnopsuxX
                  0x00372a                  __dsprintf_cdfFgGnopsuxX
                  0x00372a                  __dsprintf_cdgGnopsuxX
                  0x00372a                  __sprintf_cdeEnopsuxX
 .libc.__sio_sprintf_dfosux
                  0x003736         0x12 c:/program files/microchip/xc-dsc/v3.21/bin/bin/../../lib\libc99-elf.a(__sio_sprintf_dfosux.EP_o)
                  0x003736                  ___sio_sprintf_dfosux
 .libc.__fmt_fp
                  0x003748        0x56a c:/program files/microchip/xc-dsc/v3.21/bin/bin/../../lib\libc99-elf.a(__fmt_fp.EP_o)
                  0x003748                  ___fmt_f_needed
                  0x003748                  ___fmt_fp
 .libc.__vsprintf
                  0x003cb2          0x8 c:/program files/microchip/xc-dsc/v3.21/bin/bin/../../lib\libc99-elf.a(__int_vsprintf.EP_o)
                  0x003cb2                  ___vsprintf
 .libc.__wrap_sprintf
                  0x003cba          0xc c:/program files/microchip/xc-dsc/v3.21/bin/bin/../../lib\libc99-elf.a(__sio_sprintf_dfoux.EP_o)
                  0x003cba                  __dsprintf_cdeEgGnopuxX
                  0x003cba                  __sprintf_cdeEgGnopuxX
                  0x003cba                  __sprintf_cdfFnopuxX
                  0x003cba                  __dsprintf_cdgGnopuxX
                  0x003cba                  __dsprintf_cdeEfFnopuxX
                  0x003cba                  __dsprintf_cdeEfFgGnopuxX
                  0x003cba                  __dsprintf_cdeEnopuxX
                  0x003cba                  __sprintf_cdeEnopuxX
                  0x003cba                  __dsprintf_cdfFgGnopuxX
                  0x003cba                  __sprintf_cdfFgGnopuxX
                  0x003cba                  __sprintf_cdeEfFgGnopuxX
                  0x003cba                  __dsprintf_cdfFnopuxX
                  0x003cba                  __sprintf_cdgGnopuxX
                  0x003cba                  __sprintf_cdeEfFnopuxX
 .libc.__sio_sprintf_dfoux
                  0x003cc6         0x12 c:/program files/microchip/xc-dsc/v3.21/bin/bin/../../lib\libc99-elf.a(__sio_sprintf_dfoux.EP_o)
                  0x003cc6                  ___sio_sprintf_dfoux
 .libc.__wrap_sprintf
                  0x003cd8          0xc c:/program files/microchip/xc-dsc/v3.21/bin/bin/../../lib\libc99-elf.a(__sio_sprintf_doux.EP_o)
                  0x003cd8                  __sprintf_cdnopuxX
                  0x003cd8                  __dsprintf_cdnopuxX
 .libc.__sio_sprintf_doux
                  0x003ce4          0xe c:/program files/microchip/xc-dsc/v3.21/bin/bin/../../lib\libc99-elf.a(__sio_sprintf_doux.EP_o)
                  0x003ce4                  ___sio_sprintf_doux
 .libc.__wrap_sscanf
                  0x003cf2          0xc c:/program files/microchip/xc-dsc/v3.21/bin/bin/../../lib\libc99-elf.a(__sio_sscanf_f.EP_o)
                  0x003cf2                  __dsscanf_fFgG
                  0x003cf2                  __dsscanf_fF
                  0x003cf2                  __sscanf_fFgG
                  0x003cf2                  __sscanf_fF
                  0x003cf2                  __dsscanf_eEfFgG
                  0x003cf2                  __dsscanf_eE
                  0x003cf2                  __sscanf_eEfF
                  0x003cf2                  __sscanf_eEfFgG
                  0x003cf2                  __dsscanf_eEfF
                  0x003cf2                  __dsscanf_gG
                  0x003cf2                  __dsscanf_eEgG
                  0x003cf2                  __sscanf_eEgG
                  0x003cf2                  __sscanf_eE
                  0x003cf2                  __sscanf_gG
 .libc.__sio_sscanf_f
                  0x003cfe          0x2 c:/program files/microchip/xc-dsc/v3.21/bin/bin/../../lib\libc99-elf.a(__sio_sscanf_f.EP_o)
                  0x003cfe                  ___sio_sscanf_f
 .libc.do_read    0x003d00          0x2 c:/program files/microchip/xc-dsc/v3.21/bin/bin/../../lib\libc99-elf.a(__int_vsscanf.EP_o)
                  0x003d00                  __int_vsscanf.EP_o:_do_read
 .libc.__vsscanf
                  0x003d02         0x1c c:/program files/microchip/xc-dsc/v3.21/bin/bin/../../lib\libc99-elf.a(__int_vsscanf.EP_o)
                  0x003d02                  ___vsscanf
 .libc.__scan_fp
                  0x003d1e        0x1f6 c:/program files/microchip/xc-dsc/v3.21/bin/bin/../../lib\libc99-elf.a(__scan_fp.EP_o)
                  0x003d1e                  ___scan_a_needed
                  0x003d1e                  ___scan_fp
                  0x003d1e                  ___scan_f_needed
 .libc.__skipws
                  0x003f14         0x3e c:/program files/microchip/xc-dsc/v3.21/bin/bin/../../lib\libc99-elf.a(__scanf_core.EP_o)
                  0x003f14                  ___skipws
 .libc.__consumews
                  0x003f52         0x36 c:/program files/microchip/xc-dsc/v3.21/bin/bin/../../lib\libc99-elf.a(__scanf_core.EP_o)
                  0x003f52                  ___consumews
 .libc.__dummy_scan
                  0x003f88          0x2 c:/program files/microchip/xc-dsc/v3.21/bin/bin/../../lib\libc99-elf.a(__scanf_core.EP_o)
                  0x003f88                  ___scan_x
                  0x003f88                  ___scan_d
                  0x003f88                  ___scan_i
                  0x003f88                  ___scan_o
                  0x003f88                  ___scan_a
                  0x003f88                  ___scan_u
 .libc.__dummy_scan_s
                  0x003f8a          0x2 c:/program files/microchip/xc-dsc/v3.21/bin/bin/../../lib\libc99-elf.a(__scanf_core.EP_o)
                  0x003f8a                  ___scan_s
 .libc.__scanf_core
                  0x003f8c        0x40c c:/program files/microchip/xc-dsc/v3.21/bin/bin/../../lib\libc99-elf.a(__scanf_core.EP_o)
                  0x003f8c                  ___scanf_core
 .libc.__string_read
                  0x004398         0x44 c:/program files/microchip/xc-dsc/v3.21/bin/bin/../../lib\libc99-elf.a(__string_read.EP_o)
                  0x004398                  ___string_read
 .libc.__vfscanf
                  0x0043dc         0x1a c:/program files/microchip/xc-dsc/v3.21/bin/bin/../../lib\libc99-elf.a(__int_vfscanf.EP_o)
                  0x0043dc                  ___vfscanf
 .libc.strcmp     0x0043f6         0x18 c:/program files/microchip/xc-dsc/v3.21/bin/bin/../../lib\libc99-elf.a(strcmp.EP_o)
                  0x0043f6                  _strcmp
 .libc.strcpy     0x00440e          0xc c:/program files/microchip/xc-dsc/v3.21/bin/bin/../../lib\libc99-elf.a(strcpy.EP_o)
                  0x00440e                  _strcpy
 .libc.__pop_int
                  0x00441a         0xf4 c:/program files/microchip/xc-dsc/v3.21/bin/bin/../../lib\libc99-elf.a(__pop_int.EP_lo)
                  0x00441a                  ___pop_int
                  0x00441a                  ___pop_int_needed
 .libc.__pop_ptr
                  0x00450e         0x84 c:/program files/microchip/xc-dsc/v3.21/bin/bin/../../lib\libc99-elf.a(__pop_ptr.EP_lo)
                  0x00450e                  ___pop_ptr_needed
                  0x00450e                  ___pop_ptr
 .libc.strchr     0x004592         0x10 c:/program files/microchip/xc-dsc/v3.21/bin/bin/../../lib\libc99-elf.a(strchr.EP_lo)
                  0x004592                  _strchr
 .libc.atoi       0x0045a2         0x40 c:/program files/microchip/xc-dsc/v3.21/bin/bin/../../lib\libc99-elf.a(atoi.EP_o)
                  0x0045a2                  _atoi
 .libc.tolower    0x0045e2          0xc c:/program files/microchip/xc-dsc/v3.21/bin/bin/../../lib\libc99-elf.a(tolower.EP_o)
                  0x0045e2                  _tolower
 .libc.__tolower_l
                  0x0045ee          0x2 c:/program files/microchip/xc-dsc/v3.21/bin/bin/../../lib\libc99-elf.a(tolower.EP_o)
                  0x0045ee                  ___tolower_l
                  0x0045ee                  _tolower_l
 .libc.toupper    0x0045f0          0xc c:/program files/microchip/xc-dsc/v3.21/bin/bin/../../lib\libc99-elf.a(toupper.EP_o)
                  0x0045f0                  _toupper
 .libc.__toupper_l
                  0x0045fc          0x2 c:/program files/microchip/xc-dsc/v3.21/bin/bin/../../lib\libc99-elf.a(toupper.EP_o)
                  0x0045fc                  ___toupper_l
                  0x0045fc                  _toupper_l
 .libc.__pop_float
                  0x0045fe         0x40 c:/program files/microchip/xc-dsc/v3.21/bin/bin/../../lib\libc99-elf.a(__pop_float.EP_lo)
                  0x0045fe                  ___pop_float
                  0x0045fe                  ___pop_float_needed
 .libc.isxdigit
                  0x00463e         0x18 c:/program files/microchip/xc-dsc/v3.21/bin/bin/../../lib\libc99-elf.a(isxdigit.EP_o)
                  0x00463e                  _isxdigit
 .libc.__isxdigit_l
                  0x004656          0x2 c:/program files/microchip/xc-dsc/v3.21/bin/bin/../../lib\libc99-elf.a(isxdigit.EP_o)
                  0x004656                  _isxdigit_l
                  0x004656                  ___isxdigit_l
 .libc.__fopen_rw
                  0x004658         0x36 c:/program files/microchip/xc-dsc/v3.21/bin/bin/../../lib\libc99-elf.a(__fopen_rw.EP_o)
                  0x004658                  ___fopen_rw
                  0x004658                  ___fopen_rw_needed
 .libc.__ftello_adj_rw
                  0x00468e         0x30 c:/program files/microchip/xc-dsc/v3.21/bin/bin/../../lib\libc99-elf.a(__ftello_rw.EP_o)
                  0x00468e                  ___ftello_adj_rw
                  0x00468e                  ___ftello_adj_rw_needed
 .libc.__fwrite_min
                  0x0046be          0x4 c:/program files/microchip/xc-dsc/v3.21/bin/bin/../../lib\libc99-elf.a(__out.EP_o)
                  0x0046be                  ___stdio_write
                  0x0046be                  ___stdio_write_unbuffered
 .libc.__out      0x0046c2         0x38 c:/program files/microchip/xc-dsc/v3.21/bin/bin/../../lib\libc99-elf.a(__out.EP_o)
                  0x0046c2                  ___out_needed
                  0x0046c2                  ___out
 .libc.__stdio_close
                  0x0046fa         0x42 c:/program files/microchip/xc-dsc/v3.21/bin/bin/../../lib\libc99-elf.a(__stdio_close.EP_o)
                  0x0046fa                  ___stdio_close
 .libc.__stdio_close_rw
                  0x00473c         0x5c c:/program files/microchip/xc-dsc/v3.21/bin/bin/../../lib\libc99-elf.a(__stdio_close.EP_o)
                  0x00473c                  ___stdio_close_rw
 .libc.__stdio_read
                  0x004798         0x6a c:/program files/microchip/xc-dsc/v3.21/bin/bin/../../lib\libc99-elf.a(__stdio_read.EP_o)
                  0x004798                  ___stdio_read
 .libc.__stdio_seek_unbuffered
                  0x004802         0x2c c:/program files/microchip/xc-dsc/v3.21/bin/bin/../../lib\libc99-elf.a(__stdio_seek.EP_o)
                  0x004802                  ___stdio_seek_needed
                  0x004802                  ___stdio_seek_unbuffered
 .libc.__stdio_seek
                  0x00482e         0x54 c:/program files/microchip/xc-dsc/v3.21/bin/bin/../../lib\libc99-elf.a(__stdio_seek.EP_o)
                  0x00482e                  ___stdio_seek
 .libc.__stdio_seek_rw
                  0x004882         0x78 c:/program files/microchip/xc-dsc/v3.21/bin/bin/../../lib\libc99-elf.a(__stdio_seek.EP_o)
                  0x004882                  ___stdio_seek_rw
 .libc.__towrite_rw
                  0x0048fa         0x1e c:/program files/microchip/xc-dsc/v3.21/bin/bin/../../lib\libc99-elf.a(__towrite_rw.EP_o)
                  0x0048fa                  ___towrite_rw
                  0x0048fa                  ___towrite_rw_needed
 .libc.__readv    0x004918         0x2e c:/program files/microchip/xc-dsc/v3.21/bin/bin/../../lib\libc99-elf.a(readv.EP_o)
                  0x004918                  _readv
 .libc.__push_float
                  0x004946         0x46 c:/program files/microchip/xc-dsc/v3.21/bin/bin/../../lib\libc99-elf.a(__push_float.EP_lo)
                  0x004946                  ___push_float
                  0x004946                  ___push_float_needed
 .libc.__push_int
                  0x00498c         0xc0 c:/program files/microchip/xc-dsc/v3.21/bin/bin/../../lib\libc99-elf.a(__push_int.EP_lo)
                  0x00498c                  ___push_int
                  0x00498c                  ___push_int_needed
 .libc.__stpcpy
                  0x004a4c         0x40 c:/program files/microchip/xc-dsc/v3.21/bin/bin/../../lib\libc99-elf.a(stpcpy.EP_o)
                  0x004a4c                  ___stpcpy
                  0x004a4c                  _stpcpy
 .libc.__fclose
                  0x004a8c         0x14 c:/program files/microchip/xc-dsc/v3.21/bin/bin/../../lib\libc99-elf.a(__fclose.EP_o)
                  0x004a8c                  ___fclose_needed
                  0x004a8c                  ___fclose
 .libc.__fseeko
                  0x004aa0          0x4 c:/program files/microchip/xc-dsc/v3.21/bin/bin/../../lib\libc99-elf.a(__fseeko.EP_o)
                  0x004aa0                  ___fseeko_unlocked
                  0x004aa0                  _fseeko
                  0x004aa0                  ___fseeko
                  0x004aa0                  ___fseeko_needed
 .libc.__dummy    0x004aa4         0x20 c:/program files/microchip/xc-dsc/v3.21/bin/bin/../../lib\libc99-elf.a(__ftello.EP_o)
 .libc.__ftello_adj
                  0x004ac4          0x2 c:/program files/microchip/xc-dsc/v3.21/bin/bin/../../lib\libc99-elf.a(__ftello.EP_o)
                  0x004ac4                  ___ftello_adj_needed
                  0x004ac4                  ___ftello_adj
 .libc.__putc     0x004ac6         0x2c c:/program files/microchip/xc-dsc/v3.21/bin/bin/../../lib\libc99-elf.a(__putc.EP_o)
                  0x004ac6                  ___putc_needed
                  0x004ac6                  ___putc
 .libc.__putc_unbuffered
                  0x004af2         0x30 c:/program files/microchip/xc-dsc/v3.21/bin/bin/../../lib\libc99-elf.a(putc.EP_o)
                  0x004af2                  ___putc_unbuffered
 .libc.putc       0x004b22          0x2 c:/program files/microchip/xc-dsc/v3.21/bin/bin/../../lib\libc99-elf.a(putc.EP_o)
                  0x004b22                  _putc
                  0x004b22                  _fputc
                  0x004b22                  _putc_unlocked
                  0x004b22                  __IO_putc
 .libc.__overflow
                  0x004b24         0x4e c:/program files/microchip/xc-dsc/v3.21/bin/bin/../../lib\libc99-elf.a(__overflow.EP_o)
                  0x004b24                  ___overflow
 .libc.__dummy    0x004b72          0x2 c:/program files/microchip/xc-dsc/v3.21/bin/bin/../../lib\libc99-elf.a(__towrite.EP_o)
 .libc.__towrite
                  0x004b74         0x1a c:/program files/microchip/xc-dsc/v3.21/bin/bin/../../lib\libc99-elf.a(__towrite.EP_o)
                  0x004b74                  ___towrite
 .libc.__lseek    0x004b8e          0xc c:/program files/microchip/xc-dsc/v3.21/bin/bin/../../lib\libc99-elf.a(lseek.EP_o)
                  0x004b8e                  _lseek
                  0x004b8e                  ___lseek
 .libc.__dummy    0x004b9a          0x6 c:/program files/microchip/xc-dsc/v3.21/bin/bin/../../lib\libc99-elf.a(__fopen.EP_o)
 .libc.__fopen_std
                  0x004ba0         0x24 c:/program files/microchip/xc-dsc/v3.21/bin/bin/../../lib\libc99-elf.a(__fopen.EP_o)
 .libc.__fopen    0x004bc4          0x2 c:/program files/microchip/xc-dsc/v3.21/bin/bin/../../lib\libc99-elf.a(__fopen.EP_o)
                  0x004bc4                  ___fopen
                  0x004bc4                  ___fopen_needed
 .libc.__fwrite
                  0x004bc6          0xc c:/program files/microchip/xc-dsc/v3.21/bin/bin/../../lib\libc99-elf.a(__fwrite.EP_o)
                  0x004bc6                  ___fwrite
                  0x004bc6                  ___fwrite_needed
 .libc.__dummy    0x004bd2          0x2 c:/program files/microchip/xc-dsc/v3.21/bin/bin/../../lib\libc99-elf.a(__stderr.EP_o)
 .libc.__get_stderr
                  0x004bd4          0x4 c:/program files/microchip/xc-dsc/v3.21/bin/bin/../../lib\libc99-elf.a(__stderr.EP_o)
                  0x004bd4                  ___get_stderr
                  0x004bd4                  ___init_stderr_needed
 .libc.__dummy    0x004bd8          0x2 c:/program files/microchip/xc-dsc/v3.21/bin/bin/../../lib\libc99-elf.a(__stdout.EP_o)
 .libc.__get_stdout
                  0x004bda          0x4 c:/program files/microchip/xc-dsc/v3.21/bin/bin/../../lib\libc99-elf.a(__stdout.EP_o)
                  0x004bda                  ___get_stdout
                  0x004bda                  ___init_stdout_needed
 .libc.__syscall_ret
                  0x004bde         0x14 c:/program files/microchip/xc-dsc/v3.21/bin/bin/../../lib\libc99-elf.a(syscall_ret.EP_o)
                  0x004bde                  ___syscall_ret
 .libc.__dummy    0x004bf2          0x2 c:/program files/microchip/xc-dsc/v3.21/bin/bin/../../lib\libc99-elf.a(__init_stdio.EP_o)
                  0x004bf2                  ___init_stdout
                  0x004bf2                  ___init_stderr
                  0x004bf2                  ___init_stdin
 .libc.__init_stdio
                  0x004bf4          0x6 c:/program files/microchip/xc-dsc/v3.21/bin/bin/../../lib\libc99-elf.a(__init_stdio.EP_o)
                  0x004bf4                  ___init_stdio
                  0x004bf4                  ___init_stdio_needed
 .libm.eqdf2      0x004bfa          0xa c:/program files/microchip/xc-dsc/v3.21/bin/bin/../../lib\libc99-pic30-elf.a(deqltle.EP_o)
                  0x004bfa                  ___eqdf2
                  0x004bfa                  ___ltdf2
                  0x004bfa                  ___ledf2
 .libm.gtdf2      0x004c04          0xa c:/program files/microchip/xc-dsc/v3.21/bin/bin/../../lib\libc99-pic30-elf.a(dgtge.EP_o)
                  0x004c04                  ___gtdf2
                  0x004c04                  ___gedf2
 .libm.divsi3     0x004c0e         0x1e c:/program files/microchip/xc-dsc/v3.21/bin/bin/../../lib\libc99-pic30-elf.a(divsi3.EP_o)
                  0x004c0e                  ___divsi3
 .libm.nedf2      0x004c2c          0xa c:/program files/microchip/xc-dsc/v3.21/bin/bin/../../lib\libc99-pic30-elf.a(dne.EP_o)
                  0x004c2c                  ___nedf2
 .libm.extendsfdf2
                  0x004c36         0x3e c:/program files/microchip/xc-dsc/v3.21/bin/bin/../../lib\libc99-pic30-elf.a(extendsfdf.EP_o)
                  0x004c36                  ___extendsfdf2
 .libm.fixdfsi    0x004c74         0x58 c:/program files/microchip/xc-dsc/v3.21/bin/bin/../../lib\libc99-pic30-elf.a(fixdfsi.EP_o)
                  0x004c74                  ___fixdfsi
 .libm.floatsidf
                  0x004ccc          0x6 c:/program files/microchip/xc-dsc/v3.21/bin/bin/../../lib\libc99-pic30-elf.a(floatsidf.EP_o)
                  0x004ccc                  ___floatsidf
 .libm.floatunsidf
                  0x004cd2          0x4 c:/program files/microchip/xc-dsc/v3.21/bin/bin/../../lib\libc99-pic30-elf.a(floatunsidf.EP_o)
                  0x004cd2                  ___floatunsidf
 .libm.truncdfsf2
                  0x004cd6         0x56 c:/program files/microchip/xc-dsc/v3.21/bin/bin/../../lib\libc99-pic30-elf.a(truncdfsf.EP_o)
                  0x004cd6                  ___truncdfsf2
 .libm.umodsi3    0x004d2c          0x6 c:/program files/microchip/xc-dsc/v3.21/bin/bin/../../lib\libc99-pic30-elf.a(umodsi3.EP_o)
                  0x004d2c                  ___umodsi3
 .lib_dpfops      0x004d32         0xa2 c:/program files/microchip/xc-dsc/v3.21/bin/bin/../../lib\libc99-pic30-elf.a(dpadd.EP_o)
                  0x004d32                  ___subdf3
                  0x004d3e                  ___adddf3
 .lib_dpfops      0x004dd4        0x15e c:/program files/microchip/xc-dsc/v3.21/bin/bin/../../lib\libc99-pic30-elf.a(dpdiv.EP_o)
                  0x004dd4                  ___divdf3
 .lib_dpfops      0x004f32        0x11a c:/program files/microchip/xc-dsc/v3.21/bin/bin/../../lib\libc99-pic30-elf.a(dpmul.EP_o)
                  0x004f32                  ___muldf3
 .lib_dpfops      0x00504c        0x128 c:/program files/microchip/xc-dsc/v3.21/bin/bin/../../lib\libc99-pic30-elf.a(dpsubs.EP_o)
                  0x005066                  __dxchg
                  0x005074                  __drshft
                  0x0050ce                  __dupchk
                  0x005130                  __drndex
                  0x00513a                  __dnsrnd
                  0x005166                  __dpakex
 .libm.dcompare
                  0x005174         0x52 c:/program files/microchip/xc-dsc/v3.21/bin/bin/../../lib\libc99-pic30-elf.a(dcompare.EP_o)
                  0x005174                  __dcompare
 .libm.dtype      0x0051c6         0x24 c:/program files/microchip/xc-dsc/v3.21/bin/bin/../../lib\libc99-pic30-elf.a(dtype.EP_o)
                  0x0051c6                  __dtype
 .libm.dunpack    0x0051ea         0x4e c:/program files/microchip/xc-dsc/v3.21/bin/bin/../../lib\libc99-pic30-elf.a(dunpack.EP_o)
                  0x0051ea                  __dunpack
 .libm.dunpack2
                  0x005238         0x32 c:/program files/microchip/xc-dsc/v3.21/bin/bin/../../lib\libc99-pic30-elf.a(dunpack2.EP_o)
                  0x005238                  __dunpack2
                  0x00525a                  __dreturnNaN
                  0x005260                  __dunpack2exit
 .libm.floatdidf
                  0x00526a         0x20 c:/program files/microchip/xc-dsc/v3.21/bin/bin/../../lib\libc99-pic30-elf.a(floatdidf.EP_o)
                  0x00526a                  ___floatdidf
 .libm.floatundidf
                  0x00528a         0x56 c:/program files/microchip/xc-dsc/v3.21/bin/bin/../../lib\libc99-pic30-elf.a(floatundidf.EP_o)
                  0x00528a                  ___floatundidf
 .libm.dpack      0x0052e0         0x58 c:/program files/microchip/xc-dsc/v3.21/bin/bin/../../lib\libc99-pic30-elf.a(dpack.EP_o)
                  0x0052e0                  __dpack
 .libm.dPropagateNaN
                  0x005338         0x1e c:/program files/microchip/xc-dsc/v3.21/bin/bin/../../lib\libc99-pic30-elf.a(dpropagateNaN.EP_o)
                  0x005338                  __dPropagateNaN
 .libpic30.divby10
                  0x005356         0x42 c:/program files/microchip/xc-dsc/v3.21/bin/bin/../../lib\libc99-pic30-elf.a(divby10di.EPMeo)
                  0x005356                  __divdi10
 .libpic30.divby10
                  0x005398         0x6c c:/program files/microchip/xc-dsc/v3.21/bin/bin/../../lib\libc99-pic30-elf.a(mul64x64.EPMeo)
                  0x0053c8                  __umul64x64
 .libpic30.divby10
                  0x005404         0x46 c:/program files/microchip/xc-dsc/v3.21/bin/bin/../../lib\libc99-pic30-elf.a(modby10di.EPMeo)
                  0x005404                  __moddi10
 .libm.__udivmoddi3
                  0x00544a        0x118 c:/program files/microchip/xc-dsc/v3.21/bin/bin/../../lib\libc99-pic30-elf.a(divmoddi3.EP_o)
                  0x00544a                  ___udivmoddi3
 .libm.__udivdi3
                  0x005562          0xe c:/program files/microchip/xc-dsc/v3.21/bin/bin/../../lib\libc99-pic30-elf.a(divmoddi3.EP_o)
                  0x005562                  ___udivdi3
 .libm.__umoddi3
                  0x005570          0x8 c:/program files/microchip/xc-dsc/v3.21/bin/bin/../../lib\libc99-pic30-elf.a(divmoddi3.EP_o)
                  0x005570                  ___umoddi3
 .libm.__divdi3
                  0x005578         0x4e c:/program files/microchip/xc-dsc/v3.21/bin/bin/../../lib\libc99-pic30-elf.a(divmoddi3.EP_o)
                  0x005578                  ___divdi3
 .libm.__moddi3
                  0x0055c6         0x3e c:/program files/microchip/xc-dsc/v3.21/bin/bin/../../lib\libc99-pic30-elf.a(divmoddi3.EP_o)
                  0x0055c6                  ___moddi3
 .libm.__muldi3
                  0x005604         0x3c c:/program files/microchip/xc-dsc/v3.21/bin/bin/../../lib\libc99-pic30-elf.a(muldi3.EP_o)
                  0x005604                  ___muldi3
 .libm.umuldi3    0x005640         0x44 c:/program files/microchip/xc-dsc/v3.21/bin/bin/../../lib\libc99-pic30-elf.a(umuldi3.EP_o)
                  0x005640                  ___umuldi3
 .libc.copysignl
                  0x005684         0x30 c:/program files/microchip/xc-dsc/v3.21/bin/bin/../../lib\libm-elf.a(copysignl.EP_o)
                  0x005684                  _copysignl
 .libc.fabsl      0x0056b4         0x12 c:/program files/microchip/xc-dsc/v3.21/bin/bin/../../lib\libm-elf.a(fabsl.EP_o)
                  0x0056b4                  _fabsl
 .libc.floorl     0x0056c6        0x116 c:/program files/microchip/xc-dsc/v3.21/bin/bin/../../lib\libm-elf.a(floorl.EP_o)
                  0x0056c6                  _floorl
 .libc.fmodl      0x0057dc        0x2ea c:/program files/microchip/xc-dsc/v3.21/bin/bin/../../lib\libm-elf.a(fmodl.EP_o)
                  0x0057dc                  _fmodl
 .libc.scalbnf    0x005ac6         0x66 c:/program files/microchip/xc-dsc/v3.21/bin/bin/../../lib\libm-elf.a(scalbnf.EP_o)
                  0x005ac6                  _scalbnf
 .libc.scalbnl    0x005b2c         0x9e c:/program files/microchip/xc-dsc/v3.21/bin/bin/../../lib\libm-elf.a(scalbnl.EP_o)
                  0x005b2c                  _scalbnl

usercode
 *(usercode)

__FICD
 *(__FICD.sec*)

__FPOR
 *(__FPOR.sec*)

__FWDT
 *(__FWDT.sec*)

__FOSC
 *(__FOSC.sec*)

__FOSCSEL
 *(__FOSCSEL.sec*)

__FGS             0x02affa          0x2
 *(__FGS.sec*)
 __FGS.sec        0x02affa          0x2 /CW/_FGS
                  0x02affa                  __FGS.sec

__FUID0
 *(__FUID0.sec*)

__FUID1
 *(__FUID1.sec*)

__FUID2
 *(__FUID2.sec*)

__FUID3
 *(__FUID3.sec*)

.comment            0x0000       0x2940
 *(.comment)
 .comment           0x0000         0x58 build/default/debug/mcc_generated_files/mcc.o
 .comment           0x0058         0x58 build/default/debug/mcc_generated_files/pin_manager.o
 .comment           0x00b0         0x58 build/default/debug/mcc_generated_files/traps.o
 .comment           0x0108         0x58 build/default/debug/mcc_generated_files/reset.o
 .comment           0x0160         0x58 build/default/debug/mcc_generated_files/clock.o
 .comment           0x01b8         0x58 build/default/debug/mcc_generated_files/interrupt_manager.o
 .comment           0x0210         0x58 build/default/debug/mcc_generated_files/system.o
 .comment           0x0268         0x58 build/default/debug/mcc_generated_files/tmr1.o
 .comment           0x02c0         0x58 build/default/debug/mcc_generated_files/uart1.o
 .comment           0x0318         0x58 build/default/debug/mcc_generated_files/adc1.o
 .comment           0x0370         0x58 build/default/debug/main.o
 .comment           0x03c8         0x58 build/default/debug/nvmpic.o
 .comment           0x0420         0x58 build/default/debug/commands.o
 .comment           0x0478         0x58 build/default/debug/PM.o
 .comment           0x04d0         0x58 build/default/debug/parameters.o
 .comment           0x0528         0x58 build/default/debug/mcc_generated_files/parser.o
 .comment           0x0580         0x58 build/default/debug/mcc_generated_files/gpios.o
 .comment           0x05d8         0x58 build/default/debug/can1.o
 .comment           0x0630         0x58 build/default/debug/delay.o
 .comment           0x0688         0x58 c:/program files/microchip/xc-dsc/v3.21/bin/bin/../../lib\libc99-elf.a(__sio_snprintf_dosux.EP_o)
 .comment           0x06e0         0x58 c:/program files/microchip/xc-dsc/v3.21/bin/bin/../../lib\libc99-elf.a(lite_free.EP_o)
 .comment           0x0738         0x58 c:/program files/microchip/xc-dsc/v3.21/bin/bin/../../lib\libc99-elf.a(memcpy.EP_o)
 .comment           0x0790         0x58 c:/program files/microchip/xc-dsc/v3.21/bin/bin/../../lib\libc99-elf.a(strdup.EP_o)
 .comment           0x07e8         0x58 c:/program files/microchip/xc-dsc/v3.21/bin/bin/../../lib\libc99-elf.a(strlen.EP_o)
 .comment           0x0840         0x58 c:/program files/microchip/xc-dsc/v3.21/bin/bin/../../lib\libc99-elf.a(strncmp.EP_o)
 .comment           0x0898         0x58 c:/program files/microchip/xc-dsc/v3.21/bin/bin/../../lib\libc99-elf.a(strstr.EP_o)
 .comment           0x08f0         0x58 c:/program files/microchip/xc-dsc/v3.21/bin/bin/../../lib\libc99-elf.a(strtod.EP_o)
 .comment           0x0948         0x58 c:/program files/microchip/xc-dsc/v3.21/bin/bin/../../lib\libc99-elf.a(strtok.EP_o)
 .comment           0x09a0         0x58 c:/program files/microchip/xc-dsc/v3.21/bin/bin/../../lib\libc99-elf.a(strtol.EP_o)
 .comment           0x09f8         0x58 c:/program files/microchip/xc-dsc/v3.21/bin/bin/../../lib\libc99-elf.a(__fmt_d.EP_o)
 .comment           0x0a50         0x58 c:/program files/microchip/xc-dsc/v3.21/bin/bin/../../lib\libc99-elf.a(__fmt_o.EP_o)
 .comment           0x0aa8         0x58 c:/program files/microchip/xc-dsc/v3.21/bin/bin/../../lib\libc99-elf.a(__fmt_s.EP_o)
 .comment           0x0b00         0x58 c:/program files/microchip/xc-dsc/v3.21/bin/bin/../../lib\libc99-elf.a(__fmt_u.EP_o)
 .comment           0x0b58         0x58 c:/program files/microchip/xc-dsc/v3.21/bin/bin/../../lib\libc99-elf.a(__fmt_x.EP_o)
 .comment           0x0bb0         0x58 c:/program files/microchip/xc-dsc/v3.21/bin/bin/../../lib\libc99-elf.a(__int_vsnprintf.EP_o)
 .comment           0x0c08         0x58 c:/program files/microchip/xc-dsc/v3.21/bin/bin/../../lib\libc99-elf.a(__printf_core.EP_o)
 .comment           0x0c60         0x58 c:/program files/microchip/xc-dsc/v3.21/bin/bin/../../lib\libc99-elf.a(floatscan.EP_o)
 .comment           0x0cb8         0x58 c:/program files/microchip/xc-dsc/v3.21/bin/bin/../../lib\libc99-elf.a(intscan.EP_o)
 .comment           0x0d10         0x58 c:/program files/microchip/xc-dsc/v3.21/bin/bin/../../lib\libc99-elf.a(lite_malloc.EP_o)
 .comment           0x0d68         0x58 c:/program files/microchip/xc-dsc/v3.21/bin/bin/../../lib\libc99-elf.a(memchr.EP_o)
 .comment           0x0dc0         0x58 c:/program files/microchip/xc-dsc/v3.21/bin/bin/../../lib\libc99-elf.a(memcmp.EP_o)
 .comment           0x0e18         0x58 c:/program files/microchip/xc-dsc/v3.21/bin/bin/../../lib\libc99-elf.a(memset.EP_o)
 .comment           0x0e70         0x58 c:/program files/microchip/xc-dsc/v3.21/bin/bin/../../lib\libc99-elf.a(shgetc.EP_o)
 .comment           0x0ec8         0x58 c:/program files/microchip/xc-dsc/v3.21/bin/bin/../../lib\libc99-elf.a(strcspn.EP_o)
 .comment           0x0f20         0x58 c:/program files/microchip/xc-dsc/v3.21/bin/bin/../../lib\libc99-elf.a(strspn.EP_o)
 .comment           0x0f78         0x58 c:/program files/microchip/xc-dsc/v3.21/bin/bin/../../lib\libc99-elf.a(__cvt_u.EP_o)
 .comment           0x0fd0         0x58 c:/program files/microchip/xc-dsc/v3.21/bin/bin/../../lib\libc99-elf.a(__int_vfprintf.EP_o)
 .comment           0x1028         0x58 c:/program files/microchip/xc-dsc/v3.21/bin/bin/../../lib\libc99-elf.a(__uflow.EP_o)
 .comment           0x1080         0x58 c:/program files/microchip/xc-dsc/v3.21/bin/bin/../../lib\libc99-elf.a(expand_heap.EP_o)
 .comment           0x10d8         0x58 c:/program files/microchip/xc-dsc/v3.21/bin/bin/../../lib\libc99-elf.a(strchrnul.EP_o)
 .comment           0x1130         0x58 c:/program files/microchip/xc-dsc/v3.21/bin/bin/../../lib\libc99-elf.a(__toread.EP_o)
 .comment           0x1188         0x58 c:/program files/microchip/xc-dsc/v3.21/bin/bin/../../lib\libc99-elf.a(__stdio_exit.EP_o)
 .comment           0x11e0         0x58 c:/program files/microchip/xc-dsc/v3.21/bin/bin/../../lib\libc99-elf.a(__sio_sprintf_dfosux.EP_o)
 .comment           0x1238         0x58 c:/program files/microchip/xc-dsc/v3.21/bin/bin/../../lib\libc99-elf.a(__fmt_fp.EP_o)
 .comment           0x1290         0x58 c:/program files/microchip/xc-dsc/v3.21/bin/bin/../../lib\libc99-elf.a(__int_vsprintf.EP_o)
 .comment           0x12e8         0x58 c:/program files/microchip/xc-dsc/v3.21/bin/bin/../../lib\libc99-elf.a(__sio_sprintf_dfoux.EP_o)
 .comment           0x1340         0x58 c:/program files/microchip/xc-dsc/v3.21/bin/bin/../../lib\libc99-elf.a(__sio_sprintf_doux.EP_o)
 .comment           0x1398         0x58 c:/program files/microchip/xc-dsc/v3.21/bin/bin/../../lib\libc99-elf.a(__sio_sscanf_f.EP_o)
 .comment           0x13f0         0x58 c:/program files/microchip/xc-dsc/v3.21/bin/bin/../../lib\libc99-elf.a(__int_vsscanf.EP_o)
 .comment           0x1448         0x58 c:/program files/microchip/xc-dsc/v3.21/bin/bin/../../lib\libc99-elf.a(__scan_fp.EP_o)
 .comment           0x14a0         0x58 c:/program files/microchip/xc-dsc/v3.21/bin/bin/../../lib\libc99-elf.a(__scanf_core.EP_o)
 .comment           0x14f8         0x58 c:/program files/microchip/xc-dsc/v3.21/bin/bin/../../lib\libc99-elf.a(__string_read.EP_o)
 .comment           0x1550         0x58 c:/program files/microchip/xc-dsc/v3.21/bin/bin/../../lib\libc99-elf.a(__int_vfscanf.EP_o)
 .comment           0x15a8         0x58 c:/program files/microchip/xc-dsc/v3.21/bin/bin/../../lib\libc99-elf.a(strcmp.EP_o)
 .comment           0x1600         0x58 c:/program files/microchip/xc-dsc/v3.21/bin/bin/../../lib\libc99-elf.a(strcpy.EP_o)
 .comment           0x1658         0x58 c:/program files/microchip/xc-dsc/v3.21/bin/bin/../../lib\libc99-elf.a(__pop_int.EP_lo)
 .comment           0x16b0         0x58 c:/program files/microchip/xc-dsc/v3.21/bin/bin/../../lib\libc99-elf.a(__pop_ptr.EP_lo)
 .comment           0x1708         0x58 c:/program files/microchip/xc-dsc/v3.21/bin/bin/../../lib\libc99-elf.a(strchr.EP_lo)
 .comment           0x1760         0x58 c:/program files/microchip/xc-dsc/v3.21/bin/bin/../../lib\libc99-elf.a(atoi.EP_o)
 .comment           0x17b8         0x58 c:/program files/microchip/xc-dsc/v3.21/bin/bin/../../lib\libc99-elf.a(tolower.EP_o)
 .comment           0x1810         0x58 c:/program files/microchip/xc-dsc/v3.21/bin/bin/../../lib\libc99-elf.a(toupper.EP_o)
 .comment           0x1868         0x58 c:/program files/microchip/xc-dsc/v3.21/bin/bin/../../lib\libc99-elf.a(__errno_location.EP_lo)
 .comment           0x18c0         0x58 c:/program files/microchip/xc-dsc/v3.21/bin/bin/../../lib\libc99-elf.a(__pop_float.EP_lo)
 .comment           0x1918         0x58 c:/program files/microchip/xc-dsc/v3.21/bin/bin/../../lib\libc99-elf.a(isxdigit.EP_o)
 .comment           0x1970         0x58 c:/program files/microchip/xc-dsc/v3.21/bin/bin/../../lib\libc99-elf.a(__io_rw_needed.EP_lo)
 .comment           0x19c8         0x58 c:/program files/microchip/xc-dsc/v3.21/bin/bin/../../lib\libc99-elf.a(__fopen_rw.EP_o)
 .comment           0x1a20         0x58 c:/program files/microchip/xc-dsc/v3.21/bin/bin/../../lib\libc99-elf.a(__ftello_rw.EP_o)
 .comment           0x1a78         0x58 c:/program files/microchip/xc-dsc/v3.21/bin/bin/../../lib\libc99-elf.a(__out.EP_o)
 .comment           0x1ad0         0x58 c:/program files/microchip/xc-dsc/v3.21/bin/bin/../../lib\libc99-elf.a(__stdio_close.EP_o)
 .comment           0x1b28         0x58 c:/program files/microchip/xc-dsc/v3.21/bin/bin/../../lib\libc99-elf.a(__stdio_read.EP_o)
 .comment           0x1b80         0x58 c:/program files/microchip/xc-dsc/v3.21/bin/bin/../../lib\libc99-elf.a(__stdio_seek.EP_o)
 .comment           0x1bd8         0x58 c:/program files/microchip/xc-dsc/v3.21/bin/bin/../../lib\libc99-elf.a(__towrite_rw.EP_o)
 .comment           0x1c30         0x58 c:/program files/microchip/xc-dsc/v3.21/bin/bin/../../lib\libc99-elf.a(readv.EP_o)
 .comment           0x1c88         0x58 c:/program files/microchip/xc-dsc/v3.21/bin/bin/../../lib\libc99-elf.a(__push_float.EP_lo)
 .comment           0x1ce0         0x58 c:/program files/microchip/xc-dsc/v3.21/bin/bin/../../lib\libc99-elf.a(__push_int.EP_lo)
 .comment           0x1d38         0x58 c:/program files/microchip/xc-dsc/v3.21/bin/bin/../../lib\libc99-elf.a(stpcpy.EP_o)
 .comment           0x1d90         0x58 c:/program files/microchip/xc-dsc/v3.21/bin/bin/../../lib\libc99-elf.a(__io_buf_needed.EP_o)
 .comment           0x1de8         0x58 c:/program files/microchip/xc-dsc/v3.21/bin/bin/../../lib\libc99-elf.a(__fclose.EP_o)
 .comment           0x1e40         0x58 c:/program files/microchip/xc-dsc/v3.21/bin/bin/../../lib\libc99-elf.a(__fseeko.EP_o)
 .comment           0x1e98         0x58 c:/program files/microchip/xc-dsc/v3.21/bin/bin/../../lib\libc99-elf.a(__ftello.EP_o)
 .comment           0x1ef0         0x58 c:/program files/microchip/xc-dsc/v3.21/bin/bin/../../lib\libc99-elf.a(__putc.EP_o)
 .comment           0x1f48         0x58 c:/program files/microchip/xc-dsc/v3.21/bin/bin/../../lib\libc99-elf.a(putc.EP_o)
 .comment           0x1fa0         0x58 c:/program files/microchip/xc-dsc/v3.21/bin/bin/../../lib\libc99-elf.a(__overflow.EP_o)
 .comment           0x1ff8         0x58 c:/program files/microchip/xc-dsc/v3.21/bin/bin/../../lib\libc99-elf.a(__towrite.EP_o)
 .comment           0x2050         0x58 c:/program files/microchip/xc-dsc/v3.21/bin/bin/../../lib\libc99-elf.a(lseek.EP_o)
 .comment           0x20a8         0x58 c:/program files/microchip/xc-dsc/v3.21/bin/bin/../../lib\libc99-elf.a(__io_file_needed.EP_o)
 .comment           0x2100         0x58 c:/program files/microchip/xc-dsc/v3.21/bin/bin/../../lib\libc99-elf.a(__io_std_needed.EP_o)
 .comment           0x2158         0x58 c:/program files/microchip/xc-dsc/v3.21/bin/bin/../../lib\libc99-elf.a(__fopen.EP_o)
 .comment           0x21b0         0x58 c:/program files/microchip/xc-dsc/v3.21/bin/bin/../../lib\libc99-elf.a(__fwrite.EP_o)
 .comment           0x2208         0x58 c:/program files/microchip/xc-dsc/v3.21/bin/bin/../../lib\libc99-elf.a(__stderr.EP_o)
 .comment           0x2260         0x58 c:/program files/microchip/xc-dsc/v3.21/bin/bin/../../lib\libc99-elf.a(__stdout.EP_o)
 .comment           0x22b8         0x58 c:/program files/microchip/xc-dsc/v3.21/bin/bin/../../lib\libc99-elf.a(syscall_ret.EP_o)
 .comment           0x2310         0x58 c:/program files/microchip/xc-dsc/v3.21/bin/bin/../../lib\libc99-elf.a(__io_init_needed.EP_o)
 .comment           0x2368         0x58 c:/program files/microchip/xc-dsc/v3.21/bin/bin/../../lib\libc99-elf.a(__init_stdio.EP_o)
 .comment           0x23c0         0x58 c:/program files/microchip/xc-dsc/v3.21/bin/bin/../../lib\libc99-pic30-elf.a(read.EPMeo)
 .comment           0x2418         0x58 c:/program files/microchip/xc-dsc/v3.21/bin/bin/../../lib\libc99-pic30-elf.a(close.EPMeo)
 .comment           0x2470         0x58 c:/program files/microchip/xc-dsc/v3.21/bin/bin/../../lib\libc99-pic30-elf.a(write.EPMeo)
 .comment           0x24c8         0x58 c:/program files/microchip/xc-dsc/v3.21/bin/bin/../../lib\libc99-pic30-elf.a(sbrk.EPMeo)
 .comment           0x2520         0x58 c:/program files/microchip/xc-dsc/v3.21/bin/bin/../../lib\libc99-pic30-elf.a(divby10di.EPMeo)
 .comment           0x2578         0x58 c:/program files/microchip/xc-dsc/v3.21/bin/bin/../../lib\libc99-pic30-elf.a(modby10di.EPMeo)
 .comment           0x25d0         0x58 c:/program files/microchip/xc-dsc/v3.21/bin/bin/../../lib\libc99-pic30-elf.a(divmoddi3.EP_o)
 .comment           0x2628         0x58 c:/program files/microchip/xc-dsc/v3.21/bin/bin/../../lib\libc99-pic30-elf.a(muldi3.EP_o)
 .comment           0x2680         0x58 c:/program files/microchip/xc-dsc/v3.21/bin/bin/../../lib\libc99-pic30-elf.a(c30_uart.EPMeo)
 .comment           0x26d8         0x58 c:/program files/microchip/xc-dsc/v3.21/bin/bin/../../lib\libc99-pic30-elf.a(brk.EPMeo)
 .comment           0x2730         0x58 c:/program files/microchip/xc-dsc/v3.21/bin/bin/../../lib\libm-elf.a(copysignl.EP_o)
 .comment           0x2788         0x58 c:/program files/microchip/xc-dsc/v3.21/bin/bin/../../lib\libm-elf.a(fabsl.EP_o)
 .comment           0x27e0         0x58 c:/program files/microchip/xc-dsc/v3.21/bin/bin/../../lib\libm-elf.a(floorl.EP_o)
 .comment           0x2838         0x58 c:/program files/microchip/xc-dsc/v3.21/bin/bin/../../lib\libm-elf.a(fmodl.EP_o)
 .comment           0x2890         0x58 c:/program files/microchip/xc-dsc/v3.21/bin/bin/../../lib\libm-elf.a(scalbnf.EP_o)
 .comment           0x28e8         0x58 c:/program files/microchip/xc-dsc/v3.21/bin/bin/../../lib\libm-elf.a(scalbnl.EP_o)

.debug_info         0x0000      0x14d62
 *(.debug_info)
 .debug_info        0x0000         0x26 build/default/debug/mcc_generated_files/where_was_i.o
 .debug_info        0x0026        0xa75 build/default/debug/mcc_generated_files/pin_manager.o
 .debug_info        0x0a9b        0x6b1 build/default/debug/mcc_generated_files/traps.o
 .debug_info        0x114c        0x562 build/default/debug/mcc_generated_files/reset.o
 .debug_info        0x16ae        0x43e build/default/debug/mcc_generated_files/clock.o
 .debug_info        0x1aec        0x906 build/default/debug/mcc_generated_files/interrupt_manager.o
 .debug_info        0x23f2        0xa3a build/default/debug/mcc_generated_files/system.o
 .debug_info        0x2e2c         0x26 build/default/debug/flash.o
 .debug_info        0x2e52        0x94e build/default/debug/mcc_generated_files/tmr1.o
 .debug_info        0x37a0       0x11f7 build/default/debug/mcc_generated_files/uart1.o
 .debug_info        0x4997       0x1366 build/default/debug/mcc_generated_files/adc1.o
 .debug_info        0x5cfd        0x8e1 build/default/debug/main.o
 .debug_info        0x65de       0x21e3 build/default/debug/nvmpic.o
 .debug_info        0x87c1       0x3ce7 build/default/debug/commands.o
 .debug_info        0xc4a8       0x2a20 build/default/debug/PM.o
 .debug_info        0xeec8       0x16ec build/default/debug/parameters.o
 .debug_info        0x105b4        0x2ca build/default/debug/mcc_generated_files/parser.o
 .debug_info        0x1087e        0x9d1 build/default/debug/mcc_generated_files/gpios.o
 .debug_info        0x1124f       0x2992 build/default/debug/can1.o
 .debug_info        0x13be1        0xaf9 build/default/debug/delay.o
 .debug_info        0x146da         0x26 c:/program files/microchip/xc-dsc/v3.21/bin/bin/../../lib\libc99-pic30-elf.a(feqltle.EP_o)
 .debug_info        0x14700         0x26 c:/program files/microchip/xc-dsc/v3.21/bin/bin/../../lib\libc99-pic30-elf.a(fgtge.EP_o)
 .debug_info        0x14726         0x26 c:/program files/microchip/xc-dsc/v3.21/bin/bin/../../lib\libc99-pic30-elf.a(fixunssfsi.EP_o)
 .debug_info        0x1474c         0x26 c:/program files/microchip/xc-dsc/v3.21/bin/bin/../../lib\libc99-pic30-elf.a(floatsisf.EP_o)
 .debug_info        0x14772         0x26 c:/program files/microchip/xc-dsc/v3.21/bin/bin/../../lib\libc99-pic30-elf.a(floatunsisf.EP_o)
 .debug_info        0x14798         0x26 c:/program files/microchip/xc-dsc/v3.21/bin/bin/../../lib\libc99-pic30-elf.a(funpack.EP_o)
 .debug_info        0x147be         0x26 c:/program files/microchip/xc-dsc/v3.21/bin/bin/../../lib\libc99-pic30-elf.a(udivsi3.EP_o)
 .debug_info        0x147e4         0x26 c:/program files/microchip/xc-dsc/v3.21/bin/bin/../../lib\libc99-pic30-elf.a(addsf3x.EP_o)
 .debug_info        0x1480a         0x26 c:/program files/microchip/xc-dsc/v3.21/bin/bin/../../lib\libc99-pic30-elf.a(divsf3x.EP_o)
 .debug_info        0x14830         0x26 c:/program files/microchip/xc-dsc/v3.21/bin/bin/../../lib\libc99-pic30-elf.a(mulsf3x.EP_o)
 .debug_info        0x14856         0x26 c:/program files/microchip/xc-dsc/v3.21/bin/bin/../../lib\libc99-pic30-elf.a(dnrmpackfx.EP_o)
 .debug_info        0x1487c         0x26 c:/program files/microchip/xc-dsc/v3.21/bin/bin/../../lib\libc99-pic30-elf.a(unpackdnrmfx.EP_o)
 .debug_info        0x148a2         0x26 c:/program files/microchip/xc-dsc/v3.21/bin/bin/../../lib\libc99-pic30-elf.a(typefx.EP_o)
 .debug_info        0x148c8         0x26 c:/program files/microchip/xc-dsc/v3.21/bin/bin/../../lib\libc99-pic30-elf.a(propnanfx.EP_o)
 .debug_info        0x148ee         0x26 c:/program files/microchip/xc-dsc/v3.21/bin/bin/../../lib\libc99-pic30-elf.a(spackfx.EP_o)
 .debug_info        0x14914         0x26 c:/program files/microchip/xc-dsc/v3.21/bin/bin/../../lib\libc99-pic30-elf.a(unpackfx.EP_o)
 .debug_info        0x1493a         0x26 c:/program files/microchip/xc-dsc/v3.21/bin/bin/../../lib\libc99-pic30-elf.a(fcompare.EP_o)
 .debug_info        0x14960         0x26 c:/program files/microchip/xc-dsc/v3.21/bin/bin/../../lib\libc99-pic30-elf.a(floatdisf.EP_o)
 .debug_info        0x14986         0x26 c:/program files/microchip/xc-dsc/v3.21/bin/bin/../../lib\libc99-pic30-elf.a(floatundisf.EP_o)
 .debug_info        0x149ac         0x26 c:/program files/microchip/xc-dsc/v3.21/bin/bin/../../lib\libc99-pic30-elf.a(fpack.EP_o)
 .debug_info        0x149d2         0x26 c:/program files/microchip/xc-dsc/v3.21/bin/bin/../../lib\libc99-pic30-elf.a(funpack2.EP_o)
 .debug_info        0x149f8         0x26 c:/program files/microchip/xc-dsc/v3.21/bin/bin/../../lib\libc99-pic30-elf.a(deqltle.EP_o)
 .debug_info        0x14a1e         0x26 c:/program files/microchip/xc-dsc/v3.21/bin/bin/../../lib\libc99-pic30-elf.a(dgtge.EP_o)
 .debug_info        0x14a44         0x26 c:/program files/microchip/xc-dsc/v3.21/bin/bin/../../lib\libc99-pic30-elf.a(divsi3.EP_o)
 .debug_info        0x14a6a         0x26 c:/program files/microchip/xc-dsc/v3.21/bin/bin/../../lib\libc99-pic30-elf.a(dne.EP_o)
 .debug_info        0x14a90         0x26 c:/program files/microchip/xc-dsc/v3.21/bin/bin/../../lib\libc99-pic30-elf.a(extendsfdf.EP_o)
 .debug_info        0x14ab6         0x26 c:/program files/microchip/xc-dsc/v3.21/bin/bin/../../lib\libc99-pic30-elf.a(fixdfsi.EP_o)
 .debug_info        0x14adc         0x26 c:/program files/microchip/xc-dsc/v3.21/bin/bin/../../lib\libc99-pic30-elf.a(floatsidf.EP_o)
 .debug_info        0x14b02         0x26 c:/program files/microchip/xc-dsc/v3.21/bin/bin/../../lib\libc99-pic30-elf.a(floatunsidf.EP_o)
 .debug_info        0x14b28         0x26 c:/program files/microchip/xc-dsc/v3.21/bin/bin/../../lib\libc99-pic30-elf.a(truncdfsf.EP_o)
 .debug_info        0x14b4e         0x26 c:/program files/microchip/xc-dsc/v3.21/bin/bin/../../lib\libc99-pic30-elf.a(umodsi3.EP_o)
 .debug_info        0x14b74         0x26 c:/program files/microchip/xc-dsc/v3.21/bin/bin/../../lib\libc99-pic30-elf.a(dpadd.EP_o)
 .debug_info        0x14b9a         0x26 c:/program files/microchip/xc-dsc/v3.21/bin/bin/../../lib\libc99-pic30-elf.a(dpdiv.EP_o)
 .debug_info        0x14bc0         0x26 c:/program files/microchip/xc-dsc/v3.21/bin/bin/../../lib\libc99-pic30-elf.a(dpmul.EP_o)
 .debug_info        0x14be6         0x26 c:/program files/microchip/xc-dsc/v3.21/bin/bin/../../lib\libc99-pic30-elf.a(dpsubs.EP_o)
 .debug_info        0x14c0c         0x26 c:/program files/microchip/xc-dsc/v3.21/bin/bin/../../lib\libc99-pic30-elf.a(dcompare.EP_o)
 .debug_info        0x14c32         0x26 c:/program files/microchip/xc-dsc/v3.21/bin/bin/../../lib\libc99-pic30-elf.a(dtype.EP_o)
 .debug_info        0x14c58         0x26 c:/program files/microchip/xc-dsc/v3.21/bin/bin/../../lib\libc99-pic30-elf.a(dunpack.EP_o)
 .debug_info        0x14c7e         0x26 c:/program files/microchip/xc-dsc/v3.21/bin/bin/../../lib\libc99-pic30-elf.a(dunpack2.EP_o)
 .debug_info        0x14ca4         0x26 c:/program files/microchip/xc-dsc/v3.21/bin/bin/../../lib\libc99-pic30-elf.a(floatdidf.EP_o)
 .debug_info        0x14cca         0x26 c:/program files/microchip/xc-dsc/v3.21/bin/bin/../../lib\libc99-pic30-elf.a(floatundidf.EP_o)
 .debug_info        0x14cf0         0x26 c:/program files/microchip/xc-dsc/v3.21/bin/bin/../../lib\libc99-pic30-elf.a(dpack.EP_o)
 .debug_info        0x14d16         0x26 c:/program files/microchip/xc-dsc/v3.21/bin/bin/../../lib\libc99-pic30-elf.a(dpropagateNaN.EP_o)
 .debug_info        0x14d3c         0x26 c:/program files/microchip/xc-dsc/v3.21/bin/bin/../../lib\libc99-pic30-elf.a(umuldi3.EP_o)
 *(.gnu.linkonce.wi.*)

.debug_abbrev       0x0000       0x21ea
 *(.debug_abbrev)
 .debug_abbrev      0x0000         0x14 build/default/debug/mcc_generated_files/where_was_i.o
 .debug_abbrev      0x0014         0xd4 build/default/debug/mcc_generated_files/pin_manager.o
 .debug_abbrev      0x00e8        0x13d build/default/debug/mcc_generated_files/traps.o
 .debug_abbrev      0x0225        0x12a build/default/debug/mcc_generated_files/reset.o
 .debug_abbrev      0x034f         0xc9 build/default/debug/mcc_generated_files/clock.o
 .debug_abbrev      0x0418         0xc9 build/default/debug/mcc_generated_files/interrupt_manager.o
 .debug_abbrev      0x04e1        0x120 build/default/debug/mcc_generated_files/system.o
 .debug_abbrev      0x0601         0x14 build/default/debug/flash.o
 .debug_abbrev      0x0615        0x1c3 build/default/debug/mcc_generated_files/tmr1.o
 .debug_abbrev      0x07d8        0x23e build/default/debug/mcc_generated_files/uart1.o
 .debug_abbrev      0x0a16        0x17f build/default/debug/mcc_generated_files/adc1.o
 .debug_abbrev      0x0b95        0x10e build/default/debug/main.o
 .debug_abbrev      0x0ca3        0x33b build/default/debug/nvmpic.o
 .debug_abbrev      0x0fde        0x2ca build/default/debug/commands.o
 .debug_abbrev      0x12a8        0x2a2 build/default/debug/PM.o
 .debug_abbrev      0x154a        0x233 build/default/debug/parameters.o
 .debug_abbrev      0x177d         0xe2 build/default/debug/mcc_generated_files/parser.o
 .debug_abbrev      0x185f        0x182 build/default/debug/mcc_generated_files/gpios.o
 .debug_abbrev      0x19e1        0x300 build/default/debug/can1.o
 .debug_abbrev      0x1ce1        0x199 build/default/debug/delay.o
 .debug_abbrev      0x1e7a         0x14 c:/program files/microchip/xc-dsc/v3.21/bin/bin/../../lib\libc99-pic30-elf.a(feqltle.EP_o)
 .debug_abbrev      0x1e8e         0x14 c:/program files/microchip/xc-dsc/v3.21/bin/bin/../../lib\libc99-pic30-elf.a(fgtge.EP_o)
 .debug_abbrev      0x1ea2         0x14 c:/program files/microchip/xc-dsc/v3.21/bin/bin/../../lib\libc99-pic30-elf.a(fixunssfsi.EP_o)
 .debug_abbrev      0x1eb6         0x14 c:/program files/microchip/xc-dsc/v3.21/bin/bin/../../lib\libc99-pic30-elf.a(floatsisf.EP_o)
 .debug_abbrev      0x1eca         0x14 c:/program files/microchip/xc-dsc/v3.21/bin/bin/../../lib\libc99-pic30-elf.a(floatunsisf.EP_o)
 .debug_abbrev      0x1ede         0x14 c:/program files/microchip/xc-dsc/v3.21/bin/bin/../../lib\libc99-pic30-elf.a(funpack.EP_o)
 .debug_abbrev      0x1ef2         0x14 c:/program files/microchip/xc-dsc/v3.21/bin/bin/../../lib\libc99-pic30-elf.a(udivsi3.EP_o)
 .debug_abbrev      0x1f06         0x14 c:/program files/microchip/xc-dsc/v3.21/bin/bin/../../lib\libc99-pic30-elf.a(addsf3x.EP_o)
 .debug_abbrev      0x1f1a         0x14 c:/program files/microchip/xc-dsc/v3.21/bin/bin/../../lib\libc99-pic30-elf.a(divsf3x.EP_o)
 .debug_abbrev      0x1f2e         0x14 c:/program files/microchip/xc-dsc/v3.21/bin/bin/../../lib\libc99-pic30-elf.a(mulsf3x.EP_o)
 .debug_abbrev      0x1f42         0x14 c:/program files/microchip/xc-dsc/v3.21/bin/bin/../../lib\libc99-pic30-elf.a(dnrmpackfx.EP_o)
 .debug_abbrev      0x1f56         0x14 c:/program files/microchip/xc-dsc/v3.21/bin/bin/../../lib\libc99-pic30-elf.a(unpackdnrmfx.EP_o)
 .debug_abbrev      0x1f6a         0x14 c:/program files/microchip/xc-dsc/v3.21/bin/bin/../../lib\libc99-pic30-elf.a(typefx.EP_o)
 .debug_abbrev      0x1f7e         0x14 c:/program files/microchip/xc-dsc/v3.21/bin/bin/../../lib\libc99-pic30-elf.a(propnanfx.EP_o)
 .debug_abbrev      0x1f92         0x14 c:/program files/microchip/xc-dsc/v3.21/bin/bin/../../lib\libc99-pic30-elf.a(spackfx.EP_o)
 .debug_abbrev      0x1fa6         0x14 c:/program files/microchip/xc-dsc/v3.21/bin/bin/../../lib\libc99-pic30-elf.a(unpackfx.EP_o)
 .debug_abbrev      0x1fba         0x14 c:/program files/microchip/xc-dsc/v3.21/bin/bin/../../lib\libc99-pic30-elf.a(fcompare.EP_o)
 .debug_abbrev      0x1fce         0x14 c:/program files/microchip/xc-dsc/v3.21/bin/bin/../../lib\libc99-pic30-elf.a(floatdisf.EP_o)
 .debug_abbrev      0x1fe2         0x14 c:/program files/microchip/xc-dsc/v3.21/bin/bin/../../lib\libc99-pic30-elf.a(floatundisf.EP_o)
 .debug_abbrev      0x1ff6         0x14 c:/program files/microchip/xc-dsc/v3.21/bin/bin/../../lib\libc99-pic30-elf.a(fpack.EP_o)
 .debug_abbrev      0x200a         0x14 c:/program files/microchip/xc-dsc/v3.21/bin/bin/../../lib\libc99-pic30-elf.a(funpack2.EP_o)
 .debug_abbrev      0x201e         0x14 c:/program files/microchip/xc-dsc/v3.21/bin/bin/../../lib\libc99-pic30-elf.a(deqltle.EP_o)
 .debug_abbrev      0x2032         0x14 c:/program files/microchip/xc-dsc/v3.21/bin/bin/../../lib\libc99-pic30-elf.a(dgtge.EP_o)
 .debug_abbrev      0x2046         0x14 c:/program files/microchip/xc-dsc/v3.21/bin/bin/../../lib\libc99-pic30-elf.a(divsi3.EP_o)
 .debug_abbrev      0x205a         0x14 c:/program files/microchip/xc-dsc/v3.21/bin/bin/../../lib\libc99-pic30-elf.a(dne.EP_o)
 .debug_abbrev      0x206e         0x14 c:/program files/microchip/xc-dsc/v3.21/bin/bin/../../lib\libc99-pic30-elf.a(extendsfdf.EP_o)
 .debug_abbrev      0x2082         0x14 c:/program files/microchip/xc-dsc/v3.21/bin/bin/../../lib\libc99-pic30-elf.a(fixdfsi.EP_o)
 .debug_abbrev      0x2096         0x14 c:/program files/microchip/xc-dsc/v3.21/bin/bin/../../lib\libc99-pic30-elf.a(floatsidf.EP_o)
 .debug_abbrev      0x20aa         0x14 c:/program files/microchip/xc-dsc/v3.21/bin/bin/../../lib\libc99-pic30-elf.a(floatunsidf.EP_o)
 .debug_abbrev      0x20be         0x14 c:/program files/microchip/xc-dsc/v3.21/bin/bin/../../lib\libc99-pic30-elf.a(truncdfsf.EP_o)
 .debug_abbrev      0x20d2         0x14 c:/program files/microchip/xc-dsc/v3.21/bin/bin/../../lib\libc99-pic30-elf.a(umodsi3.EP_o)
 .debug_abbrev      0x20e6         0x14 c:/program files/microchip/xc-dsc/v3.21/bin/bin/../../lib\libc99-pic30-elf.a(dpadd.EP_o)
 .debug_abbrev      0x20fa         0x14 c:/program files/microchip/xc-dsc/v3.21/bin/bin/../../lib\libc99-pic30-elf.a(dpdiv.EP_o)
 .debug_abbrev      0x210e         0x14 c:/program files/microchip/xc-dsc/v3.21/bin/bin/../../lib\libc99-pic30-elf.a(dpmul.EP_o)
 .debug_abbrev      0x2122         0x14 c:/program files/microchip/xc-dsc/v3.21/bin/bin/../../lib\libc99-pic30-elf.a(dpsubs.EP_o)
 .debug_abbrev      0x2136         0x14 c:/program files/microchip/xc-dsc/v3.21/bin/bin/../../lib\libc99-pic30-elf.a(dcompare.EP_o)
 .debug_abbrev      0x214a         0x14 c:/program files/microchip/xc-dsc/v3.21/bin/bin/../../lib\libc99-pic30-elf.a(dtype.EP_o)
 .debug_abbrev      0x215e         0x14 c:/program files/microchip/xc-dsc/v3.21/bin/bin/../../lib\libc99-pic30-elf.a(dunpack.EP_o)
 .debug_abbrev      0x2172         0x14 c:/program files/microchip/xc-dsc/v3.21/bin/bin/../../lib\libc99-pic30-elf.a(dunpack2.EP_o)
 .debug_abbrev      0x2186         0x14 c:/program files/microchip/xc-dsc/v3.21/bin/bin/../../lib\libc99-pic30-elf.a(floatdidf.EP_o)
 .debug_abbrev      0x219a         0x14 c:/program files/microchip/xc-dsc/v3.21/bin/bin/../../lib\libc99-pic30-elf.a(floatundidf.EP_o)
 .debug_abbrev      0x21ae         0x14 c:/program files/microchip/xc-dsc/v3.21/bin/bin/../../lib\libc99-pic30-elf.a(dpack.EP_o)
 .debug_abbrev      0x21c2         0x14 c:/program files/microchip/xc-dsc/v3.21/bin/bin/../../lib\libc99-pic30-elf.a(dpropagateNaN.EP_o)
 .debug_abbrev      0x21d6         0x14 c:/program files/microchip/xc-dsc/v3.21/bin/bin/../../lib\libc99-pic30-elf.a(umuldi3.EP_o)

.debug_line         0x0000       0x62c0
 *(.debug_line)
 .debug_line        0x0000          0x0 build/default/debug/mcc_generated_files/mcc.o
 .debug_line        0x0000         0x58 build/default/debug/mcc_generated_files/where_was_i.o
 .debug_line        0x0058        0x175 build/default/debug/mcc_generated_files/pin_manager.o
 .debug_line        0x01cd        0x1bf build/default/debug/mcc_generated_files/traps.o
 .debug_line        0x038c        0x1fa build/default/debug/mcc_generated_files/reset.o
 .debug_line        0x0586        0x155 build/default/debug/mcc_generated_files/clock.o
 .debug_line        0x06db        0x142 build/default/debug/mcc_generated_files/interrupt_manager.o
 .debug_line        0x081d        0x1c1 build/default/debug/mcc_generated_files/system.o
 .debug_line        0x09de         0xc0 build/default/debug/flash.o
 .debug_line        0x0a9e        0x1d5 build/default/debug/mcc_generated_files/tmr1.o
 .debug_line        0x0c73        0x326 build/default/debug/mcc_generated_files/uart1.o
 .debug_line        0x0f99        0x218 build/default/debug/mcc_generated_files/adc1.o
 .debug_line        0x11b1         0xec build/default/debug/main.o
 .debug_line        0x129d        0xc97 build/default/debug/nvmpic.o
 .debug_line        0x1f34       0x1d1c build/default/debug/commands.o
 .debug_line        0x3c50        0x5dd build/default/debug/PM.o
 .debug_line        0x422d        0x19e build/default/debug/parameters.o
 .debug_line        0x43cb         0xa1 build/default/debug/mcc_generated_files/parser.o
 .debug_line        0x446c        0x342 build/default/debug/mcc_generated_files/gpios.o
 .debug_line        0x47ae        0x66d build/default/debug/can1.o
 .debug_line        0x4e1b        0x1a6 build/default/debug/delay.o
 .debug_line        0x4fc1         0x3a c:/program files/microchip/xc-dsc/v3.21/bin/bin/../../lib\libc99-pic30-elf.a(feqltle.EP_o)
 .debug_line        0x4ffb         0x38 c:/program files/microchip/xc-dsc/v3.21/bin/bin/../../lib\libc99-pic30-elf.a(fgtge.EP_o)
 .debug_line        0x5033         0x56 c:/program files/microchip/xc-dsc/v3.21/bin/bin/../../lib\libc99-pic30-elf.a(fixunssfsi.EP_o)
 .debug_line        0x5089         0x3d c:/program files/microchip/xc-dsc/v3.21/bin/bin/../../lib\libc99-pic30-elf.a(floatsisf.EP_o)
 .debug_line        0x50c6         0x3e c:/program files/microchip/xc-dsc/v3.21/bin/bin/../../lib\libc99-pic30-elf.a(floatunsisf.EP_o)
 .debug_line        0x5104         0x4d c:/program files/microchip/xc-dsc/v3.21/bin/bin/../../lib\libc99-pic30-elf.a(funpack.EP_o)
 .debug_line        0x5151         0x48 c:/program files/microchip/xc-dsc/v3.21/bin/bin/../../lib\libc99-pic30-elf.a(udivsi3.EP_o)
 .debug_line        0x5199        0x145 c:/program files/microchip/xc-dsc/v3.21/bin/bin/../../lib\libc99-pic30-elf.a(addsf3x.EP_o)
 .debug_line        0x52de        0x130 c:/program files/microchip/xc-dsc/v3.21/bin/bin/../../lib\libc99-pic30-elf.a(divsf3x.EP_o)
 .debug_line        0x540e         0xcf c:/program files/microchip/xc-dsc/v3.21/bin/bin/../../lib\libc99-pic30-elf.a(mulsf3x.EP_o)
 .debug_line        0x54dd         0x75 c:/program files/microchip/xc-dsc/v3.21/bin/bin/../../lib\libc99-pic30-elf.a(dnrmpackfx.EP_o)
 .debug_line        0x5552         0x7d c:/program files/microchip/xc-dsc/v3.21/bin/bin/../../lib\libc99-pic30-elf.a(unpackdnrmfx.EP_o)
 .debug_line        0x55cf         0x61 c:/program files/microchip/xc-dsc/v3.21/bin/bin/../../lib\libc99-pic30-elf.a(typefx.EP_o)
 .debug_line        0x5630         0x54 c:/program files/microchip/xc-dsc/v3.21/bin/bin/../../lib\libc99-pic30-elf.a(propnanfx.EP_o)
 .debug_line        0x5684         0x9b c:/program files/microchip/xc-dsc/v3.21/bin/bin/../../lib\libc99-pic30-elf.a(spackfx.EP_o)
 .debug_line        0x571f         0x7c c:/program files/microchip/xc-dsc/v3.21/bin/bin/../../lib\libc99-pic30-elf.a(unpackfx.EP_o)
 .debug_line        0x579b         0x56 c:/program files/microchip/xc-dsc/v3.21/bin/bin/../../lib\libc99-pic30-elf.a(fcompare.EP_o)
 .debug_line        0x57f1         0x4a c:/program files/microchip/xc-dsc/v3.21/bin/bin/../../lib\libc99-pic30-elf.a(floatdisf.EP_o)
 .debug_line        0x583b         0x73 c:/program files/microchip/xc-dsc/v3.21/bin/bin/../../lib\libc99-pic30-elf.a(floatundisf.EP_o)
 .debug_line        0x58ae         0x5d c:/program files/microchip/xc-dsc/v3.21/bin/bin/../../lib\libc99-pic30-elf.a(fpack.EP_o)
 .debug_line        0x590b         0x45 c:/program files/microchip/xc-dsc/v3.21/bin/bin/../../lib\libc99-pic30-elf.a(funpack2.EP_o)
 .debug_line        0x5950         0x3d c:/program files/microchip/xc-dsc/v3.21/bin/bin/../../lib\libc99-pic30-elf.a(deqltle.EP_o)
 .debug_line        0x598d         0x3b c:/program files/microchip/xc-dsc/v3.21/bin/bin/../../lib\libc99-pic30-elf.a(dgtge.EP_o)
 .debug_line        0x59c8         0x46 c:/program files/microchip/xc-dsc/v3.21/bin/bin/../../lib\libc99-pic30-elf.a(divsi3.EP_o)
 .debug_line        0x5a0e         0x39 c:/program files/microchip/xc-dsc/v3.21/bin/bin/../../lib\libc99-pic30-elf.a(dne.EP_o)
 .debug_line        0x5a47         0x5c c:/program files/microchip/xc-dsc/v3.21/bin/bin/../../lib\libc99-pic30-elf.a(extendsfdf.EP_o)
 .debug_line        0x5aa3         0x67 c:/program files/microchip/xc-dsc/v3.21/bin/bin/../../lib\libc99-pic30-elf.a(fixdfsi.EP_o)
 .debug_line        0x5b0a         0x3d c:/program files/microchip/xc-dsc/v3.21/bin/bin/../../lib\libc99-pic30-elf.a(floatsidf.EP_o)
 .debug_line        0x5b47         0x3e c:/program files/microchip/xc-dsc/v3.21/bin/bin/../../lib\libc99-pic30-elf.a(floatunsidf.EP_o)
 .debug_line        0x5b85         0x69 c:/program files/microchip/xc-dsc/v3.21/bin/bin/../../lib\libc99-pic30-elf.a(truncdfsf.EP_o)
 .debug_line        0x5bee         0x3b c:/program files/microchip/xc-dsc/v3.21/bin/bin/../../lib\libc99-pic30-elf.a(umodsi3.EP_o)
 .debug_line        0x5c29         0xa5 c:/program files/microchip/xc-dsc/v3.21/bin/bin/../../lib\libc99-pic30-elf.a(dpadd.EP_o)
 .debug_line        0x5cce        0x103 c:/program files/microchip/xc-dsc/v3.21/bin/bin/../../lib\libc99-pic30-elf.a(dpdiv.EP_o)
 .debug_line        0x5dd1         0xe1 c:/program files/microchip/xc-dsc/v3.21/bin/bin/../../lib\libc99-pic30-elf.a(dpmul.EP_o)
 .debug_line        0x5eb2         0xeb c:/program files/microchip/xc-dsc/v3.21/bin/bin/../../lib\libc99-pic30-elf.a(dpsubs.EP_o)
 .debug_line        0x5f9d         0x66 c:/program files/microchip/xc-dsc/v3.21/bin/bin/../../lib\libc99-pic30-elf.a(dcompare.EP_o)
 .debug_line        0x6003         0x48 c:/program files/microchip/xc-dsc/v3.21/bin/bin/../../lib\libc99-pic30-elf.a(dtype.EP_o)
 .debug_line        0x604b         0x5f c:/program files/microchip/xc-dsc/v3.21/bin/bin/../../lib\libc99-pic30-elf.a(dunpack.EP_o)
 .debug_line        0x60aa         0x54 c:/program files/microchip/xc-dsc/v3.21/bin/bin/../../lib\libc99-pic30-elf.a(dunpack2.EP_o)
 .debug_line        0x60fe         0x4a c:/program files/microchip/xc-dsc/v3.21/bin/bin/../../lib\libc99-pic30-elf.a(floatdidf.EP_o)
 .debug_line        0x6148         0x6b c:/program files/microchip/xc-dsc/v3.21/bin/bin/../../lib\libc99-pic30-elf.a(floatundidf.EP_o)
 .debug_line        0x61b3         0x62 c:/program files/microchip/xc-dsc/v3.21/bin/bin/../../lib\libc99-pic30-elf.a(dpack.EP_o)
 .debug_line        0x6215         0x4f c:/program files/microchip/xc-dsc/v3.21/bin/bin/../../lib\libc99-pic30-elf.a(dpropagateNaN.EP_o)
 .debug_line        0x6264         0x5c c:/program files/microchip/xc-dsc/v3.21/bin/bin/../../lib\libc99-pic30-elf.a(umuldi3.EP_o)

.debug_frame        0x0000       0x12d0
 *(.debug_frame)
 .debug_frame       0x0000         0x2e build/default/debug/mcc_generated_files/pin_manager.o
 .debug_frame       0x002e        0x136 build/default/debug/mcc_generated_files/traps.o
 .debug_frame       0x0164        0x118 build/default/debug/mcc_generated_files/reset.o
 .debug_frame       0x027c         0x2e build/default/debug/mcc_generated_files/clock.o
 .debug_frame       0x02aa         0x2e build/default/debug/mcc_generated_files/interrupt_manager.o
 .debug_frame       0x02d8         0x62 build/default/debug/mcc_generated_files/system.o
 .debug_frame       0x033a        0x16e build/default/debug/mcc_generated_files/tmr1.o
 .debug_frame       0x04a8        0x19a build/default/debug/mcc_generated_files/uart1.o
 .debug_frame       0x0642         0xec build/default/debug/mcc_generated_files/adc1.o
 .debug_frame       0x072e         0x48 build/default/debug/main.o
 .debug_frame       0x0776        0x26a build/default/debug/nvmpic.o
 .debug_frame       0x09e0        0x110 build/default/debug/commands.o
 .debug_frame       0x0af0        0x2ea build/default/debug/PM.o
 .debug_frame       0x0dda        0x19a build/default/debug/parameters.o
 .debug_frame       0x0f74         0x50 build/default/debug/mcc_generated_files/parser.o
 .debug_frame       0x0fc4         0xca build/default/debug/mcc_generated_files/gpios.o
 .debug_frame       0x108e        0x170 build/default/debug/can1.o
 .debug_frame       0x11fe         0xd2 build/default/debug/delay.o

.debug_str          0x0000       0x1206
 *(.debug_str)
 .debug_str         0x0000          0x0 build/default/debug/mcc_generated_files/mcc.o
 .debug_str         0x0000         0x47 build/default/debug/mcc_generated_files/where_was_i.o
 .debug_str         0x0047          0xd build/default/debug/mcc_generated_files/pin_manager.o
 .debug_str         0x0054          0xd build/default/debug/mcc_generated_files/traps.o
 .debug_str         0x0061         0x17 build/default/debug/mcc_generated_files/reset.o
 .debug_str         0x0078          0x0 build/default/debug/mcc_generated_files/clock.o
 .debug_str         0x0078          0x0 build/default/debug/mcc_generated_files/interrupt_manager.o
 .debug_str         0x0078          0xd build/default/debug/mcc_generated_files/system.o
 .debug_str         0x0085         0x2d build/default/debug/flash.o
 .debug_str         0x00b2          0xd build/default/debug/mcc_generated_files/tmr1.o
 .debug_str         0x00bf         0x1b build/default/debug/mcc_generated_files/uart1.o
 .debug_str         0x00da          0xd build/default/debug/mcc_generated_files/adc1.o
 .debug_str         0x00e7          0xd build/default/debug/main.o
 .debug_str         0x00f4         0xa5 build/default/debug/nvmpic.o
 .debug_str         0x0199        0x147 build/default/debug/commands.o
 .debug_str         0x02e0         0x2b build/default/debug/PM.o
 .debug_str         0x030b         0x56 build/default/debug/parameters.o
 .debug_str         0x0361          0xd build/default/debug/mcc_generated_files/parser.o
 .debug_str         0x036e         0x14 build/default/debug/mcc_generated_files/gpios.o
 .debug_str         0x0382         0x4e build/default/debug/can1.o
 .debug_str         0x03d0          0x0 build/default/debug/delay.o
 .debug_str         0x03d0         0x4c c:/program files/microchip/xc-dsc/v3.21/bin/bin/../../lib\libc99-pic30-elf.a(feqltle.EP_o)
 .debug_str         0x041c         0x4a c:/program files/microchip/xc-dsc/v3.21/bin/bin/../../lib\libc99-pic30-elf.a(fgtge.EP_o)
 .debug_str         0x0466         0x4f c:/program files/microchip/xc-dsc/v3.21/bin/bin/../../lib\libc99-pic30-elf.a(fixunssfsi.EP_o)
 .debug_str         0x04b5         0x4e c:/program files/microchip/xc-dsc/v3.21/bin/bin/../../lib\libc99-pic30-elf.a(floatsisf.EP_o)
 .debug_str         0x0503         0x50 c:/program files/microchip/xc-dsc/v3.21/bin/bin/../../lib\libc99-pic30-elf.a(floatunsisf.EP_o)
 .debug_str         0x0553         0x4c c:/program files/microchip/xc-dsc/v3.21/bin/bin/../../lib\libc99-pic30-elf.a(funpack.EP_o)
 .debug_str         0x059f         0x4c c:/program files/microchip/xc-dsc/v3.21/bin/bin/../../lib\libc99-pic30-elf.a(udivsi3.EP_o)
 .debug_str         0x05eb         0x5c c:/program files/microchip/xc-dsc/v3.21/bin/bin/../../lib\libc99-pic30-elf.a(addsf3x.EP_o)
 .debug_str         0x0647         0x5c c:/program files/microchip/xc-dsc/v3.21/bin/bin/../../lib\libc99-pic30-elf.a(divsf3x.EP_o)
 .debug_str         0x06a3         0x5c c:/program files/microchip/xc-dsc/v3.21/bin/bin/../../lib\libc99-pic30-elf.a(mulsf3x.EP_o)
 .debug_str         0x06ff         0x5f c:/program files/microchip/xc-dsc/v3.21/bin/bin/../../lib\libc99-pic30-elf.a(dnrmpackfx.EP_o)
 .debug_str         0x075e         0x61 c:/program files/microchip/xc-dsc/v3.21/bin/bin/../../lib\libc99-pic30-elf.a(unpackdnrmfx.EP_o)
 .debug_str         0x07bf         0x5b c:/program files/microchip/xc-dsc/v3.21/bin/bin/../../lib\libc99-pic30-elf.a(typefx.EP_o)
 .debug_str         0x081a         0x5e c:/program files/microchip/xc-dsc/v3.21/bin/bin/../../lib\libc99-pic30-elf.a(propnanfx.EP_o)
 .debug_str         0x0878         0x5c c:/program files/microchip/xc-dsc/v3.21/bin/bin/../../lib\libc99-pic30-elf.a(spackfx.EP_o)
 .debug_str         0x08d4         0x5d c:/program files/microchip/xc-dsc/v3.21/bin/bin/../../lib\libc99-pic30-elf.a(unpackfx.EP_o)
 .debug_str         0x0931         0x4d c:/program files/microchip/xc-dsc/v3.21/bin/bin/../../lib\libc99-pic30-elf.a(fcompare.EP_o)
 .debug_str         0x097e         0x4e c:/program files/microchip/xc-dsc/v3.21/bin/bin/../../lib\libc99-pic30-elf.a(floatdisf.EP_o)
 .debug_str         0x09cc         0x50 c:/program files/microchip/xc-dsc/v3.21/bin/bin/../../lib\libc99-pic30-elf.a(floatundisf.EP_o)
 .debug_str         0x0a1c         0x4a c:/program files/microchip/xc-dsc/v3.21/bin/bin/../../lib\libc99-pic30-elf.a(fpack.EP_o)
 .debug_str         0x0a66         0x4d c:/program files/microchip/xc-dsc/v3.21/bin/bin/../../lib\libc99-pic30-elf.a(funpack2.EP_o)
 .debug_str         0x0ab3         0x4c c:/program files/microchip/xc-dsc/v3.21/bin/bin/../../lib\libc99-pic30-elf.a(deqltle.EP_o)
 .debug_str         0x0aff         0x4a c:/program files/microchip/xc-dsc/v3.21/bin/bin/../../lib\libc99-pic30-elf.a(dgtge.EP_o)
 .debug_str         0x0b49         0x4b c:/program files/microchip/xc-dsc/v3.21/bin/bin/../../lib\libc99-pic30-elf.a(divsi3.EP_o)
 .debug_str         0x0b94         0x48 c:/program files/microchip/xc-dsc/v3.21/bin/bin/../../lib\libc99-pic30-elf.a(dne.EP_o)
 .debug_str         0x0bdc         0x4f c:/program files/microchip/xc-dsc/v3.21/bin/bin/../../lib\libc99-pic30-elf.a(extendsfdf.EP_o)
 .debug_str         0x0c2b         0x4c c:/program files/microchip/xc-dsc/v3.21/bin/bin/../../lib\libc99-pic30-elf.a(fixdfsi.EP_o)
 .debug_str         0x0c77         0x4e c:/program files/microchip/xc-dsc/v3.21/bin/bin/../../lib\libc99-pic30-elf.a(floatsidf.EP_o)
 .debug_str         0x0cc5         0x50 c:/program files/microchip/xc-dsc/v3.21/bin/bin/../../lib\libc99-pic30-elf.a(floatunsidf.EP_o)
 .debug_str         0x0d15         0x4e c:/program files/microchip/xc-dsc/v3.21/bin/bin/../../lib\libc99-pic30-elf.a(truncdfsf.EP_o)
 .debug_str         0x0d63         0x4c c:/program files/microchip/xc-dsc/v3.21/bin/bin/../../lib\libc99-pic30-elf.a(umodsi3.EP_o)