Microchip Technology Inc, v3.21 (B)

Tool Name:
  c:\program files\microchip\xc-dsc\v3.21\bin\bin\..\bin/elf-ld.exe

Command:
  -p33EP256GP506 \
  --mdfp=C:/Program Files/Microchip/MPLABX/v6.20/packs/Microchip/dsPIC33E-GM-GP-MC-GU-MU_DFP/1.5.258/xc16 \
  -o \
  dist/default/production/AQ_OBD.X.production.elf \
  -Lc:/program files/microchip/xc-dsc/v3.21/bin/bin/.. \
  -LC:/Program Files/Microchip/MPLABX/v6.20/packs/Microchip/dsPIC33E-GM-GP-MC-GU-MU_DFP/1.5.258/xc16/bin/../support/PIC24E/gld \
  -LC:/Program Files/Microchip/MPLABX/v6.20/packs/Microchip/dsPIC33E-GM-GP-MC-GU-MU_DFP/1.5.258/xc16/bin/../support/dsPIC33E/gld \
  -Lc:/program files/microchip/xc-dsc/v3.21/bin/bin/../../lib \
  -Lc:/program files/microchip/xc-dsc/v3.21/bin/bin/../../support/dsPIC30F/gld \
  -Lc:/program files/microchip/xc-dsc/v3.21/bin/bin/../../support/dsPIC33C/gld \
  -Lc:/program files/microchip/xc-dsc/v3.21/bin/bin/../../support/dsPIC33E/gld \
  -Lc:/program files/microchip/xc-dsc/v3.21/bin/bin/../../support/dsPIC33A/gld \
  -Lc:/program files/microchip/xc-dsc/v3.21/bin/bin/../../support/dsPIC33F/gld \
  build/default/production/mcc_generated_files/mcc.o \
  build/default/production/mcc_generated_files/where_was_i.o \
  build/default/production/mcc_generated_files/pin_manager.o \
  build/default/production/mcc_generated_files/traps.o \
  build/default/production/mcc_generated_files/reset.o \
  build/default/production/mcc_generated_files/clock.o \
  build/default/production/mcc_generated_files/interrupt_manager.o \
  build/default/production/mcc_generated_files/system.o \
  build/default/production/flash.o \
  build/default/production/mcc_generated_files/tmr1.o \
  build/default/production/mcc_generated_files/uart1.o \
  build/default/production/mcc_generated_files/adc1.o \
  build/default/production/main.o \
  build/default/production/nvmpic.o \
  build/default/production/commands.o \
  build/default/production/PM.o \
  build/default/production/parameters.o \
  build/default/production/mcc_generated_files/parser.o \
  build/default/production/mcc_generated_files/gpios.o \
  build/default/production/can1.o \
  build/default/production/delay.o \
  build/default/production/led.o \
  --local-stack \
  --defsym=__MPLAB_BUILD=1 \
  -Tp33EP256GP506.gld.00 \
  --stack=16 \
  --check-sections \
  --data-init \
  --pack-data \
  --handles \
  --isr \
  --no-gc-sections \
  --fill-upper=0 \
  --stackguard=16 \
  --no-force-link \
  --smart-io \
  -Map=dist/default/production/AQ_OBD.X.production.map \
  --report-mem \
  --memorysummary \
  dist/default/production/memoryfile.xml \
  -start-group \
  --library=c99-pic30-elf \
  --library=m-elf \
  --library=c99-elf \
  -end-group \


Optional library libp33EP256GP506.a not found
Archive member included to satisfy reference by file (symbol)

c:/program files/microchip/xc-dsc/v3.21/bin/bin/../../lib\libc99-pic30-elf.a(crt_start_mode_normal.EPMeo)
                              (__crt_start_mode_normal)
c:/program files/microchip/xc-dsc/v3.21/bin/bin/../../lib\libc99-pic30-elf.a(delay32.EPMeo)
                              build/default/production/main.o (___delay32)
c:/program files/microchip/xc-dsc/v3.21/bin/bin/../../lib\libc99-pic30-elf.a(crt0_extendedep.o)
                              (__resetPRI)
c:/program files/microchip/xc-dsc/v3.21/bin/bin/../../lib\libc99-pic30-elf.a(data_init_extended.o)
                              c:/program files/microchip/xc-dsc/v3.21/bin/bin/../../lib\libc99-pic30-elf.a(crt0_extendedep.o) (__data_init_extended)
c:/program files/microchip/xc-dsc/v3.21/bin/bin/../../lib\libc99-pic30-elf.a(feqltle.EP_o)
                              build/default/production/PM.o (___ltsf2)
c:/program files/microchip/xc-dsc/v3.21/bin/bin/../../lib\libc99-pic30-elf.a(fgtge.EP_o)
                              build/default/production/PM.o (___gtsf2)
c:/program files/microchip/xc-dsc/v3.21/bin/bin/../../lib\libc99-pic30-elf.a(fixunssfsi.EP_o)
                              build/default/production/mcc_generated_files/uart1.o (___fixunssfsi)
c:/program files/microchip/xc-dsc/v3.21/bin/bin/../../lib\libc99-pic30-elf.a(floatsisf.EP_o)
                              build/default/production/nvmpic.o (___floatsisf)
c:/program files/microchip/xc-dsc/v3.21/bin/bin/../../lib\libc99-pic30-elf.a(floatunsisf.EP_o)
                              build/default/production/mcc_generated_files/uart1.o (___floatunsisf)
c:/program files/microchip/xc-dsc/v3.21/bin/bin/../../lib\libc99-pic30-elf.a(funpack.EP_o)
                              c:/program files/microchip/xc-dsc/v3.21/bin/bin/../../lib\libc99-pic30-elf.a(fixunssfsi.EP_o) (__funpack)
c:/program files/microchip/xc-dsc/v3.21/bin/bin/../../lib\libc99-pic30-elf.a(udivsi3.EP_o)
                              build/default/production/mcc_generated_files/uart1.o (___udivsi3)
c:/program files/microchip/xc-dsc/v3.21/bin/bin/../../lib\libc99-pic30-elf.a(addsf3x.EP_o)
                              build/default/production/PM.o (___subsf3)
[...]
Memory Configuration

Name             Origin             Length             Attributes
data             0x001000           0x008000           a !xr
reset            0x000000           0x000004  
ivt              0x000004           0x0001fc  
program          0x000200           0x02adec           xr
FICD             0x02aff0           0x000002  
FPOR             0x02aff2           0x000002  
FWDT             0x02aff4           0x000002  
FOSC             0x02aff6           0x000002  
FOSCSEL          0x02aff8           0x000002  
FGS              0x02affa           0x000002  
FUID0            0x800ff8           0x000002  
FUID1            0x800ffa           0x000002  
FUID2            0x800ffc           0x000002  
FUID3            0x800ffe           0x000002  
*default*        0x000000           0xffffffff  

Linker script and memory map

LOAD build/default/production/mcc_generated_files/mcc.o
LOAD build/default/production/mcc_generated_files/where_was_i.o
LOAD build/default/production/mcc_generated_files/pin_manager.o
LOAD build/default/production/mcc_generated_files/traps.o
LOAD build/default/production/mcc_generated_files/reset.o
LOAD build/default/production/mcc_generated_files/clock.o
LOAD build/default/production/mcc_generated_files/interrupt_manager.o
LOAD build/default/production/mcc_generated_files/system.o
LOAD build/default/production/flash.o
LOAD build/default/production/mcc_generated_files/tmr1.o
LOAD build/default/production/mcc_generated_files/uart1.o
LOAD build/default/production/mcc_generated_files/adc1.o
LOAD build/default/production/main.o
LOAD build/default/production/nvmpic.o
LOAD build/default/production/commands.o
LOAD build/default/production/PM.o
LOAD build/default/production/parameters.o
LOAD build/default/production/mcc_generated_files/parser.o
LOAD build/default/production/mcc_generated_files/gpios.o
LOAD build/default/production/can1.o
LOAD build/default/production/delay.o
LOAD build/default/production/led.o
                    0x0001                  __MPLAB_BUILD = 0x1
LOAD p33EP256GP506
LOAD c:/program files/microchip/xc-dsc/v3.21/bin/bin/../../lib\libfx-elf.a
                    0x2aff0                  __FICD = 0x2aff0
                    0x2aff2                  __FPOR = 0x2aff2
                    0x2aff4                  __FWDT = 0x2aff4
                    0x2aff6                  __FOSC = 0x2aff6
                    0x2aff8                  __FOSCSEL = 0x2aff8
                    0x2affa                  __FGS = 0x2affa
                    0x800ff8                  __FUID0 = 0x800ff8
                    0x800ffa                  __FUID1 = 0x800ffa
                    0x800ffc                  __FUID2 = 0x800ffc
                    0x800ffe                  __FUID3 = 0x800ffe
                    0x0200                  __CODE_BASE = 0x200
                    0x2adec                  __CODE_LENGTH = 0x2adec
                    0x0004                  __IVT_BASE = 0x4
                    0x1000                  __DATA_BASE = 0x1000
                    0x8000                  __DATA_LENGTH = 0x8000
                    0x5000                  __YDATA_BASE = 0x5000
                    0x9000                  __YDATA_END = 0x9000

.reset            0x000000          0x4
                  0x000000          0x1 SHORT 0x200 ABSOLUTE (__reset)
                  0x000001          0x1 SHORT 0x4
                  0x000002          0x1 SHORT 0x0 ((ABSOLUTE (__reset) >> 0x10) & 0x7f)
                  0x000003          0x1 SHORT 0x0

.text             0x000200       0x59b0
 *(.init)
 .init            0x000200         0x48 c:/program files/microchip/xc-dsc/v3.21/bin/bin/../../lib\libc99-pic30-elf.a(crt0_extendedep.o)
                  0x000200                  __resetPRI
                  0x000200                  __reset
                  0x00023c                  __psv_init
 .init            0x000248         0xb2 c:/program files/microchip/xc-dsc/v3.21/bin/bin/../../lib\libc99-pic30-elf.a(data_init_extended.o)
                  0x000248                  __data_init
                  0x000248                  __data_init_extended
 *(.user_init)
 *(.handle)
 .handle          0x0002fa         0x24 jump_table
 *(.isr*)
 .isr.isr.text    0x00031e         0xfc build/default/production/mcc_generated_files/traps.o
                  0x00031e                  __OscillatorFail
                  0x000340                  __StackError
                  0x000364                  __AddressError
                  0x000386                  __MathError
                  0x0003a8                  __DMACError
                  0x0003ca                  __HardTrapError
                  0x0003ec                  __SoftTrapError
 .isr.isr.text    0x00041a         0x32 build/default/production/mcc_generated_files/tmr1.o
                  0x00041a                  __T1Interrupt
 .isr.isr.text    0x00044c          0xa build/default/production/mcc_generated_files/uart1.o
                  0x00044c                  __U1RXInterrupt
 .isr.isr.text    0x000456         0x48 build/default/production/mcc_generated_files/adc1.o
                  0x000456                  __AD1Interrupt
 .isr.isr.text    0x00049e         0xa2 build/default/production/PM.o
                  0x00049e                  __CNInterrupt
 .isr.isr.text    0x000540         0x2a build/default/production/delay.o
                  0x000540                  __T3Interrupt
 .isr             0x00056a          0x4 default_isr
                  0x00056a                  __DefaultInterrupt
 *(.libc)
 .libc            0x00056e         0x1c c:/program files/microchip/xc-dsc/v3.21/bin/bin/../../lib\libc99-pic30-elf.a(delay32.EPMeo)
                  0x00056e                  ___delay32
 .libc            0x00058a         0x70 c:/program files/microchip/xc-dsc/v3.21/bin/bin/../../lib\libc99-pic30-elf.a(read.EPMeo)
                  0x00058a                  _read
 .libc            0x0005fa          0x4 c:/program files/microchip/xc-dsc/v3.21/bin/bin/../../lib\libc99-pic30-elf.a(close.EPMeo)
                  0x0005fa                  _close
 .libc            0x0005fe         0x74 c:/program files/microchip/xc-dsc/v3.21/bin/bin/../../lib\libc99-pic30-elf.a(write.EPMeo)
                  0x0005fe                  _write
 .libc            0x000672         0x2a c:/program files/microchip/xc-dsc/v3.21/bin/bin/../../lib\libc99-pic30-elf.a(sbrk.EPMeo)
                  0x000672                  _sbrk
 .libc            0x00069c         0x18 c:/program files/microchip/xc-dsc/v3.21/bin/bin/../../lib\libc99-pic30-elf.a(brk.EPMeo)
                  0x00069c                  _brk
 *(.libm)
 *(.libdsp)
 *(.lib*)
 .libpic30_crt_start_mode
                  0x0006b4          0x2 c:/program files/microchip/xc-dsc/v3.21/bin/bin/../../lib\libc99-pic30-elf.a(crt_start_mode_normal.EPMeo)
                  0x0006b4                  __crt_start_mode
                  0x0006b4                  __crt_start_mode_normal
 .libm.eqsf2      0x0006b6          0x4 c:/program files/microchip/xc-dsc/v3.21/bin/bin/../../lib\libc99-pic30-elf.a(feqltle.EP_o)
                  0x0006b6                  ___eqsf2
                  0x0006b6                  ___ltsf2
                  0x0006b6                  ___lesf2
 .libm.gtsf2      0x0006ba          0x4 c:/program files/microchip/xc-dsc/v3.21/bin/bin/../../lib\libc99-pic30-elf.a(fgtge.EP_o)
                  0x0006ba                  ___gesf2
                  0x0006ba                  ___gtsf2
 .libm.fixunssfsi
                  0x0006be         0x36 c:/program files/microchip/xc-dsc/v3.21/bin/bin/../../lib\libc99-pic30-elf.a(fixunssfsi.EP_o)
                  0x0006be                  ___fixunssfsi
 .libm.floatsisf
                  0x0006f4          0x6 c:/program files/microchip/xc-dsc/v3.21/bin/bin/../../lib\libc99-pic30-elf.a(floatsisf.EP_o)
                  0x0006f4                  ___floatsisf
 .libm.floatunsisf
                  0x0006fa          0x4 c:/program files/microchip/xc-dsc/v3.21/bin/bin/../../lib\libc99-pic30-elf.a(floatunsisf.EP_o)
                  0x0006fa                  ___floatunsisf
 .libm.funpack    0x0006fe         0x2a c:/program files/microchip/xc-dsc/v3.21/bin/bin/../../lib\libc99-pic30-elf.a(funpack.EP_o)
                  0x0006fe                  __funpack
 .libm.udivsi3    0x000728         0x20 c:/program files/microchip/xc-dsc/v3.21/bin/bin/../../lib\libc99-pic30-elf.a(udivsi3.EP_o)
                  0x000728                  ___udivsi3
 .libmx           0x000748        0x1dc c:/program files/microchip/xc-dsc/v3.21/bin/bin/../../lib\libc99-pic30-elf.a(addsf3x.EP_o)
                  0x000748                  ___subsf3x
                  0x000748                  ___subsf3
                  0x00075a                  ___addsf3x
                  0x00075a                  ___addsf3
 .libmx           0x000924        0x1be c:/program files/microchip/xc-dsc/v3.21/bin/bin/../../lib\libc99-pic30-elf.a(divsf3x.EP_o)
                  0x000924                  ___divsf3x
                  0x000924                  ___divsf3
                  0x000ab6                  __sdivf
 .libmx           0x000ae2        0x10c c:/program files/microchip/xc-dsc/v3.21/bin/bin/../../lib\libc99-pic30-elf.a(mulsf3x.EP_o)
                  0x000ae2                  ___mulsf3x
                  0x000ae2                  ___mulsf3
 .libmx           0x000bee         0x54 c:/program files/microchip/xc-dsc/v3.21/bin/bin/../../lib\libc99-pic30-elf.a(dnrmpackfx.EP_o)
                  0x000bee                  __dnrmpackf
 .libmx           0x000c42         0x5e c:/program files/microchip/xc-dsc/v3.21/bin/bin/../../lib\libc99-pic30-elf.a(unpackdnrmfx.EP_o)
                  0x000c42                  __unpackdnrmf
 .libmx           0x000ca0         0x34 c:/program files/microchip/xc-dsc/v3.21/bin/bin/../../lib\libc99-pic30-elf.a(typefx.EP_o)
                  0x000ca0                  __typef
 .libmx           0x000cd4         0x12 c:/program files/microchip/xc-dsc/v3.21/bin/bin/../../lib\libc99-pic30-elf.a(propnanfx.EP_o)
                  0x000cd4                  __propnanf
 .libmx           0x000ce6         0xa6 c:/program files/microchip/xc-dsc/v3.21/bin/bin/../../lib\libc99-pic30-elf.a(spackfx.EP_o)
                  0x000ce6                  __spackf
 .libmx           0x000d8c         0x66 c:/program files/microchip/xc-dsc/v3.21/bin/bin/../../lib\libc99-pic30-elf.a(unpackfx.EP_o)
                  0x000d8c                  __unpackf
 .libm.fcompare
                  0x000df2         0x36 c:/program files/microchip/xc-dsc/v3.21/bin/bin/../../lib\libc99-pic30-elf.a(fcompare.EP_o)
                  0x000df2                  __fcompare
 .libm.floatdisf
                  0x000e28         0x20 c:/program files/microchip/xc-dsc/v3.21/bin/bin/../../lib\libc99-pic30-elf.a(floatdisf.EP_o)
                  0x000e28                  ___floatdisf
 .libm.floatundisf
                  0x000e48         0x5e c:/program files/microchip/xc-dsc/v3.21/bin/bin/../../lib\libc99-pic30-elf.a(floatundisf.EP_o)
                  0x000e48                  ___floatundisf
 .libm.fpack      0x000ea6         0x4c c:/program files/microchip/xc-dsc/v3.21/bin/bin/../../lib\libc99-pic30-elf.a(fpack.EP_o)
                  0x000ea6                  __fpack
 .libm.funpack2
                  0x000ef2         0x10 c:/program files/microchip/xc-dsc/v3.21/bin/bin/../../lib\libc99-pic30-elf.a(funpack2.EP_o)
                  0x000ef2                  __funpack2
 .libc.__wrap_snprintf
                  0x000f02          0xc c:/program files/microchip/xc-dsc/v3.21/bin/bin/../../lib\libc99-elf.a(__sio_snprintf_dfosux.EP_o)
                  0x000f02                  __dsnprintf_cdeEfFgGnopsuxX
                  0x000f02                  __snprintf_cdeEfFgGnopsuxX
                  0x000f02                  __dsnprintf_cdeEnopsuxX
                  0x000f02                  __snprintf_cdeEnopsuxX
                  0x000f02                  __snprintf_cdeEfFnopsuxX
                  0x000f02                  __snprintf_cdeEgGnopsuxX
                  0x000f02                  __dsnprintf_cdeEgGnopsuxX
                  0x000f02                  __dsnprintf_cdeEfFnopsuxX
                  0x000f02                  __snprintf_cdfFgGnopsuxX
                  0x000f02                  __dsnprintf_cdfFnopsuxX
                  0x000f02                  __snprintf_cdfFnopsuxX
                  0x000f02                  __snprintf_cdgGnopsuxX
                  0x000f02                  __dsnprintf_cdgGnopsuxX
                  0x000f02                  __dsnprintf_cdfFgGnopsuxX
 .libc.__sio_snprintf_dfosux
                  0x000f0e         0x12 c:/program files/microchip/xc-dsc/v3.21/bin/bin/../../lib\libc99-elf.a(__sio_snprintf_dfosux.EP_o)
                  0x000f0e                  ___sio_snprintf_dfosux
 .libc.__simple_search_fl
                  0x000f20         0x68 c:/program files/microchip/xc-dsc/v3.21/bin/bin/../../lib\libc99-elf.a(lite_free.EP_o)
                  0x000f20                  ___simple_search_fl
 .libc.__simple_free
                  0x000f88         0x2e c:/program files/microchip/xc-dsc/v3.21/bin/bin/../../lib\libc99-elf.a(lite_free.EP_o)
                  0x000f88                  ___free0
                  0x000f88                  ___simple_free
                  0x000f88                  _free
 .libc.__simple_malloc
                  0x000fb6         0x7a c:/program files/microchip/xc-dsc/v3.21/bin/bin/../../lib\libc99-elf.a(lite_malloc.EP_o)
                  0x000fb6                  ___malloc0
                  0x000fb6                  _malloc
                  0x000fb6                  ___simple_malloc
 .libc.memcpy     0x001030          0xe c:/program files/microchip/xc-dsc/v3.21/bin/bin/../../lib\libc99-elf.a(memcpy.EP_o)
                  0x001030                  _memcpy
 .libc.strlen     0x00103e         0x36 c:/program files/microchip/xc-dsc/v3.21/bin/bin/../../lib\libc99-elf.a(strlen.EP_o)
                  0x00103e                  _strlen
 .libc.strncmp    0x001074         0x28 c:/program files/microchip/xc-dsc/v3.21/bin/bin/../../lib\libc99-elf.a(strncmp.EP_o)
                  0x001074                  _strncmp
 .libc.twoway_strstr
                  0x00109c        0x1a6 c:/program files/microchip/xc-dsc/v3.21/bin/bin/../../lib\libc99-elf.a(strstr.EP_o)
 .libc.strstr     0x001242        0x142 c:/program files/microchip/xc-dsc/v3.21/bin/bin/../../lib\libc99-elf.a(strstr.EP_o)
                  0x001242                  _strstr
 .libc.strtox     0x001384         0x5e c:/program files/microchip/xc-dsc/v3.21/bin/bin/../../lib\libc99-elf.a(strtod.EP_o)
 .libc.strtof     0x0013e2          0x6 c:/program files/microchip/xc-dsc/v3.21/bin/bin/../../lib\libc99-elf.a(strtod.EP_o)
                  0x0013e2                  ___strtof_l
                  0x0013e2                  _strtof
                  0x0013e2                  _strtof_l
 .libc.strtod     0x0013e8          0x6 c:/program files/microchip/xc-dsc/v3.21/bin/bin/../../lib\libc99-elf.a(strtod.EP_o)
                  0x0013e8                  ___strtod_l
                  0x0013e8                  _strtod
                  0x0013e8                  _strtod_l
 .libc.strtold    0x0013ee          0x4 c:/program files/microchip/xc-dsc/v3.21/bin/bin/../../lib\libc99-elf.a(strtod.EP_o)
                  0x0013ee                  _strtold_l
                  0x0013ee                  _strtold
                  0x0013ee                  ___strtold_l
 .libc.strtok     0x0013f2         0x3e c:/program files/microchip/xc-dsc/v3.21/bin/bin/../../lib\libc99-elf.a(strtok.EP_o)
                  0x0013f2                  _strtok
 .libc.strtox     0x001430         0x52 c:/program files/microchip/xc-dsc/v3.21/bin/bin/../../lib\libc99-elf.a(strtol.EP_o)
 .libc.strtoull
                  0x001482          0xa c:/program files/microchip/xc-dsc/v3.21/bin/bin/../../lib\libc99-elf.a(strtol.EP_o)
                  0x001482                  ___strtoull_internal
                  0x001482                  _strtoull
 .libc.strtoll    0x00148c          0x8 c:/program files/microchip/xc-dsc/v3.21/bin/bin/../../lib\libc99-elf.a(strtol.EP_o)
                  0x00148c                  _strtoll
                  0x00148c                  ___strtoll_internal
 .libc.strtoul    0x001494          0x8 c:/program files/microchip/xc-dsc/v3.21/bin/bin/../../lib\libc99-elf.a(strtol.EP_o)
                  0x001494                  _strtoul
                  0x001494                  ___strtoul_internal
 .libc.strtol     0x00149c          0x8 c:/program files/microchip/xc-dsc/v3.21/bin/bin/../../lib\libc99-elf.a(strtol.EP_o)
                  0x00149c                  _strtol
                  0x00149c                  ___strtol_internal
 .libc.strtoimax
                  0x0014a4          0x2 c:/program files/microchip/xc-dsc/v3.21/bin/bin/../../lib\libc99-elf.a(strtol.EP_o)
                  0x0014a4                  ___strtoimax_internal
                  0x0014a4                  _strtoimax
 .libc.strtoumax
                  0x0014a6          0x2 c:/program files/microchip/xc-dsc/v3.21/bin/bin/../../lib\libc99-elf.a(strtol.EP_o)
                  0x0014a6                  _strtoumax
                  0x0014a6                  ___strtoumax_internal
 .libc.__fmt_d    0x0014a8         0xb0 c:/program files/microchip/xc-dsc/v3.21/bin/bin/../../lib\libc99-elf.a(__fmt_d.EP_o)
                  0x0014a8                  ___fmt_d
                  0x0014a8                  ___fmt_d_needed
 .libc.__fmt_fp
                  0x001558        0x56a c:/program files/microchip/xc-dsc/v3.21/bin/bin/../../lib\libc99-elf.a(__fmt_fp.EP_o)
                  0x001558                  ___fmt_f_needed
                  0x001558                  ___fmt_fp
 .libc.__fmt_o    0x001ac2         0x76 c:/program files/microchip/xc-dsc/v3.21/bin/bin/../../lib\libc99-elf.a(__fmt_o.EP_o)
                  0x001ac2                  ___fmt_o
                  0x001ac2                  ___fmt_o_needed
 .libc.__fmt_s    0x001b38         0x52 c:/program files/microchip/xc-dsc/v3.21/bin/bin/../../lib\libc99-elf.a(__fmt_s.EP_o)
                  0x001b38                  ___fmt_0_needed
                  0x001b38                  ___fmt_s_needed
                  0x001b38                  ___fmt_s
 .libc.__fmt_u    0x001b8a         0x56 c:/program files/microchip/xc-dsc/v3.21/bin/bin/../../lib\libc99-elf.a(__fmt_u.EP_o)
                  0x001b8a                  ___fmt_u
                  0x001b8a                  ___fmt_u_needed
 .libc.__fmt_x    0x001be0        0x12c c:/program files/microchip/xc-dsc/v3.21/bin/bin/../../lib\libc99-elf.a(__fmt_x.EP_o)
                  0x001be0                  ___fmt_x_needed
                  0x001be0                  ___fmt_x
 .libc.__vsnprintf
                  0x001d0c         0x3e c:/program files/microchip/xc-dsc/v3.21/bin/bin/../../lib\libc99-elf.a(__int_vsnprintf.EP_o)
                  0x001d0c                  ___vsnprintf
 .libc.__string_out
                  0x001d4a         0x28 c:/program files/microchip/xc-dsc/v3.21/bin/bin/../../lib\libc99-elf.a(__printf_core.EP_o)
 .libc.__pad      0x001d72         0x74 c:/program files/microchip/xc-dsc/v3.21/bin/bin/../../lib\libc99-elf.a(__printf_core.EP_o)
                  0x001d72                  ___pad
 .libc.__dummy_fmt3
                  0x001de6          0x2 c:/program files/microchip/xc-dsc/v3.21/bin/bin/../../lib\libc99-elf.a(__printf_core.EP_o)
 .libc.__dummy_fmt4
                  0x001de8          0x2 c:/program files/microchip/xc-dsc/v3.21/bin/bin/../../lib\libc99-elf.a(__printf_core.EP_o)
                  0x001de8                  ___fmt_a
 .libc.__dummy_fmts
                  0x001dea          0x2 c:/program files/microchip/xc-dsc/v3.21/bin/bin/../../lib\libc99-elf.a(__printf_core.EP_o)
 .libc.__fmt_state
                  0x001dec         0x2a c:/program files/microchip/xc-dsc/v3.21/bin/bin/../../lib\libc99-elf.a(__printf_core.EP_o)
                  0x001dec                  ___fmt_state
 .libc.__printf_core
                  0x001e16        0x338 c:/program files/microchip/xc-dsc/v3.21/bin/bin/../../lib\libc99-elf.a(__printf_core.EP_o)
                  0x001e16                  ___printf_core
 .libc.__expand_heap
                  0x00214e         0x10 c:/program files/microchip/xc-dsc/v3.21/bin/bin/../../lib\libc99-elf.a(expand_heap.EP_o)
                  0x00214e                  ___expand_heap
 .libc.scanexp    0x00215e        0x180 c:/program files/microchip/xc-dsc/v3.21/bin/bin/../../lib\libc99-elf.a(floatscan.EP_o)
 .libc.decfloat
                  0x0022de        0x930 c:/program files/microchip/xc-dsc/v3.21/bin/bin/../../lib\libc99-elf.a(floatscan.EP_o)
 .libc.__floatscan
                  0x002c0e        0x79a c:/program files/microchip/xc-dsc/v3.21/bin/bin/../../lib\libc99-elf.a(floatscan.EP_o)
                  0x002c0e                  ___floatscan
 .libc.__intscan
                  0x0033a8        0x460 c:/program files/microchip/xc-dsc/v3.21/bin/bin/../../lib\libc99-elf.a(intscan.EP_o)
                  0x0033a8                  ___intscan
 .libc.memchr     0x003808         0x5e c:/program files/microchip/xc-dsc/v3.21/bin/bin/../../lib\libc99-elf.a(memchr.EP_o)
                  0x003808                  _memchr
 .libc.memcmp     0x003866         0x1e c:/program files/microchip/xc-dsc/v3.21/bin/bin/../../lib\libc99-elf.a(memcmp.EP_o)
                  0x003866                  _memcmp
 .libc.memset     0x003884          0xe c:/program files/microchip/xc-dsc/v3.21/bin/bin/../../lib\libc99-elf.a(memset.EP_o)
                  0x003884                  _memset
 .libc.__shlim    0x003892         0x44 c:/program files/microchip/xc-dsc/v3.21/bin/bin/../../lib\libc99-elf.a(shgetc.EP_o)
                  0x003892                  ___shlim
 .libc.__shgetc
                  0x0038d6        0x122 c:/program files/microchip/xc-dsc/v3.21/bin/bin/../../lib\libc99-elf.a(shgetc.EP_o)
                  0x0038d6                  ___shgetc
 .libc.strcspn    0x0039f8         0x66 c:/program files/microchip/xc-dsc/v3.21/bin/bin/../../lib\libc99-elf.a(strcspn.EP_o)
                  0x0039f8                  _strcspn
 .libc.strspn     0x003a5e         0x64 c:/program files/microchip/xc-dsc/v3.21/bin/bin/../../lib\libc99-elf.a(strspn.EP_o)
                  0x003a5e                  _strspn
 .libc.__cvt_u    0x003ac2         0xcc c:/program files/microchip/xc-dsc/v3.21/bin/bin/../../lib\libc99-elf.a(__cvt_u.EP_o)
                  0x003ac2                  ___cvt_u
 .libc.__vfprintf
                  0x003b8e         0x1a c:/program files/microchip/xc-dsc/v3.21/bin/bin/../../lib\libc99-elf.a(__int_vfprintf.EP_o)
                  0x003b8e                  ___vfprintf
 .libc.__uflow    0x003ba8         0x28 c:/program files/microchip/xc-dsc/v3.21/bin/bin/../../lib\libc99-elf.a(__uflow.EP_o)
                  0x003ba8                  ___uflow
 .libc.__strchrnul
                  0x003bd0         0x5c c:/program files/microchip/xc-dsc/v3.21/bin/bin/../../lib\libc99-elf.a(strchrnul.EP_o)
                  0x003bd0                  ___strchrnul
                  0x003bd0                  _strchrnul
 .libc.__toread
                  0x003c2c         0x48 c:/program files/microchip/xc-dsc/v3.21/bin/bin/../../lib\libc99-elf.a(__toread.EP_o)
                  0x003c2c                  ___toread
 .libc.__toread_needs_stdio_exit
                  0x003c74          0x2 c:/program files/microchip/xc-dsc/v3.21/bin/bin/../../lib\libc99-elf.a(__toread.EP_o)
                  0x003c74                  ___toread_needs_stdio_exit
 .libc.__dummy    0x003c76          0x2 c:/program files/microchip/xc-dsc/v3.21/bin/bin/../../lib\libc99-elf.a(__stdio_exit.EP_o)
                  0x003c76                  ___stdio_exit_ofl
 .libc.__dummy1
                  0x003c78          0x2 c:/program files/microchip/xc-dsc/v3.21/bin/bin/../../lib\libc99-elf.a(__stdio_exit.EP_o)
 .libc.__stdio_exit
                  0x003c7a         0x14 c:/program files/microchip/xc-dsc/v3.21/bin/bin/../../lib\libc99-elf.a(__stdio_exit.EP_o)
                  0x003c7a                  ___stdio_exit_needed
                  0x003c7a                  ___stdio_exit
 .libc.__wrap_sprintf
                  0x003c8e          0xc c:/program files/microchip/xc-dsc/v3.21/bin/bin/../../lib\libc99-elf.a(__sio_sprintf_dosux.EP_o)
                  0x003c8e                  __dsprintf_cdnopsuxX
                  0x003c8e                  __sprintf_cdnopsuxX
 .libc.__sio_sprintf_dosux
                  0x003c9a          0xe c:/program files/microchip/xc-dsc/v3.21/bin/bin/../../lib\libc99-elf.a(__sio_sprintf_dosux.EP_o)
                  0x003c9a                  ___sio_sprintf_dosux
 .libc.__vsprintf
                  0x003ca8          0x8 c:/program files/microchip/xc-dsc/v3.21/bin/bin/../../lib\libc99-elf.a(__int_vsprintf.EP_o)
                  0x003ca8                  ___vsprintf
 .libc.__wrap_sprintf
                  0x003cb0          0xc c:/program files/microchip/xc-dsc/v3.21/bin/bin/../../lib\libc99-elf.a(__sio_sprintf_doux.EP_o)
                  0x003cb0                  __sprintf_cdnopuxX
                  0x003cb0                  __dsprintf_cdnopuxX
 .libc.__sio_sprintf_doux
                  0x003cbc          0xe c:/program files/microchip/xc-dsc/v3.21/bin/bin/../../lib\libc99-elf.a(__sio_sprintf_doux.EP_o)
                  0x003cbc                  ___sio_sprintf_doux
 .libc.__wrap_sprintf
                  0x003cca          0xc c:/program files/microchip/xc-dsc/v3.21/bin/bin/../../lib\libc99-elf.a(__sio_sprintf_s.EP_o)
                  0x003cca                  __sprintf_s
                  0x003cca                  __dsprintf_s
 .libc.__sio_sprintf_s
                  0x003cd6          0x2 c:/program files/microchip/xc-dsc/v3.21/bin/bin/../../lib\libc99-elf.a(__sio_sprintf_s.EP_o)
                  0x003cd6                  ___sio_sprintf_s
 .libc.__wrap_sscanf
                  0x003cd8          0xc c:/program files/microchip/xc-dsc/v3.21/bin/bin/../../lib\libc99-elf.a(__sio_sscanf_f.EP_o)
                  0x003cd8                  __dsscanf_fFgG
                  0x003cd8                  __dsscanf_fF
                  0x003cd8                  __sscanf_fFgG
                  0x003cd8                  __sscanf_fF
                  0x003cd8                  __dsscanf_eEfFgG
                  0x003cd8                  __dsscanf_eE
                  0x003cd8                  __sscanf_eEfF
                  0x003cd8                  __sscanf_eEfFgG
                  0x003cd8                  __dsscanf_eEfF
                  0x003cd8                  __dsscanf_gG
                  0x003cd8                  __dsscanf_eEgG
                  0x003cd8                  __sscanf_eEgG
                  0x003cd8                  __sscanf_eE
                  0x003cd8                  __sscanf_gG
 .libc.__sio_sscanf_f
                  0x003ce4          0x2 c:/program files/microchip/xc-dsc/v3.21/bin/bin/../../lib\libc99-elf.a(__sio_sscanf_f.EP_o)
                  0x003ce4                  ___sio_sscanf_f
 .libc.do_read    0x003ce6          0x2 c:/program files/microchip/xc-dsc/v3.21/bin/bin/../../lib\libc99-elf.a(__int_vsscanf.EP_o)
                  0x003ce6                  __int_vsscanf.EP_o:_do_read
 .libc.__vsscanf
                  0x003ce8         0x1c c:/program files/microchip/xc-dsc/v3.21/bin/bin/../../lib\libc99-elf.a(__int_vsscanf.EP_o)
                  0x003ce8                  ___vsscanf
 .libc.__scan_fp
                  0x003d04        0x1f6 c:/program files/microchip/xc-dsc/v3.21/bin/bin/../../lib\libc99-elf.a(__scan_fp.EP_o)
                  0x003d04                  ___scan_a_needed
                  0x003d04                  ___scan_fp
                  0x003d04                  ___scan_f_needed
 .libc.__skipws
                  0x003efa         0x3e c:/program files/microchip/xc-dsc/v3.21/bin/bin/../../lib\libc99-elf.a(__scanf_core.EP_o)
                  0x003efa                  ___skipws
 .libc.__consumews
                  0x003f38         0x36 c:/program files/microchip/xc-dsc/v3.21/bin/bin/../../lib\libc99-elf.a(__scanf_core.EP_o)
                  0x003f38                  ___consumews
 .libc.__dummy_scan
                  0x003f6e          0x2 c:/program files/microchip/xc-dsc/v3.21/bin/bin/../../lib\libc99-elf.a(__scanf_core.EP_o)
                  0x003f6e                  ___scan_x
                  0x003f6e                  ___scan_d
                  0x003f6e                  ___scan_i
                  0x003f6e                  ___scan_o
                  0x003f6e                  ___scan_a
                  0x003f6e                  ___scan_u
 .libc.__dummy_scan_s
                  0x003f70          0x2 c:/program files/microchip/xc-dsc/v3.21/bin/bin/../../lib\libc99-elf.a(__scanf_core.EP_o)
                  0x003f70                  ___scan_s
 .libc.__scanf_core
                  0x003f72        0x40c c:/program files/microchip/xc-dsc/v3.21/bin/bin/../../lib\libc99-elf.a(__scanf_core.EP_o)
                  0x003f72                  ___scanf_core
 .libc.__string_read
                  0x00437e         0x44 c:/program files/microchip/xc-dsc/v3.21/bin/bin/../../lib\libc99-elf.a(__string_read.EP_o)
                  0x00437e                  ___string_read
 .libc.__vfscanf
                  0x0043c2         0x1a c:/program files/microchip/xc-dsc/v3.21/bin/bin/../../lib\libc99-elf.a(__int_vfscanf.EP_o)
                  0x0043c2                  ___vfscanf
 .libc.strcmp     0x0043dc         0x18 c:/program files/microchip/xc-dsc/v3.21/bin/bin/../../lib\libc99-elf.a(strcmp.EP_o)
                  0x0043dc                  _strcmp
 .libc.strcpy     0x0043f4          0xc c:/program files/microchip/xc-dsc/v3.21/bin/bin/../../lib\libc99-elf.a(strcpy.EP_o)
                  0x0043f4                  _strcpy
 .libc.__pop_float
                  0x004400         0x40 c:/program files/microchip/xc-dsc/v3.21/bin/bin/../../lib\libc99-elf.a(__pop_float.EP_lo)
                  0x004400                  ___pop_float
                  0x004400                  ___pop_float_needed
 .libc.__pop_int
                  0x004440         0xf4 c:/program files/microchip/xc-dsc/v3.21/bin/bin/../../lib\libc99-elf.a(__pop_int.EP_lo)
                  0x004440                  ___pop_int
                  0x004440                  ___pop_int_needed
 .libc.__pop_ptr
                  0x004534         0x84 c:/program files/microchip/xc-dsc/v3.21/bin/bin/../../lib\libc99-elf.a(__pop_ptr.EP_lo)
                  0x004534                  ___pop_ptr_needed
                  0x004534                  ___pop_ptr
 .libc.strchr     0x0045b8         0x10 c:/program files/microchip/xc-dsc/v3.21/bin/bin/../../lib\libc99-elf.a(strchr.EP_lo)
                  0x0045b8                  _strchr
 .libc.atoi       0x0045c8         0x40 c:/program files/microchip/xc-dsc/v3.21/bin/bin/../../lib\libc99-elf.a(atoi.EP_o)
                  0x0045c8                  _atoi
 .libc.tolower    0x004608          0xc c:/program files/microchip/xc-dsc/v3.21/bin/bin/../../lib\libc99-elf.a(tolower.EP_o)
                  0x004608                  _tolower
 .libc.__tolower_l
                  0x004614          0x2 c:/program files/microchip/xc-dsc/v3.21/bin/bin/../../lib\libc99-elf.a(tolower.EP_o)
                  0x004614                  ___tolower_l
                  0x004614                  _tolower_l
 .libc.toupper    0x004616          0xc c:/program files/microchip/xc-dsc/v3.21/bin/bin/../../lib\libc99-elf.a(toupper.EP_o)
                  0x004616                  _toupper
 .libc.__toupper_l
                  0x004622          0x2 c:/program files/microchip/xc-dsc/v3.21/bin/bin/../../lib\libc99-elf.a(toupper.EP_o)
                  0x004622                  ___toupper_l
                  0x004622                  _toupper_l
 .libc.isxdigit
                  0x004624         0x18 c:/program files/microchip/xc-dsc/v3.21/bin/bin/../../lib\libc99-elf.a(isxdigit.EP_o)
                  0x004624                  _isxdigit
 .libc.__isxdigit_l
                  0x00463c          0x2 c:/program files/microchip/xc-dsc/v3.21/bin/bin/../../lib\libc99-elf.a(isxdigit.EP_o)
                  0x00463c                  _isxdigit_l
                  0x00463c                  ___isxdigit_l
 .libc.__fopen_rw
                  0x00463e         0x36 c:/program files/microchip/xc-dsc/v3.21/bin/bin/../../lib\libc99-elf.a(__fopen_rw.EP_o)
                  0x00463e                  ___fopen_rw
                  0x00463e                  ___fopen_rw_needed
 .libc.__ftello_adj_rw
                  0x004674         0x30 c:/program files/microchip/xc-dsc/v3.21/bin/bin/../../lib\libc99-elf.a(__ftello_rw.EP_o)
                  0x004674                  ___ftello_adj_rw
                  0x004674                  ___ftello_adj_rw_needed
 .libc.__fwrite_min
                  0x0046a4          0x4 c:/program files/microchip/xc-dsc/v3.21/bin/bin/../../lib\libc99-elf.a(__out.EP_o)
                  0x0046a4                  ___stdio_write
                  0x0046a4                  ___stdio_write_unbuffered
 .libc.__out      0x0046a8         0x38 c:/program files/microchip/xc-dsc/v3.21/bin/bin/../../lib\libc99-elf.a(__out.EP_o)
                  0x0046a8                  ___out_needed
                  0x0046a8                  ___out
 .libc.__stdio_close
                  0x0046e0         0x42 c:/program files/microchip/xc-dsc/v3.21/bin/bin/../../lib\libc99-elf.a(__stdio_close.EP_o)
                  0x0046e0                  ___stdio_close
 .libc.__stdio_close_rw
                  0x004722         0x5c c:/program files/microchip/xc-dsc/v3.21/bin/bin/../../lib\libc99-elf.a(__stdio_close.EP_o)
                  0x004722                  ___stdio_close_rw
 .libc.__stdio_read
                  0x00477e         0x6a c:/program files/microchip/xc-dsc/v3.21/bin/bin/../../lib\libc99-elf.a(__stdio_read.EP_o)
                  0x00477e                  ___stdio_read
 .libc.__stdio_seek_unbuffered
                  0x0047e8         0x2c c:/program files/microchip/xc-dsc/v3.21/bin/bin/../../lib\libc99-elf.a(__stdio_seek.EP_o)
                  0x0047e8                  ___stdio_seek_needed
                  0x0047e8                  ___stdio_seek_unbuffered
 .libc.__stdio_seek
                  0x004814         0x54 c:/program files/microchip/xc-dsc/v3.21/bin/bin/../../lib\libc99-elf.a(__stdio_seek.EP_o)
                  0x004814                  ___stdio_seek
 .libc.__stdio_seek_rw
                  0x004868         0x78 c:/program files/microchip/xc-dsc/v3.21/bin/bin/../../lib\libc99-elf.a(__stdio_seek.EP_o)
                  0x004868                  ___stdio_seek_rw
 .libc.__towrite_rw
                  0x0048e0         0x1e c:/program files/microchip/xc-dsc/v3.21/bin/bin/../../lib\libc99-elf.a(__towrite_rw.EP_o)
                  0x0048e0                  ___towrite_rw
                  0x0048e0                  ___towrite_rw_needed
 .libc.__readv    0x0048fe         0x2e c:/program files/microchip/xc-dsc/v3.21/bin/bin/../../lib\libc99-elf.a(readv.EP_o)
                  0x0048fe                  _readv
 .libc.__push_float
                  0x00492c         0x46 c:/program files/microchip/xc-dsc/v3.21/bin/bin/../../lib\libc99-elf.a(__push_float.EP_lo)
                  0x00492c                  ___push_float
                  0x00492c                  ___push_float_needed
 .libc.__push_int
                  0x004972         0xc0 c:/program files/microchip/xc-dsc/v3.21/bin/bin/../../lib\libc99-elf.a(__push_int.EP_lo)
                  0x004972                  ___push_int
                  0x004972                  ___push_int_needed
 .libc.__stpcpy
                  0x004a32         0x40 c:/program files/microchip/xc-dsc/v3.21/bin/bin/../../lib\libc99-elf.a(stpcpy.EP_o)
                  0x004a32                  ___stpcpy
                  0x004a32                  _stpcpy
 .libc.__fclose
                  0x004a72         0x14 c:/program files/microchip/xc-dsc/v3.21/bin/bin/../../lib\libc99-elf.a(__fclose.EP_o)
                  0x004a72                  ___fclose_needed
                  0x004a72                  ___fclose
 .libc.__fseeko
                  0x004a86          0x4 c:/program files/microchip/xc-dsc/v3.21/bin/bin/../../lib\libc99-elf.a(__fseeko.EP_o)
                  0x004a86                  ___fseeko_unlocked
                  0x004a86                  _fseeko
                  0x004a86                  ___fseeko
                  0x004a86                  ___fseeko_needed
 .libc.__dummy    0x004a8a         0x20 c:/program files/microchip/xc-dsc/v3.21/bin/bin/../../lib\libc99-elf.a(__ftello.EP_o)
 .libc.__ftello_adj
                  0x004aaa          0x2 c:/program files/microchip/xc-dsc/v3.21/bin/bin/../../lib\libc99-elf.a(__ftello.EP_o)
                  0x004aaa                  ___ftello_adj_needed
                  0x004aaa                  ___ftello_adj
 .libc.__putc     0x004aac         0x2c c:/program files/microchip/xc-dsc/v3.21/bin/bin/../../lib\libc99-elf.a(__putc.EP_o)
                  0x004aac                  ___putc_needed
                  0x004aac                  ___putc
 .libc.__putc_unbuffered
                  0x004ad8         0x30 c:/program files/microchip/xc-dsc/v3.21/bin/bin/../../lib\libc99-elf.a(putc.EP_o)
                  0x004ad8                  ___putc_unbuffered
 .libc.putc       0x004b08          0x2 c:/program files/microchip/xc-dsc/v3.21/bin/bin/../../lib\libc99-elf.a(putc.EP_o)
                  0x004b08                  _putc
                  0x004b08                  _fputc
                  0x004b08                  _putc_unlocked
                  0x004b08                  __IO_putc
 .libc.__overflow
                  0x004b0a         0x4e c:/program files/microchip/xc-dsc/v3.21/bin/bin/../../lib\libc99-elf.a(__overflow.EP_o)
                  0x004b0a                  ___overflow
 .libc.__dummy    0x004b58          0x2 c:/program files/microchip/xc-dsc/v3.21/bin/bin/../../lib\libc99-elf.a(__towrite.EP_o)
 .libc.__towrite
                  0x004b5a         0x1a c:/program files/microchip/xc-dsc/v3.21/bin/bin/../../lib\libc99-elf.a(__towrite.EP_o)
                  0x004b5a                  ___towrite
 .libc.__lseek    0x004b74          0xc c:/program files/microchip/xc-dsc/v3.21/bin/bin/../../lib\libc99-elf.a(lseek.EP_o)
                  0x004b74                  _lseek
                  0x004b74                  ___lseek
 .libc.__dummy    0x004b80          0x6 c:/program files/microchip/xc-dsc/v3.21/bin/bin/../../lib\libc99-elf.a(__fopen.EP_o)
 .libc.__fopen_std
                  0x004b86         0x24 c:/program files/microchip/xc-dsc/v3.21/bin/bin/../../lib\libc99-elf.a(__fopen.EP_o)
 .libc.__fopen    0x004baa          0x2 c:/program files/microchip/xc-dsc/v3.21/bin/bin/../../lib\libc99-elf.a(__fopen.EP_o)
                  0x004baa                  ___fopen
                  0x004baa                  ___fopen_needed
 .libc.__fwrite
                  0x004bac          0xc c:/program files/microchip/xc-dsc/v3.21/bin/bin/../../lib\libc99-elf.a(__fwrite.EP_o)
                  0x004bac                  ___fwrite
                  0x004bac                  ___fwrite_needed
 .libc.__dummy    0x004bb8          0x2 c:/program files/microchip/xc-dsc/v3.21/bin/bin/../../lib\libc99-elf.a(__stderr.EP_o)
 .libc.__get_stderr
                  0x004bba          0x4 c:/program files/microchip/xc-dsc/v3.21/bin/bin/../../lib\libc99-elf.a(__stderr.EP_o)
                  0x004bba                  ___get_stderr
                  0x004bba                  ___init_stderr_needed
 .libc.__dummy    0x004bbe          0x2 c:/program files/microchip/xc-dsc/v3.21/bin/bin/../../lib\libc99-elf.a(__stdout.EP_o)
 .libc.__get_stdout
                  0x004bc0          0x4 c:/program files/microchip/xc-dsc/v3.21/bin/bin/../../lib\libc99-elf.a(__stdout.EP_o)
                  0x004bc0                  ___get_stdout
                  0x004bc0                  ___init_stdout_needed
 .libc.__syscall_ret
                  0x004bc4         0x14 c:/program files/microchip/xc-dsc/v3.21/bin/bin/../../lib\libc99-elf.a(syscall_ret.EP_o)
                  0x004bc4                  ___syscall_ret
 .libc.__dummy    0x004bd8          0x2 c:/program files/microchip/xc-dsc/v3.21/bin/bin/../../lib\libc99-elf.a(__init_stdio.EP_o)
                  0x004bd8                  ___init_stdout
                  0x004bd8                  ___init_stderr
                  0x004bd8                  ___init_stdin
 .libc.__init_stdio
                  0x004bda          0x6 c:/program files/microchip/xc-dsc/v3.21/bin/bin/../../lib\libc99-elf.a(__init_stdio.EP_o)
                  0x004bda                  ___init_stdio
                  0x004bda                  ___init_stdio_needed
 .libm.eqdf2      0x004be0          0xa c:/program files/microchip/xc-dsc/v3.21/bin/bin/../../lib\libc99-pic30-elf.a(deqltle.EP_o)
                  0x004be0                  ___eqdf2
                  0x004be0                  ___ltdf2
                  0x004be0                  ___ledf2
 .libm.gtdf2      0x004bea          0xa c:/program files/microchip/xc-dsc/v3.21/bin/bin/../../lib\libc99-pic30-elf.a(dgtge.EP_o)
                  0x004bea                  ___gtdf2
                  0x004bea                  ___gedf2
 .libm.divsi3     0x004bf4         0x1e c:/program files/microchip/xc-dsc/v3.21/bin/bin/../../lib\libc99-pic30-elf.a(divsi3.EP_o)
                  0x004bf4                  ___divsi3
 .libm.nedf2      0x004c12          0xa c:/program files/microchip/xc-dsc/v3.21/bin/bin/../../lib\libc99-pic30-elf.a(dne.EP_o)
                  0x004c12                  ___nedf2
 .libm.extendsfdf2
                  0x004c1c         0x3e c:/program files/microchip/xc-dsc/v3.21/bin/bin/../../lib\libc99-pic30-elf.a(extendsfdf.EP_o)
                  0x004c1c                  ___extendsfdf2
 .libm.fixdfsi    0x004c5a         0x58 c:/program files/microchip/xc-dsc/v3.21/bin/bin/../../lib\libc99-pic30-elf.a(fixdfsi.EP_o)
                  0x004c5a                  ___fixdfsi
 .libm.floatsidf
                  0x004cb2          0x6 c:/program files/microchip/xc-dsc/v3.21/bin/bin/../../lib\libc99-pic30-elf.a(floatsidf.EP_o)
                  0x004cb2                  ___floatsidf
 .libm.floatunsidf
                  0x004cb8          0x4 c:/program files/microchip/xc-dsc/v3.21/bin/bin/../../lib\libc99-pic30-elf.a(floatunsidf.EP_o)
                  0x004cb8                  ___floatunsidf
 .libm.truncdfsf2
                  0x004cbc         0x56 c:/program files/microchip/xc-dsc/v3.21/bin/bin/../../lib\libc99-pic30-elf.a(truncdfsf.EP_o)
                  0x004cbc                  ___truncdfsf2
 .libm.umodsi3    0x004d12          0x6 c:/program files/microchip/xc-dsc/v3.21/bin/bin/../../lib\libc99-pic30-elf.a(umodsi3.EP_o)
                  0x004d12                  ___umodsi3
 .lib_dpfops      0x004d18         0xa2 c:/program files/microchip/xc-dsc/v3.21/bin/bin/../../lib\libc99-pic30-elf.a(dpadd.EP_o)
                  0x004d18                  ___subdf3
                  0x004d24                  ___adddf3
 .lib_dpfops      0x004dba        0x15e c:/program files/microchip/xc-dsc/v3.21/bin/bin/../../lib\libc99-pic30-elf.a(dpdiv.EP_o)
                  0x004dba                  ___divdf3
 .lib_dpfops      0x004f18        0x11a c:/program files/microchip/xc-dsc/v3.21/bin/bin/../../lib\libc99-pic30-elf.a(dpmul.EP_o)
                  0x004f18                  ___muldf3
 .lib_dpfops      0x005032        0x128 c:/program files/microchip/xc-dsc/v3.21/bin/bin/../../lib\libc99-pic30-elf.a(dpsubs.EP_o)
                  0x00504c                  __dxchg
                  0x00505a                  __drshft
                  0x0050b4                  __dupchk
                  0x005116                  __drndex
                  0x005120                  __dnsrnd
                  0x00514c                  __dpakex
 .libm.dcompare
                  0x00515a         0x52 c:/program files/microchip/xc-dsc/v3.21/bin/bin/../../lib\libc99-pic30-elf.a(dcompare.EP_o)
                  0x00515a                  __dcompare
 .libm.dtype      0x0051ac         0x24 c:/program files/microchip/xc-dsc/v3.21/bin/bin/../../lib\libc99-pic30-elf.a(dtype.EP_o)
                  0x0051ac                  __dtype
 .libm.dunpack    0x0051d0         0x4e c:/program files/microchip/xc-dsc/v3.21/bin/bin/../../lib\libc99-pic30-elf.a(dunpack.EP_o)
                  0x0051d0                  __dunpack
 .libm.dunpack2
                  0x00521e         0x32 c:/program files/microchip/xc-dsc/v3.21/bin/bin/../../lib\libc99-pic30-elf.a(dunpack2.EP_o)
                  0x00521e                  __dunpack2
                  0x005240                  __dreturnNaN
                  0x005246                  __dunpack2exit
 .libm.floatdidf
                  0x005250         0x20 c:/program files/microchip/xc-dsc/v3.21/bin/bin/../../lib\libc99-pic30-elf.a(floatdidf.EP_o)
                  0x005250                  ___floatdidf
 .libm.floatundidf
                  0x005270         0x56 c:/program files/microchip/xc-dsc/v3.21/bin/bin/../../lib\libc99-pic30-elf.a(floatundidf.EP_o)
                  0x005270                  ___floatundidf
 .libm.dpack      0x0052c6         0x58 c:/program files/microchip/xc-dsc/v3.21/bin/bin/../../lib\libc99-pic30-elf.a(dpack.EP_o)
                  0x0052c6                  __dpack
 .libm.dPropagateNaN
                  0x00531e         0x1e c:/program files/microchip/xc-dsc/v3.21/bin/bin/../../lib\libc99-pic30-elf.a(dpropagateNaN.EP_o)
                  0x00531e                  __dPropagateNaN
 .libpic30.divby10
                  0x00533c         0x42 c:/program files/microchip/xc-dsc/v3.21/bin/bin/../../lib\libc99-pic30-elf.a(divby10di.EPMeo)
                  0x00533c                  __divdi10
 .libpic30.divby10
                  0x00537e         0x6c c:/program files/microchip/xc-dsc/v3.21/bin/bin/../../lib\libc99-pic30-elf.a(mul64x64.EPMeo)
                  0x0053ae                  __umul64x64
 .libpic30.divby10
                  0x0053ea         0x46 c:/program files/microchip/xc-dsc/v3.21/bin/bin/../../lib\libc99-pic30-elf.a(modby10di.EPMeo)
                  0x0053ea                  __moddi10
 .libm.__udivmoddi3
                  0x005430        0x118 c:/program files/microchip/xc-dsc/v3.21/bin/bin/../../lib\libc99-pic30-elf.a(divmoddi3.EP_o)
                  0x005430                  ___udivmoddi3
 .libm.__udivdi3
                  0x005548          0xe c:/program files/microchip/xc-dsc/v3.21/bin/bin/../../lib\libc99-pic30-elf.a(divmoddi3.EP_o)
                  0x005548                  ___udivdi3
 .libm.__umoddi3
                  0x005556          0x8 c:/program files/microchip/xc-dsc/v3.21/bin/bin/../../lib\libc99-pic30-elf.a(divmoddi3.EP_o)
                  0x005556                  ___umoddi3
 .libm.__divdi3
                  0x00555e         0x4e c:/program files/microchip/xc-dsc/v3.21/bin/bin/../../lib\libc99-pic30-elf.a(divmoddi3.EP_o)
                  0x00555e                  ___divdi3
 .libm.__moddi3
                  0x0055ac         0x3e c:/program files/microchip/xc-dsc/v3.21/bin/bin/../../lib\libc99-pic30-elf.a(divmoddi3.EP_o)
                  0x0055ac                  ___moddi3
 .libm.__muldi3
                  0x0055ea         0x3c c:/program files/microchip/xc-dsc/v3.21/bin/bin/../../lib\libc99-pic30-elf.a(muldi3.EP_o)
                  0x0055ea                  ___muldi3
 .libm.umuldi3    0x005626         0x44 c:/program files/microchip/xc-dsc/v3.21/bin/bin/../../lib\libc99-pic30-elf.a(umuldi3.EP_o)
                  0x005626                  ___umuldi3
 .libc.copysignl
                  0x00566a         0x30 c:/program files/microchip/xc-dsc/v3.21/bin/bin/../../lib\libm-elf.a(copysignl.EP_o)
                  0x00566a                  _copysignl
 .libc.fabsl      0x00569a         0x12 c:/program files/microchip/xc-dsc/v3.21/bin/bin/../../lib\libm-elf.a(fabsl.EP_o)
                  0x00569a                  _fabsl
 .libc.floorl     0x0056ac        0x116 c:/program files/microchip/xc-dsc/v3.21/bin/bin/../../lib\libm-elf.a(floorl.EP_o)
                  0x0056ac                  _floorl
 .libc.fmodl      0x0057c2        0x2ea c:/program files/microchip/xc-dsc/v3.21/bin/bin/../../lib\libm-elf.a(fmodl.EP_o)
                  0x0057c2                  _fmodl
 .libc.scalbnf    0x005aac         0x66 c:/program files/microchip/xc-dsc/v3.21/bin/bin/../../lib\libm-elf.a(scalbnf.EP_o)
                  0x005aac                  _scalbnf
 .libc.scalbnl    0x005b12         0x9e c:/program files/microchip/xc-dsc/v3.21/bin/bin/../../lib\libm-elf.a(scalbnl.EP_o)
                  0x005b12                  _scalbnl

usercode
 *(usercode)

__FICD
 *(__FICD.sec*)

__FPOR
 *(__FPOR.sec*)

__FWDT
 *(__FWDT.sec*)

__FOSC
 *(__FOSC.sec*)

__FOSCSEL
 *(__FOSCSEL.sec*)

__FGS             0x02affa          0x2
 *(__FGS.sec*)
 __FGS.sec        0x02affa          0x2 /CW/_FGS
                  0x02affa                  __FGS.sec

__FUID0
 *(__FUID0.sec*)

__FUID1
 *(__FUID1.sec*)

__FUID2
 *(__FUID2.sec*)

__FUID3
 *(__FUID3.sec*)

.comment            0x0000       0x2940
 *(.comment)
 .comment           0x0000         0x58 build/default/production/mcc_generated_files/mcc.o
 .comment           0x0058         0x58 build/default/production/mcc_generated_files/pin_manager.o
 .comment           0x00b0         0x58 build/default/production/mcc_generated_files/traps.o
 .comment           0x0108         0x58 build/default/production/mcc_generated_files/reset.o
 .comment           0x0160         0x58 build/default/production/mcc_generated_files/clock.o
 .comment           0x01b8         0x58 build/default/production/mcc_generated_files/interrupt_manager.o
 .comment           0x0210         0x58 build/default/production/mcc_generated_files/system.o
 .comment           0x0268         0x58 build/default/production/mcc_generated_files/tmr1.o
 .comment           0x02c0         0x58 build/default/production/mcc_generated_files/uart1.o
 .comment           0x0318         0x58 build/default/production/mcc_generated_files/adc1.o
 .comment           0x0370         0x58 build/default/production/main.o
 .comment           0x03c8         0x58 build/default/production/nvmpic.o
 .comment           0x0420         0x58 build/default/production/commands.o
 .comment           0x0478         0x58 build/default/production/PM.o
 .comment           0x04d0         0x58 build/default/production/parameters.o
 .comment           0x0528         0x58 build/default/production/mcc_generated_files/parser.o
 .comment           0x0580         0x58 build/default/production/mcc_generated_files/gpios.o
 .comment           0x05d8         0x58 build/default/production/can1.o
 .comment           0x0630         0x58 build/default/production/delay.o
 .comment           0x0688         0x58 build/default/production/led.o
 .comment           0x06e0         0x58 c:/program files/microchip/xc-dsc/v3.21/bin/bin/../../lib\libc99-elf.a(__sio_snprintf_dfosux.EP_o)
 .comment           0x0738         0x58 c:/program files/microchip/xc-dsc/v3.21/bin/bin/../../lib\libc99-elf.a(lite_free.EP_o)
 .comment           0x0790         0x58 c:/program files/microchip/xc-dsc/v3.21/bin/bin/../../lib\libc99-elf.a(lite_malloc.EP_o)
 .comment           0x07e8         0x58 c:/program files/microchip/xc-dsc/v3.21/bin/bin/../../lib\libc99-elf.a(memcpy.EP_o)
 .comment           0x0840         0x58 c:/program files/microchip/xc-dsc/v3.21/bin/bin/../../lib\libc99-elf.a(strlen.EP_o)
 .comment           0x0898         0x58 c:/program files/microchip/xc-dsc/v3.21/bin/bin/../../lib\libc99-elf.a(strncmp.EP_o)
 .comment           0x08f0         0x58 c:/program files/microchip/xc-dsc/v3.21/bin/bin/../../lib\libc99-elf.a(strstr.EP_o)
 .comment           0x0948         0x58 c:/program files/microchip/xc-dsc/v3.21/bin/bin/../../lib\libc99-elf.a(strtod.EP_o)
 .comment           0x09a0         0x58 c:/program files/microchip/xc-dsc/v3.21/bin/bin/../../lib\libc99-elf.a(strtok.EP_o)
 .comment           0x09f8         0x58 c:/program files/microchip/xc-dsc/v3.21/bin/bin/../../lib\libc99-elf.a(strtol.EP_o)
 .comment           0x0a50         0x58 c:/program files/microchip/xc-dsc/v3.21/bin/bin/../../lib\libc99-elf.a(__fmt_d.EP_o)
 .comment           0x0aa8         0x58 c:/program files/microchip/xc-dsc/v3.21/bin/bin/../../lib\libc99-elf.a(__fmt_fp.EP_o)
 .comment           0x0b00         0x58 c:/program files/microchip/xc-dsc/v3.21/bin/bin/../../lib\libc99-elf.a(__fmt_o.EP_o)
 .comment           0x0b58         0x58 c:/program files/microchip/xc-dsc/v3.21/bin/bin/../../lib\libc99-elf.a(__fmt_s.EP_o)
 .comment           0x0bb0         0x58 c:/program files/microchip/xc-dsc/v3.21/bin/bin/../../lib\libc99-elf.a(__fmt_u.EP_o)
 .comment           0x0c08         0x58 c:/program files/microchip/xc-dsc/v3.21/bin/bin/../../lib\libc99-elf.a(__fmt_x.EP_o)
 .comment           0x0c60         0x58 c:/program files/microchip/xc-dsc/v3.21/bin/bin/../../lib\libc99-elf.a(__int_vsnprintf.EP_o)
 .comment           0x0cb8         0x58 c:/program files/microchip/xc-dsc/v3.21/bin/bin/../../lib\libc99-elf.a(__printf_core.EP_o)
 .comment           0x0d10         0x58 c:/program files/microchip/xc-dsc/v3.21/bin/bin/../../lib\libc99-elf.a(expand_heap.EP_o)
 .comment           0x0d68         0x58 c:/program files/microchip/xc-dsc/v3.21/bin/bin/../../lib\libc99-elf.a(floatscan.EP_o)
 .comment           0x0dc0         0x58 c:/program files/microchip/xc-dsc/v3.21/bin/bin/../../lib\libc99-elf.a(intscan.EP_o)
 .comment           0x0e18         0x58 c:/program files/microchip/xc-dsc/v3.21/bin/bin/../../lib\libc99-elf.a(memchr.EP_o)
 .comment           0x0e70         0x58 c:/program files/microchip/xc-dsc/v3.21/bin/bin/../../lib\libc99-elf.a(memcmp.EP_o)
 .comment           0x0ec8         0x58 c:/program files/microchip/xc-dsc/v3.21/bin/bin/../../lib\libc99-elf.a(memset.EP_o)
 .comment           0x0f20         0x58 c:/program files/microchip/xc-dsc/v3.21/bin/bin/../../lib\libc99-elf.a(shgetc.EP_o)
 .comment           0x0f78         0x58 c:/program files/microchip/xc-dsc/v3.21/bin/bin/../../lib\libc99-elf.a(strcspn.EP_o)
 .comment           0x0fd0         0x58 c:/program files/microchip/xc-dsc/v3.21/bin/bin/../../lib\libc99-elf.a(strspn.EP_o)
 .comment           0x1028         0x58 c:/program files/microchip/xc-dsc/v3.21/bin/bin/../../lib\libc99-elf.a(__cvt_u.EP_o)
 .comment           0x1080         0x58 c:/program files/microchip/xc-dsc/v3.21/bin/bin/../../lib\libc99-elf.a(__int_vfprintf.EP_o)
 .comment           0x10d8         0x58 c:/program files/microchip/xc-dsc/v3.21/bin/bin/../../lib\libc99-elf.a(__uflow.EP_o)
 .comment           0x1130         0x58 c:/program files/microchip/xc-dsc/v3.21/bin/bin/../../lib\libc99-elf.a(strchrnul.EP_o)
 .comment           0x1188         0x58 c:/program files/microchip/xc-dsc/v3.21/bin/bin/../../lib\libc99-elf.a(__toread.EP_o)
 .comment           0x11e0         0x58 c:/program files/microchip/xc-dsc/v3.21/bin/bin/../../lib\libc99-elf.a(__stdio_exit.EP_o)
 .comment           0x1238         0x58 c:/program files/microchip/xc-dsc/v3.21/bin/bin/../../lib\libc99-elf.a(__sio_sprintf_dosux.EP_o)
 .comment           0x1290         0x58 c:/program files/microchip/xc-dsc/v3.21/bin/bin/../../lib\libc99-elf.a(__int_vsprintf.EP_o)
 .comment           0x12e8         0x58 c:/program files/microchip/xc-dsc/v3.21/bin/bin/../../lib\libc99-elf.a(__sio_sprintf_doux.EP_o)
 .comment           0x1340         0x58 c:/program files/microchip/xc-dsc/v3.21/bin/bin/../../lib\libc99-elf.a(__sio_sprintf_s.EP_o)
 .comment           0x1398         0x58 c:/program files/microchip/xc-dsc/v3.21/bin/bin/../../lib\libc99-elf.a(__sio_sscanf_f.EP_o)
 .comment           0x13f0         0x58 c:/program files/microchip/xc-dsc/v3.21/bin/bin/../../lib\libc99-elf.a(__int_vsscanf.EP_o)
 .comment           0x1448         0x58 c:/program files/microchip/xc-dsc/v3.21/bin/bin/../../lib\libc99-elf.a(__scan_fp.EP_o)
 .comment           0x14a0         0x58 c:/program files/microchip/xc-dsc/v3.21/bin/bin/../../lib\libc99-elf.a(__scanf_core.EP_o)
 .comment           0x14f8         0x58 c:/program files/microchip/xc-dsc/v3.21/bin/bin/../../lib\libc99-elf.a(__string_read.EP_o)
 .comment           0x1550         0x58 c:/program files/microchip/xc-dsc/v3.21/bin/bin/../../lib\libc99-elf.a(__int_vfscanf.EP_o)
 .comment           0x15a8         0x58 c:/program files/microchip/xc-dsc/v3.21/bin/bin/../../lib\libc99-elf.a(strcmp.EP_o)
 .comment           0x1600         0x58 c:/program files/microchip/xc-dsc/v3.21/bin/bin/../../lib\libc99-elf.a(strcpy.EP_o)
 .comment           0x1658         0x58 c:/program files/microchip/xc-dsc/v3.21/bin/bin/../../lib\libc99-elf.a(__errno_location.EP_lo)
 .comment           0x16b0         0x58 c:/program files/microchip/xc-dsc/v3.21/bin/bin/../../lib\libc99-elf.a(__pop_float.EP_lo)
 .comment           0x1708         0x58 c:/program files/microchip/xc-dsc/v3.21/bin/bin/../../lib\libc99-elf.a(__pop_int.EP_lo)
 .comment           0x1760         0x58 c:/program files/microchip/xc-dsc/v3.21/bin/bin/../../lib\libc99-elf.a(__pop_ptr.EP_lo)
 .comment           0x17b8         0x58 c:/program files/microchip/xc-dsc/v3.21/bin/bin/../../lib\libc99-elf.a(strchr.EP_lo)
 .comment           0x1810         0x58 c:/program files/microchip/xc-dsc/v3.21/bin/bin/../../lib\libc99-elf.a(atoi.EP_o)
 .comment           0x1868         0x58 c:/program files/microchip/xc-dsc/v3.21/bin/bin/../../lib\libc99-elf.a(tolower.EP_o)
 .comment           0x18c0         0x58 c:/program files/microchip/xc-dsc/v3.21/bin/bin/../../lib\libc99-elf.a(toupper.EP_o)
 .comment           0x1918         0x58 c:/program files/microchip/xc-dsc/v3.21/bin/bin/../../lib\libc99-elf.a(isxdigit.EP_o)
 .comment           0x1970         0x58 c:/program files/microchip/xc-dsc/v3.21/bin/bin/../../lib\libc99-elf.a(__io_rw_needed.EP_lo)
 .comment           0x19c8         0x58 c:/program files/microchip/xc-dsc/v3.21/bin/bin/../../lib\libc99-elf.a(__fopen_rw.EP_o)
 .comment           0x1a20         0x58 c:/program files/microchip/xc-dsc/v3.21/bin/bin/../../lib\libc99-elf.a(__ftello_rw.EP_o)
 .comment           0x1a78         0x58 c:/program files/microchip/xc-dsc/v3.21/bin/bin/../../lib\libc99-elf.a(__out.EP_o)
 .comment           0x1ad0         0x58 c:/program files/microchip/xc-dsc/v3.21/bin/bin/../../lib\libc99-elf.a(__stdio_close.EP_o)
 .comment           0x1b28         0x58 c:/program files/microchip/xc-dsc/v3.21/bin/bin/../../lib\libc99-elf.a(__stdio_read.EP_o)
 .comment           0x1b80         0x58 c:/program files/microchip/xc-dsc/v3.21/bin/bin/../../lib\libc99-elf.a(__stdio_seek.EP_o)
 .comment           0x1bd8         0x58 c:/program files/microchip/xc-dsc/v3.21/bin/bin/../../lib\libc99-elf.a(__towrite_rw.EP_o)
 .comment           0x1c30         0x58 c:/program files/microchip/xc-dsc/v3.21/bin/bin/../../lib\libc99-elf.a(readv.EP_o)
 .comment           0x1c88         0x58 c:/program files/microchip/xc-dsc/v3.21/bin/bin/../../lib\libc99-elf.a(__push_float.EP_lo)
 .comment           0x1ce0         0x58 c:/program files/microchip/xc-dsc/v3.21/bin/bin/../../lib\libc99-elf.a(__push_int.EP_lo)
 .comment           0x1d38         0x58 c:/program files/microchip/xc-dsc/v3.21/bin/bin/../../lib\libc99-elf.a(stpcpy.EP_o)
 .comment           0x1d90         0x58 c:/program files/microchip/xc-dsc/v3.21/bin/bin/../../lib\libc99-elf.a(__io_buf_needed.EP_o)
 .comment           0x1de8         0x58 c:/program files/microchip/xc-dsc/v3.21/bin/bin/../../lib\libc99-elf.a(__fclose.EP_o)
 .comment           0x1e40         0x58 c:/program files/microchip/xc-dsc/v3.21/bin/bin/../../lib\libc99-elf.a(__fseeko.EP_o)
 .comment           0x1e98         0x58 c:/program files/microchip/xc-dsc/v3.21/bin/bin/../../lib\libc99-elf.a(__ftello.EP_o)
 .comment           0x1ef0         0x58 c:/program files/microchip/xc-dsc/v3.21/bin/bin/../../lib\libc99-elf.a(__putc.EP_o)
 .comment           0x1f48         0x58 c:/program files/microchip/xc-dsc/v3.21/bin/bin/../../lib\libc99-elf.a(putc.EP_o)
 .comment           0x1fa0         0x58 c:/program files/microchip/xc-dsc/v3.21/bin/bin/../../lib\libc99-elf.a(__overflow.EP_o)
 .comment           0x1ff8         0x58 c:/program files/microchip/xc-dsc/v3.21/bin/bin/../../lib\libc99-elf.a(__towrite.EP_o)
 .comment           0x2050         0x58 c:/program files/microchip/xc-dsc/v3.21/bin/bin/../../lib\libc99-elf.a(lseek.EP_o)
 .comment           0x20a8         0x58 c:/program files/microchip/xc-dsc/v3.21/bin/bin/../../lib\libc99-elf.a(__io_file_needed.EP_o)
 .comment           0x2100         0x58 c:/program files/microchip/xc-dsc/v3.21/bin/bin/../../lib\libc99-elf.a(__io_std_needed.EP_o)
 .comment           0x2158         0x58 c:/program files/microchip/xc-dsc/v3.21/bin/bin/../../lib\libc99-elf.a(__fopen.EP_o)
 .comment           0x21b0         0x58 c:/program files/microchip/xc-dsc/v3.21/bin/bin/../../lib\libc99-elf.a(__fwrite.EP_o)
 .comment           0x2208         0x58 c:/program files/microchip/xc-dsc/v3.21/bin/bin/../../lib\libc99-elf.a(__stderr.EP_o)
 .comment           0x2260         0x58 c:/program files/microchip/xc-dsc/v3.21/bin/bin/../../lib\libc99-elf.a(__stdout.EP_o)
 .comment           0x22b8         0x58 c:/program files/microchip/xc-dsc/v3.21/bin/bin/../../lib\libc99-elf.a(syscall_ret.EP_o)
 .comment           0x2310         0x58 c:/program files/microchip/xc-dsc/v3.21/bin/bin/../../lib\libc99-elf.a(__io_init_needed.EP_o)
 .comment           0x2368         0x58 c:/program files/microchip/xc-dsc/v3.21/bin/bin/../../lib\libc99-elf.a(__init_stdio.EP_o)
 .comment           0x23c0         0x58 c:/program files/microchip/xc-dsc/v3.21/bin/bin/../../lib\libc99-pic30-elf.a(read.EPMeo)
 .comment           0x2418         0x58 c:/program files/microchip/xc-dsc/v3.21/bin/bin/../../lib\libc99-pic30-elf.a(close.EPMeo)
 .comment           0x2470         0x58 c:/program files/microchip/xc-dsc/v3.21/bin/bin/../../lib\libc99-pic30-elf.a(write.EPMeo)
 .comment           0x24c8         0x58 c:/program files/microchip/xc-dsc/v3.21/bin/bin/../../lib\libc99-pic30-elf.a(sbrk.EPMeo)
 .comment           0x2520         0x58 c:/program files/microchip/xc-dsc/v3.21/bin/bin/../../lib\libc99-pic30-elf.a(divby10di.EPMeo)
 .comment           0x2578         0x58 c:/program files/microchip/xc-dsc/v3.21/bin/bin/../../lib\libc99-pic30-elf.a(modby10di.EPMeo)
 .comment           0x25d0         0x58 c:/program files/microchip/xc-dsc/v3.21/bin/bin/../../lib\libc99-pic30-elf.a(divmoddi3.EP_o)
 .comment           0x2628         0x58 c:/program files/microchip/xc-dsc/v3.21/bin/bin/../../lib\libc99-pic30-elf.a(muldi3.EP_o)
 .comment           0x2680         0x58 c:/program files/microchip/xc-dsc/v3.21/bin/bin/../../lib\libc99-pic30-elf.a(c30_uart.EPMeo)
 .comment           0x26d8         0x58 c:/program files/microchip/xc-dsc/v3.21/bin/bin/../../lib\libc99-pic30-elf.a(brk.EPMeo)
 .comment           0x2730         0x58 c:/program files/microchip/xc-dsc/v3.21/bin/bin/../../lib\libm-elf.a(copysignl.EP_o)
 .comment           0x2788         0x58 c:/program files/microchip/xc-dsc/v3.21/bin/bin/../../lib\libm-elf.a(fabsl.EP_o)
 .comment           0x27e0         0x58 c:/program files/microchip/xc-dsc/v3.21/bin/bin/../../lib\libm-elf.a(floorl.EP_o)
 .comment           0x2838         0x58 c:/program files/microchip/xc-dsc/v3.21/bin/bin/../../lib\libm-elf.a(fmodl.EP_o)
 .comment           0x2890         0x58 c:/program files/microchip/xc-dsc/v3.21/bin/bin/../../lib\libm-elf.a(scalbnf.EP_o)
 .comment           0x28e8         0x58 c:/program files/microchip/xc-dsc/v3.21/bin/bin/../../lib\libm-elf.a(scalbnl.EP_o)

.debug_info         0x0000      0x167e8
 *(.debug_info)
 .debug_info        0x0000         0x26 build/default/production/mcc_generated_files/where_was_i.o
 .debug_info        0x0026        0xa75 build/default/production/mcc_generated_files/pin_manager.o
 .debug_info        0x0a9b        0x6b1 build/default/production/mcc_generated_files/traps.o
 .debug_info        0x114c        0x562 build/default/production/mcc_generated_files/reset.o
 .debug_info        0x16ae        0x43e build/default/production/mcc_generated_files/clock.o
 .debug_info        0x1aec        0x906 build/default/production/mcc_generated_files/interrupt_manager.o
 .debug_info        0x23f2        0xa55 build/default/production/mcc_generated_files/system.o
 .debug_info        0x2e47         0x26 build/default/production/flash.o
 .debug_info        0x2e6d        0x94e build/default/production/mcc_generated_files/tmr1.o
 .debug_info        0x37bb       0x128f build/default/production/mcc_generated_files/uart1.o
 .debug_info        0x4a4a       0x1366 build/default/production/mcc_generated_files/adc1.o
 .debug_info        0x5db0        0xc4f build/default/production/main.o
 .debug_info        0x69ff       0x2345 build/default/production/nvmpic.o
 .debug_info        0x8d44       0x4515 build/default/production/commands.o
 .debug_info        0xd259       0x2c4b build/default/production/PM.o
 .debug_info        0xfea4       0x1c04 build/default/production/parameters.o
 .debug_info        0x11aa8        0x391 build/default/production/mcc_generated_files/parser.o
 .debug_info        0x11e39        0x9d1 build/default/production/mcc_generated_files/gpios.o
 .debug_info        0x1280a       0x2abf build/default/production/can1.o
 .debug_info        0x152c9        0x9ef build/default/production/delay.o
 .debug_info        0x15cb8        0x4a8 build/default/production/led.o
 .debug_info        0x16160         0x26 c:/program files/microchip/xc-dsc/v3.21/bin/bin/../../lib\libc99-pic30-elf.a(feqltle.EP_o)
 .debug_info        0x16186         0x26 c:/program files/microchip/xc-dsc/v3.21/bin/bin/../../lib\libc99-pic30-elf.a(fgtge.EP_o)
 .debug_info        0x161ac         0x26 c:/program files/microchip/xc-dsc/v3.21/bin/bin/../../lib\libc99-pic30-elf.a(fixunssfsi.EP_o)
 .debug_info        0x161d2         0x26 c:/program files/microchip/xc-dsc/v3.21/bin/bin/../../lib\libc99-pic30-elf.a(floatsisf.EP_o)
 .debug_info        0x161f8         0x26 c:/program files/microchip/xc-dsc/v3.21/bin/bin/../../lib\libc99-pic30-elf.a(floatunsisf.EP_o)
 .debug_info        0x1621e         0x26 c:/program files/microchip/xc-dsc/v3.21/bin/bin/../../lib\libc99-pic30-elf.a(funpack.EP_o)
 .debug_info        0x16244         0x26 c:/program files/microchip/xc-dsc/v3.21/bin/bin/../../lib\libc99-pic30-elf.a(udivsi3.EP_o)
 .debug_info        0x1626a         0x26 c:/program files/microchip/xc-dsc/v3.21/bin/bin/../../lib\libc99-pic30-elf.a(addsf3x.EP_o)
 .debug_info        0x16290         0x26 c:/program files/microchip/xc-dsc/v3.21/bin/bin/../../lib\libc99-pic30-elf.a(divsf3x.EP_o)
 .debug_info        0x162b6         0x26 c:/program files/microchip/xc-dsc/v3.21/bin/bin/../../lib\libc99-pic30-elf.a(mulsf3x.EP_o)
 .debug_info        0x162dc         0x26 c:/program files/microchip/xc-dsc/v3.21/bin/bin/../../lib\libc99-pic30-elf.a(dnrmpackfx.EP_o)
 .debug_info        0x16302         0x26 c:/program files/microchip/xc-dsc/v3.21/bin/bin/../../lib\libc99-pic30-elf.a(unpackdnrmfx.EP_o)
 .debug_info        0x16328         0x26 c:/program files/microchip/xc-dsc/v3.21/bin/bin/../../lib\libc99-pic30-elf.a(typefx.EP_o)
 .debug_info        0x1634e         0x26 c:/program files/microchip/xc-dsc/v3.21/bin/bin/../../lib\libc99-pic30-elf.a(propnanfx.EP_o)
 .debug_info        0x16374         0x26 c:/program files/microchip/xc-dsc/v3.21/bin/bin/../../lib\libc99-pic30-elf.a(spackfx.EP_o)
 .debug_info        0x1639a         0x26 c:/program files/microchip/xc-dsc/v3.21/bin/bin/../../lib\libc99-pic30-elf.a(unpackfx.EP_o)
 .debug_info        0x163c0         0x26 c:/program files/microchip/xc-dsc/v3.21/bin/bin/../../lib\libc99-pic30-elf.a(fcompare.EP_o)
 .debug_info        0x163e6         0x26 c:/program files/microchip/xc-dsc/v3.21/bin/bin/../../lib\libc99-pic30-elf.a(floatdisf.EP_o)
 .debug_info        0x1640c         0x26 c:/program files/microchip/xc-dsc/v3.21/bin/bin/../../lib\libc99-pic30-elf.a(floatundisf.EP_o)
 .debug_info        0x16432         0x26 c:/program files/microchip/xc-dsc/v3.21/bin/bin/../../lib\libc99-pic30-elf.a(fpack.EP_o)
 .debug_info        0x16458         0x26 c:/program files/microchip/xc-dsc/v3.21/bin/bin/../../lib\libc99-pic30-elf.a(funpack2.EP_o)
 .debug_info        0x1647e         0x26 c:/program files/microchip/xc-dsc/v3.21/bin/bin/../../lib\libc99-pic30-elf.a(deqltle.EP_o)
 .debug_info        0x164a4         0x26 c:/program files/microchip/xc-dsc/v3.21/bin/bin/../../lib\libc99-pic30-elf.a(dgtge.EP_o)
 .debug_info        0x164ca         0x26 c:/program files/microchip/xc-dsc/v3.21/bin/bin/../../lib\libc99-pic30-elf.a(divsi3.EP_o)
 .debug_info        0x164f0         0x26 c:/program files/microchip/xc-dsc/v3.21/bin/bin/../../lib\libc99-pic30-elf.a(dne.EP_o)
 .debug_info        0x16516         0x26 c:/program files/microchip/xc-dsc/v3.21/bin/bin/../../lib\libc99-pic30-elf.a(extendsfdf.EP_o)
 .debug_info        0x1653c         0x26 c:/program files/microchip/xc-dsc/v3.21/bin/bin/../../lib\libc99-pic30-elf.a(fixdfsi.EP_o)
 .debug_info        0x16562         0x26 c:/program files/microchip/xc-dsc/v3.21/bin/bin/../../lib\libc99-pic30-elf.a(floatsidf.EP_o)
 .debug_info        0x16588         0x26 c:/program files/microchip/xc-dsc/v3.21/bin/bin/../../lib\libc99-pic30-elf.a(floatunsidf.EP_o)
 .debug_info        0x165ae         0x26 c:/program files/microchip/xc-dsc/v3.21/bin/bin/../../lib\libc99-pic30-elf.a(truncdfsf.EP_o)
 .debug_info        0x165d4         0x26 c:/program files/microchip/xc-dsc/v3.21/bin/bin/../../lib\libc99-pic30-elf.a(umodsi3.EP_o)
 .debug_info        0x165fa         0x26 c:/program files/microchip/xc-dsc/v3.21/bin/bin/../../lib\libc99-pic30-elf.a(dpadd.EP_o)
 .debug_info        0x16620         0x26 c:/program files/microchip/xc-dsc/v3.21/bin/bin/../../lib\libc99-pic30-elf.a(dpdiv.EP_o)
 .debug_info        0x16646         0x26 c:/program files/microchip/xc-dsc/v3.21/bin/bin/../../lib\libc99-pic30-elf.a(dpmul.EP_o)
 .debug_info        0x1666c         0x26 c:/program files/microchip/xc-dsc/v3.21/bin/bin/../../lib\libc99-pic30-elf.a(dpsubs.EP_o)
 .debug_info        0x16692         0x26 c:/program files/microchip/xc-dsc/v3.21/bin/bin/../../lib\libc99-pic30-elf.a(dcompare.EP_o)
 .debug_info        0x166b8         0x26 c:/program files/microchip/xc-dsc/v3.21/bin/bin/../../lib\libc99-pic30-elf.a(dtype.EP_o)
 .debug_info        0x166de         0x26 c:/program files/microchip/xc-dsc/v3.21/bin/bin/../../lib\libc99-pic30-elf.a(dunpack.EP_o)
 .debug_info        0x16704         0x26 c:/program files/microchip/xc-dsc/v3.21/bin/bin/../../lib\libc99-pic30-elf.a(dunpack2.EP_o)
 .debug_info        0x1672a         0x26 c:/program files/microchip/xc-dsc/v3.21/bin/bin/../../lib\libc99-pic30-elf.a(floatdidf.EP_o)
 .debug_info        0x16750         0x26 c:/program files/microchip/xc-dsc/v3.21/bin/bin/../../lib\libc99-pic30-elf.a(floatundidf.EP_o)
 .debug_info        0x16776         0x26 c:/program files/microchip/xc-dsc/v3.21/bin/bin/../../lib\libc99-pic30-elf.a(dpack.EP_o)
 .debug_info        0x1679c         0x26 c:/program files/microchip/xc-dsc/v3.21/bin/bin/../../lib\libc99-pic30-elf.a(dpropagateNaN.EP_o)
 .debug_info        0x167c2         0x26 c:/program files/microchip/xc-dsc/v3.21/bin/bin/../../lib\libc99-pic30-elf.a(umuldi3.EP_o)
 *(.gnu.linkonce.wi.*)

.debug_abbrev       0x0000       0x2478
 *(.debug_abbrev)
 .debug_abbrev      0x0000         0x14 build/default/production/mcc_generated_files/where_was_i.o
 .debug_abbrev      0x0014         0xd4 build/default/production/mcc_generated_files/pin_manager.o
 .debug_abbrev      0x00e8        0x13d build/default/production/mcc_generated_files/traps.o
 .debug_abbrev      0x0225        0x12a build/default/production/mcc_generated_files/reset.o
 .debug_abbrev      0x034f         0xc9 build/default/production/mcc_generated_files/clock.o
 .debug_abbrev      0x0418         0xc9 build/default/production/mcc_generated_files/interrupt_manager.o
 .debug_abbrev      0x04e1        0x120 build/default/production/mcc_generated_files/system.o
 .debug_abbrev      0x0601         0x14 build/default/production/flash.o
 .debug_abbrev      0x0615        0x1c3 build/default/production/mcc_generated_files/tmr1.o
 .debug_abbrev      0x07d8        0x248 build/default/production/mcc_generated_files/uart1.o
 .debug_abbrev      0x0a20        0x17f build/default/production/mcc_generated_files/adc1.o
 .debug_abbrev      0x0b9f        0x177 build/default/production/main.o
 .debug_abbrev      0x0d16        0x33b build/default/production/nvmpic.o
 .debug_abbrev      0x1051        0x35a build/default/production/commands.o
 .debug_abbrev      0x13ab        0x2ba build/default/production/PM.o
 .debug_abbrev      0x1665        0x28b build/default/production/parameters.o
 .debug_abbrev      0x18f0         0xe9 build/default/production/mcc_generated_files/parser.o
 .debug_abbrev      0x19d9        0x182 build/default/production/mcc_generated_files/gpios.o
 .debug_abbrev      0x1b5b        0x300 build/default/production/can1.o
 .debug_abbrev      0x1e5b        0x199 build/default/production/delay.o
 .debug_abbrev      0x1ff4        0x114 build/default/production/led.o
 .debug_abbrev      0x2108         0x14 c:/program files/microchip/xc-dsc/v3.21/bin/bin/../../lib\libc99-pic30-elf.a(feqltle.EP_o)
 .debug_abbrev      0x211c         0x14 c:/program files/microchip/xc-dsc/v3.21/bin/bin/../../lib\libc99-pic30-elf.a(fgtge.EP_o)
 .debug_abbrev      0x2130         0x14 c:/program files/microchip/xc-dsc/v3.21/bin/bin/../../lib\libc99-pic30-elf.a(fixunssfsi.EP_o)
 .debug_abbrev      0x2144         0x14 c:/program files/microchip/xc-dsc/v3.21/bin/bin/../../lib\libc99-pic30-elf.a(floatsisf.EP_o)
 .debug_abbrev      0x2158         0x14 c:/program files/microchip/xc-dsc/v3.21/bin/bin/../../lib\libc99-pic30-elf.a(floatunsisf.EP_o)
 .debug_abbrev      0x216c         0x14 c:/program files/microchip/xc-dsc/v3.21/bin/bin/../../lib\libc99-pic30-elf.a(funpack.EP_o)
 .debug_abbrev      0x2180         0x14 c:/program files/microchip/xc-dsc/v3.21/bin/bin/../../lib\libc99-pic30-elf.a(udivsi3.EP_o)
 .debug_abbrev      0x2194         0x14 c:/program files/microchip/xc-dsc/v3.21/bin/bin/../../lib\libc99-pic30-elf.a(addsf3x.EP_o)
 .debug_abbrev      0x21a8         0x14 c:/program files/microchip/xc-dsc/v3.21/bin/bin/../../lib\libc99-pic30-elf.a(divsf3x.EP_o)
 .debug_abbrev      0x21bc         0x14 c:/program files/microchip/xc-dsc/v3.21/bin/bin/../../lib\libc99-pic30-elf.a(mulsf3x.EP_o)
 .debug_abbrev      0x21d0         0x14 c:/program files/microchip/xc-dsc/v3.21/bin/bin/../../lib\libc99-pic30-elf.a(dnrmpackfx.EP_o)
 .debug_abbrev      0x21e4         0x14 c:/program files/microchip/xc-dsc/v3.21/bin/bin/../../lib\libc99-pic30-elf.a(unpackdnrmfx.EP_o)
 .debug_abbrev      0x21f8         0x14 c:/program files/microchip/xc-dsc/v3.21/bin/bin/../../lib\libc99-pic30-elf.a(typefx.EP_o)
 .debug_abbrev      0x220c         0x14 c:/program files/microchip/xc-dsc/v3.21/bin/bin/../../lib\libc99-pic30-elf.a(propnanfx.EP_o)
 .debug_abbrev      0x2220         0x14 c:/program files/microchip/xc-dsc/v3.21/bin/bin/../../lib\libc99-pic30-elf.a(spackfx.EP_o)
 .debug_abbrev      0x2234         0x14 c:/program files/microchip/xc-dsc/v3.21/bin/bin/../../lib\libc99-pic30-elf.a(unpackfx.EP_o)
 .debug_abbrev      0x2248         0x14 c:/program files/microchip/xc-dsc/v3.21/bin/bin/../../lib\libc99-pic30-elf.a(fcompare.EP_o)
 .debug_abbrev      0x225c         0x14 c:/program files/microchip/xc-dsc/v3.21/bin/bin/../../lib\libc99-pic30-elf.a(floatdisf.EP_o)
 .debug_abbrev      0x2270         0x14 c:/program files/microchip/xc-dsc/v3.21/bin/bin/../../lib\libc99-pic30-elf.a(floatundisf.EP_o)
 .debug_abbrev      0x2284         0x14 c:/program files/microchip/xc-dsc/v3.21/bin/bin/../../lib\libc99-pic30-elf.a(fpack.EP_o)
 .debug_abbrev      0x2298         0x14 c:/program files/microchip/xc-dsc/v3.21/bin/bin/../../lib\libc99-pic30-elf.a(funpack2.EP_o)
 .debug_abbrev      0x22ac         0x14 c:/program files/microchip/xc-dsc/v3.21/bin/bin/../../lib\libc99-pic30-elf.a(deqltle.EP_o)
 .debug_abbrev      0x22c0         0x14 c:/program files/microchip/xc-dsc/v3.21/bin/bin/../../lib\libc99-pic30-elf.a(dgtge.EP_o)
 .debug_abbrev      0x22d4         0x14 c:/program files/microchip/xc-dsc/v3.21/bin/bin/../../lib\libc99-pic30-elf.a(divsi3.EP_o)
 .debug_abbrev      0x22e8         0x14 c:/program files/microchip/xc-dsc/v3.21/bin/bin/../../lib\libc99-pic30-elf.a(dne.EP_o)
 .debug_abbrev      0x22fc         0x14 c:/program files/microchip/xc-dsc/v3.21/bin/bin/../../lib\libc99-pic30-elf.a(extendsfdf.EP_o)
 .debug_abbrev      0x2310         0x14 c:/program files/microchip/xc-dsc/v3.21/bin/bin/../../lib\libc99-pic30-elf.a(fixdfsi.EP_o)
 .debug_abbrev      0x2324         0x14 c:/program files/microchip/xc-dsc/v3.21/bin/bin/../../lib\libc99-pic30-elf.a(floatsidf.EP_o)
 .debug_abbrev      0x2338         0x14 c:/program files/microchip/xc-dsc/v3.21/bin/bin/../../lib\libc99-pic30-elf.a(floatunsidf.EP_o)
 .debug_abbrev      0x234c         0x14 c:/program files/microchip/xc-dsc/v3.21/bin/bin/../../lib\libc99-pic30-elf.a(truncdfsf.EP_o)
 .debug_abbrev      0x2360         0x14 c:/program files/microchip/xc-dsc/v3.21/bin/bin/../../lib\libc99-pic30-elf.a(umodsi3.EP_o)
 .debug_abbrev      0x2374         0x14 c:/program files/microchip/xc-dsc/v3.21/bin/bin/../../lib\libc99-pic30-elf.a(dpadd.EP_o)
 .debug_abbrev      0x2388         0x14 c:/program files/microchip/xc-dsc/v3.21/bin/bin/../../lib\libc99-pic30-elf.a(dpdiv.EP_o)
 .debug_abbrev      0x239c         0x14 c:/program files/microchip/xc-dsc/v3.21/bin/bin/../../lib\libc99-pic30-elf.a(dpmul.EP_o)
 .debug_abbrev      0x23b0         0x14 c:/program files/microchip/xc-dsc/v3.21/bin/bin/../../lib\libc99-pic30-elf.a(dpsubs.EP_o)
 .debug_abbrev      0x23c4         0x14 c:/program files/microchip/xc-dsc/v3.21/bin/bin/../../lib\libc99-pic30-elf.a(dcompare.EP_o)
 .debug_abbrev      0x23d8         0x14 c:/program files/microchip/xc-dsc/v3.21/bin/bin/../../lib\libc99-pic30-elf.a(dtype.EP_o)
 .debug_abbrev      0x23ec         0x14 c:/program files/microchip/xc-dsc/v3.21/bin/bin/../../lib\libc99-pic30-elf.a(dunpack.EP_o)
 .debug_abbrev      0x2400         0x14 c:/program files/microchip/xc-dsc/v3.21/bin/bin/../../lib\libc99-pic30-elf.a(dunpack2.EP_o)
 .debug_abbrev      0x2414         0x14 c:/program files/microchip/xc-dsc/v3.21/bin/bin/../../lib\libc99-pic30-elf.a(floatdidf.EP_o)
 .debug_abbrev      0x2428         0x14 c:/program files/microchip/xc-dsc/v3.21/bin/bin/../../lib\libc99-pic30-elf.a(floatundidf.EP_o)
 .debug_abbrev      0x243c         0x14 c:/program files/microchip/xc-dsc/v3.21/bin/bin/../../lib\libc99-pic30-elf.a(dpack.EP_o)
 .debug_abbrev      0x2450         0x14 c:/program files/microchip/xc-dsc/v3.21/bin/bin/../../lib\libc99-pic30-elf.a(dpropagateNaN.EP_o)
 .debug_abbrev      0x2464         0x14 c:/program files/microchip/xc-dsc/v3.21/bin/bin/../../lib\libc99-pic30-elf.a(umuldi3.EP_o)

.debug_line         0x0000       0x6944
 *(.debug_line)
 .debug_line        0x0000          0x0 build/default/production/mcc_generated_files/mcc.o
 .debug_line        0x0000         0x58 build/default/production/mcc_generated_files/where_was_i.o
 .debug_line        0x0058        0x175 build/default/production/mcc_generated_files/pin_manager.o
 .debug_line        0x01cd        0x1bd build/default/production/mcc_generated_files/traps.o
 .debug_line        0x038a        0x1fa build/default/production/mcc_generated_files/reset.o
 .debug_line        0x0584        0x155 build/default/production/mcc_generated_files/clock.o
 .debug_line        0x06d9        0x145 build/default/production/mcc_generated_files/interrupt_manager.o
 .debug_line        0x081e        0x1c2 build/default/production/mcc_generated_files/system.o
 .debug_line        0x09e0         0xc0 build/default/production/flash.o
 .debug_line        0x0aa0        0x1d5 build/default/production/mcc_generated_files/tmr1.o
 .debug_line        0x0c75        0x36e build/default/production/mcc_generated_files/uart1.o
 .debug_line        0x0fe3        0x21d build/default/production/mcc_generated_files/adc1.o
 .debug_line        0x1200         0xfd build/default/production/main.o
 .debug_line        0x12fd        0xd01 build/default/production/nvmpic.o
 .debug_line        0x1ffe       0x1f12 build/default/production/commands.o
 .debug_line        0x3f10        0x613 build/default/production/PM.o
 .debug_line        0x4523        0x26c build/default/production/parameters.o
 .debug_line        0x478f        0x108 build/default/production/mcc_generated_files/parser.o
 .debug_line        0x4897        0x342 build/default/production/mcc_generated_files/gpios.o
 .debug_line        0x4bd9        0x6f2 build/default/production/can1.o
 .debug_line        0x52cb        0x1a0 build/default/production/delay.o
 .debug_line        0x546b        0x1da build/default/production/led.o
 .debug_line        0x5645         0x3a c:/program files/microchip/xc-dsc/v3.21/bin/bin/../../lib\libc99-pic30-elf.a(feqltle.EP_o)
 .debug_line        0x567f         0x38 c:/program files/microchip/xc-dsc/v3.21/bin/bin/../../lib\libc99-pic30-elf.a(fgtge.EP_o)
 .debug_line        0x56b7         0x56 c:/program files/microchip/xc-dsc/v3.21/bin/bin/../../lib\libc99-pic30-elf.a(fixunssfsi.EP_o)
 .debug_line        0x570d         0x3d c:/program files/microchip/xc-dsc/v3.21/bin/bin/../../lib\libc99-pic30-elf.a(floatsisf.EP_o)
 .debug_line        0x574a         0x3e c:/program files/microchip/xc-dsc/v3.21/bin/bin/../../lib\libc99-pic30-elf.a(floatunsisf.EP_o)
 .debug_line        0x5788         0x4d c:/program files/microchip/xc-dsc/v3.21/bin/bin/../../lib\libc99-pic30-elf.a(funpack.EP_o)
 .debug_line        0x57d5         0x48 c:/program files/microchip/xc-dsc/v3.21/bin/bin/../../lib\libc99-pic30-elf.a(udivsi3.EP_o)
 .debug_line        0x581d        0x145 c:/program files/microchip/xc-dsc/v3.21/bin/bin/../../lib\libc99-pic30-elf.a(addsf3x.EP_o)
 .debug_line        0x5962        0x130 c:/program files/microchip/xc-dsc/v3.21/bin/bin/../../lib\libc99-pic30-elf.a(divsf3x.EP_o)
 .debug_line        0x5a92         0xcf c:/program files/microchip/xc-dsc/v3.21/bin/bin/../../lib\libc99-pic30-elf.a(mulsf3x.EP_o)
 .debug_line        0x5b61         0x75 c:/program files/microchip/xc-dsc/v3.21/bin/bin/../../lib\libc99-pic30-elf.a(dnrmpackfx.EP_o)
 .debug_line        0x5bd6         0x7d c:/program files/microchip/xc-dsc/v3.21/bin/bin/../../lib\libc99-pic30-elf.a(unpackdnrmfx.EP_o)
 .debug_line        0x5c53         0x61 c:/program files/microchip/xc-dsc/v3.21/bin/bin/../../lib\libc99-pic30-elf.a(typefx.EP_o)
 .debug_line        0x5cb4         0x54 c:/program files/microchip/xc-dsc/v3.21/bin/bin/../../lib\libc99-pic30-elf.a(propnanfx.EP_o)
 .debug_line        0x5d08         0x9b c:/program files/microchip/xc-dsc/v3.21/bin/bin/../../lib\libc99-pic30-elf.a(spackfx.EP_o)
 .debug_line        0x5da3         0x7c c:/program files/microchip/xc-dsc/v3.21/bin/bin/../../lib\libc99-pic30-elf.a(unpackfx.EP_o)
 .debug_line        0x5e1f         0x56 c:/program files/microchip/xc-dsc/v3.21/bin/bin/../../lib\libc99-pic30-elf.a(fcompare.EP_o)
 .debug_line        0x5e75         0x4a c:/program files/microchip/xc-dsc/v3.21/bin/bin/../../lib\libc99-pic30-elf.a(floatdisf.EP_o)
 .debug_line        0x5ebf         0x73 c:/program files/microchip/xc-dsc/v3.21/bin/bin/../../lib\libc99-pic30-elf.a(floatundisf.EP_o)
 .debug_line        0x5f32         0x5d c:/program files/microchip/xc-dsc/v3.21/bin/bin/../../lib\libc99-pic30-elf.a(fpack.EP_o)
 .debug_line        0x5f8f         0x45 c:/program files/microchip/xc-dsc/v3.21/bin/bin/../../lib\libc99-pic30-elf.a(funpack2.EP_o)
 .debug_line        0x5fd4         0x3d c:/program files/microchip/xc-dsc/v3.21/bin/bin/../../lib\libc99-pic30-elf.a(deqltle.EP_o)
 .debug_line        0x6011         0x3b c:/program files/microchip/xc-dsc/v3.21/bin/bin/../../lib\libc99-pic30-elf.a(dgtge.EP_o)
 .debug_line        0x604c         0x46 c:/program files/microchip/xc-dsc/v3.21/bin/bin/../../lib\libc99-pic30-elf.a(divsi3.EP_o)
 .debug_line        0x6092         0x39 c:/program files/microchip/xc-dsc/v3.21/bin/bin/../../lib\libc99-pic30-elf.a(dne.EP_o)
 .debug_line        0x60cb         0x5c c:/program files/microchip/xc-dsc/v3.21/bin/bin/../../lib\libc99-pic30-elf.a(extendsfdf.EP_o)
 .debug_line        0x6127         0x67 c:/program files/microchip/xc-dsc/v3.21/bin/bin/../../lib\libc99-pic30-elf.a(fixdfsi.EP_o)
 .debug_line        0x618e         0x3d c:/program files/microchip/xc-dsc/v3.21/bin/bin/../../lib\libc99-pic30-elf.a(floatsidf.EP_o)
 .debug_line        0x61cb         0x3e c:/program files/microchip/xc-dsc/v3.21/bin/bin/../../lib\libc99-pic30-elf.a(floatunsidf.EP_o)
 .debug_line        0x6209         0x69 c:/program files/microchip/xc-dsc/v3.21/bin/bin/../../lib\libc99-pic30-elf.a(truncdfsf.EP_o)
 .debug_line        0x6272         0x3b c:/program files/microchip/xc-dsc/v3.21/bin/bin/../../lib\libc99-pic30-elf.a(umodsi3.EP_o)
 .debug_line        0x62ad         0xa5 c:/program files/microchip/xc-dsc/v3.21/bin/bin/../../lib\libc99-pic30-elf.a(dpadd.EP_o)
 .debug_line        0x6352        0x103 c:/program files/microchip/xc-dsc/v3.21/bin/bin/../../lib\libc99-pic30-elf.a(dpdiv.EP_o)
 .debug_line        0x6455         0xe1 c:/program files/microchip/xc-dsc/v3.21/bin/bin/../../lib\libc99-pic30-elf.a(dpmul.EP_o)
 .debug_line        0x6536         0xeb c:/program files/microchip/xc-dsc/v3.21/bin/bin/../../lib\libc99-pic30-elf.a(dpsubs.EP_o)
 .debug_line        0x6621         0x66 c:/program files/microchip/xc-dsc/v3.21/bin/bin/../../lib\libc99-pic30-elf.a(dcompare.EP_o)
 .debug_line        0x6687         0x48 c:/program files/microchip/xc-dsc/v3.21/bin/bin/../../lib\libc99-pic30-elf.a(dtype.EP_o)
 .debug_line        0x66cf         0x5f c:/program files/microchip/xc-dsc/v3.21/bin/bin/../../lib\libc99-pic30-elf.a(dunpack.EP_o)
 .debug_line        0x672e         0x54 c:/program files/microchip/xc-dsc/v3.21/bin/bin/../../lib\libc99-pic30-elf.a(dunpack2.EP_o)
 .debug_line        0x6782         0x4a c:/program files/microchip/xc-dsc/v3.21/bin/bin/../../lib\libc99-pic30-elf.a(floatdidf.EP_o)
 .debug_line        0x67cc         0x6b c:/program files/microchip/xc-dsc/v3.21/bin/bin/../../lib\libc99-pic30-elf.a(floatundidf.EP_o)
 .debug_line        0x6837         0x62 c:/program files/microchip/xc-dsc/v3.21/bin/bin/../../lib\libc99-pic30-elf.a(dpack.EP_o)
 .debug_line        0x6899         0x4f c:/program files/microchip/xc-dsc/v3.21/bin/bin/../../lib\libc99-pic30-elf.a(dpropagateNaN.EP_o)
 .debug_line        0x68e8         0x5c c:/program files/microchip/xc-dsc/v3.21/bin/bin/../../lib\libc99-pic30-elf.a(umuldi3.EP_o)

.debug_frame        0x0000       0x1406
 *(.debug_frame)
 .debug_frame       0x0000         0x2e build/default/production/mcc_generated_files/pin_manager.o
 .debug_frame       0x002e        0x136 build/default/production/mcc_generated_files/traps.o
 .debug_frame       0x0164        0x118 build/default/production/mcc_generated_files/reset.o
 .debug_frame       0x027c         0x2e build/default/production/mcc_generated_files/clock.o
 .debug_frame       0x02aa         0x2e build/default/production/mcc_generated_files/interrupt_manager.o
 .debug_frame       0x02d8         0x62 build/default/production/mcc_generated_files/system.o
 .debug_frame       0x033a        0x16e build/default/production/mcc_generated_files/tmr1.o
 .debug_frame       0x04a8        0x1b4 build/default/production/mcc_generated_files/uart1.o
 .debug_frame       0x065c         0xec build/default/production/mcc_generated_files/adc1.o
 .debug_frame       0x0748         0x48 build/default/production/main.o
 .debug_frame       0x0790        0x26a build/default/production/nvmpic.o
 .debug_frame       0x09fa        0x11c build/default/production/commands.o
 .debug_frame       0x0b16        0x338 build/default/production/PM.o
 .debug_frame       0x0e4e        0x1b4 build/default/production/parameters.o
 .debug_frame       0x1002         0x62 build/default/production/mcc_generated_files/parser.o
 .debug_frame       0x1064         0xca build/default/production/mcc_generated_files/gpios.o
 .debug_frame       0x112e        0x18a build/default/production/can1.o
 .debug_frame       0x12b8         0xd2 build/default/production/delay.o
 .debug_frame       0x138a         0x7c build/default/production/led.o

.debug_str          0x0000       0x11fc
 *(.debug_str)
 .debug_str         0x0000          0x0 build/default/production/mcc_generated_files/mcc.o
 .debug_str         0x0000         0x47 build/default/production/mcc_generated_files/where_was_i.o
 .debug_str         0x0047          0xd build/default/production/mcc_generated_files/pin_manager.o
 .debug_str         0x0054          0xd build/default/production/mcc_generated_files/traps.o
 .debug_str         0x0061         0x17 build/default/production/mcc_generated_files/reset.o
 .debug_str         0x0078          0x0 build/default/production/mcc_generated_files/clock.o
 .debug_str         0x0078          0x0 build/default/production/mcc_generated_files/interrupt_manager.o
 .debug_str         0x0078          0xd build/default/production/mcc_generated_files/system.o
 .debug_str         0x0085         0x2d build/default/production/flash.o
 .debug_str         0x00b2          0xd build/default/production/mcc_generated_files/tmr1.o
 .debug_str         0x00bf          0xd build/default/production/mcc_generated_files/uart1.o
 .debug_str         0x00cc          0xd build/default/production/mcc_generated_files/adc1.o
 .debug_str         0x00d9          0xd build/default/production/main.o
 .debug_str         0x00e6         0xa5 build/default/production/nvmpic.o
 .debug_str         0x018b        0x137 build/default/production/commands.o
 .debug_str         0x02c2         0x2b build/default/production/PM.o
 .debug_str         0x02ed         0x5f build/default/production/parameters.o
 .debug_str         0x034c          0xd build/default/production/mcc_generated_files/parser.o
 .debug_str         0x0359         0x14 build/default/production/mcc_generated_files/gpios.o
 .debug_str         0x036d         0x59 build/default/production/can1.o
 .debug_str         0x03c6          0x0 build/default/production/delay.o
 .debug_str         0x03c6          0x0 build/default/production/led.o
 .debug_str         0x03c6         0x4c c:/program files/microchip/xc-dsc/v3.21/bin/bin/../../lib\libc99-pic30-elf.a(feqltle.EP_o)
 .debug_str         0x0412         0x4a c:/program files/microchip/xc-dsc/v3.21/bin/bin/../../lib\libc99-pic30-elf.a(fgtge.EP_o)
 .debug_str         0x045c         0x4f c:/program files/microchip/xc-dsc/v3.21/bin/bin/../../lib\libc99-pic30-elf.a(fixunssfsi.EP_o)
 .debug_str         0x04ab         0x4e c:/program files/microchip/xc-dsc/v3.21/bin/bin/../../lib\libc99-pic30-elf.a(floatsisf.EP_o)
 .debug_str         0x04f9         0x50 c:/program files/microchip/xc-dsc/v3.21/bin/bin/../../lib\libc99-pic30-elf.a(floatunsisf.EP_o)
 .debug_str         0x0549         0x4c c:/program files/microchip/xc-dsc/v3.21/bin/bin/../../lib\libc99-pic30-elf.a(funpack.EP_o)
 .debug_str         0x0595         0x4c c:/program files/microchip/xc-dsc/v3.21/bin/bin/../../lib\libc99-pic30-elf.a(udivsi3.EP_o)
 .debug_str         0x05e1         0x5c c:/program files/microchip/xc-dsc/v3.21/bin/bin/../../lib\libc99-pic30-elf.a(addsf3x.EP_o)
 .debug_str         0x063d         0x5c c:/program files/microchip/xc-dsc/v3.21/bin/bin/../../lib\libc99-pic30-elf.a(divsf3x.EP_o)
 .debug_str         0x0699         0x5c c:/program files/microchip/xc-dsc/v3.21/bin/bin/../../lib\libc99-pic30-elf.a(mulsf3x.EP_o)
 .debug_str         0x06f5         0x5f c:/program files/microchip/xc-dsc/v3.21/bin/bin/../../lib\libc99-pic30-elf.a(dnrmpackfx.EP_o)
 .debug_str         0x0754         0x61 c:/program files/microchip/xc-dsc/v3.21/bin/bin/../../lib\libc99-pic30-elf.a(unpackdnrmfx.EP_o)
 .debug_str         0x07b5         0x5b c:/program files/microchip/xc-dsc/v3.21/bin/bin/../../lib\libc99-pic30-elf.a(typefx.EP_o)
 .debug_str         0x0810         0x5e c:/program files/microchip/xc-dsc/v3.21/bin/bin/../../lib\libc99-pic30-elf.a(propnanfx.EP_o)
 .debug_str         0x086e         0x5c c:/program files/microchip/xc-dsc/v3.21/bin/bin/../../lib\libc99-pic30-elf.a(spackfx.EP_o)
 .debug_str         0x08ca         0x5d c:/program files/microchip/xc-dsc/v3.21/bin/bin/../../lib\libc99-pic30-elf.a(unpackfx.EP_o)
 .debug_str         0x0927         0x4d c:/program files/microchip/xc-dsc/v3.21/bin/bin/../../lib\libc99-pic30-elf.a(fcompare.EP_o)
 .debug_str         0x0974         0x4e c:/program files/microchip/xc-dsc/v3.21/bin/bin/../../lib\libc99-pic30-elf.a(floatdisf.EP_o)
 .debug_str         0x09c2         0x50 c:/program files/microchip/xc-dsc/v3.21/bin/bin/../../lib\libc99-pic30-elf.a(floatundisf.EP_o)
 .debug_str         0x0a12         0x4a c:/program files/microchip/xc-dsc/v3.21/bin/bin/../../lib\libc99-pic30-elf.a(fpack.EP_o)
 .debug_str         0x0a5c         0x4d c:/program files/microchip/xc-dsc/v3.21/bin/bin/../../lib\libc99-pic30-elf.a(funpack2.EP_o)
 .debug_str         0x0aa9         0x4c c:/program files/microchip/xc-dsc/v3.21/bin/bin/../../lib\libc99-pic30-elf.a(deqltle.EP_o)
 .debug_str         0x0af5         0x4a c:/program files/microchip/xc-dsc/v3.21/bin/bin/../../lib\libc99-pic30-elf.a(dgtge.EP_o)
 .debug_str         0x0b3f         0x4b c:/program files/microchip/xc-dsc/v3.21/bin/bin/../../lib\libc99-pic30-elf.a(divsi3.EP_o)
 .debug_str         0x0b8a         0x48 c:/program files/microchip/xc-dsc/v3.21/bin/bin/../../lib\libc99-pic30-elf.a(dne.EP_o)
 .debug_str         0x0bd2         0x4f c:/program files/microchip/xc-dsc/v3.21/bin/bin/../../lib\libc99-pic30-elf.a(extendsfdf.EP_o)
 .debug_str         0x0c21         0x4c c:/program files/microchip/xc-dsc/v3.21/bin/bin/../../lib\libc99-pic30-elf.a(fixdfsi.EP_o)
 .debug_str         0x0c6d         0x4e c:/program files/microchip/xc-dsc/v3.21/bin/bin/../../lib\libc99-pic30-elf.a(floatsidf.EP_o)
 .debug_str         0x0cbb         0x50 c:/program files/microchip/xc-dsc/v3.21/bin/bin/../../lib\libc99-pic30-elf.a(floatunsidf.EP_o)
 .debug_str         0x0d0b         0x4e c:/program files/microchip/xc-dsc/v3.21/bin/bin/../../lib\libc99-pic30-elf.a(truncdfsf.EP_o)
 .debug_str         0x0d59         0x4c c:/program files/microchip/xc-dsc/v3.21/bin/bin/../../lib\libc99-pic30-elf.a(umodsi3.EP_o)
 .debug_str         0x0da5         0x68 c:/program files/microchip/xc-dsc/v3.21/bin/bin/../../lib\libc99-pic30-elf.a(dpadd.EP_o)